<?xml version="1.0"?>
<link_info>
   <banner>TMS320C55x Linker PC v4.4.1</banner>
   <copyright>Copyright (c) 1996-2012 Texas Instruments Incorporated</copyright>
   <link_time>0x535a905d</link_time>
   <output_file>bioshwi.out</output_file>
   <entry_point>
      <name>_c_int00</name>
      <address>0x82dd</address>
   </entry_point>
   <input_file_list>
      <input_file id="fl-a">
         <path>.\</path>
         <kind>object</kind>
         <file>tskcfg_c.obj</file>
         <name>tskcfg_c.obj</name>
      </input_file>
      <input_file id="fl-b">
         <path>.\</path>
         <kind>object</kind>
         <file>tskcfg.obj</file>
         <name>tskcfg.obj</name>
      </input_file>
      <input_file id="fl-c">
         <path>.\</path>
         <kind>object</kind>
         <file>nco.obj</file>
         <name>nco.obj</name>
      </input_file>
      <input_file id="fl-d">
         <path>.\</path>
         <kind>object</kind>
         <file>main.obj</file>
         <name>main.obj</name>
      </input_file>
      <input_file id="fl-e">
         <path>.\</path>
         <kind>object</kind>
         <file>i2s.obj</file>
         <name>i2s.obj</name>
      </input_file>
      <input_file id="fl-f">
         <path>.\</path>
         <kind>object</kind>
         <file>dma.obj</file>
         <name>dma.obj</name>
      </input_file>
      <input_file id="fl-10">
         <path>.\</path>
         <kind>object</kind>
         <file>aic3204.obj</file>
         <name>aic3204.obj</name>
      </input_file>
      <input_file id="fl-28">
         <path>E:\Apps\Texas Instruments\bios_5_42_01_09\packages\ti\bios\lib\</path>
         <kind>archive</kind>
         <file>bios.a55L</file>
         <name>fxn.o55L</name>
      </input_file>
      <input_file id="fl-29">
         <path>E:\Apps\Texas Instruments\bios_5_42_01_09\packages\ti\bios\lib\</path>
         <kind>archive</kind>
         <file>bios.a55L</file>
         <name>biosdata.o55L</name>
      </input_file>
      <input_file id="fl-2a">
         <path>E:\Apps\Texas Instruments\bios_5_42_01_09\packages\ti\bios\lib\</path>
         <kind>archive</kind>
         <file>bios.a55L</file>
         <name>knl_swit.o55L</name>
      </input_file>
      <input_file id="fl-2b">
         <path>E:\Apps\Texas Instruments\bios_5_42_01_09\packages\ti\bios\lib\</path>
         <kind>archive</kind>
         <file>bios.a55L</file>
         <name>swi.o55L</name>
      </input_file>
      <input_file id="fl-2c">
         <path>E:\Apps\Texas Instruments\bios_5_42_01_09\packages\ti\bios\lib\</path>
         <kind>archive</kind>
         <file>bios.a55L</file>
         <name>clk_run.o55L</name>
      </input_file>
      <input_file id="fl-2d">
         <path>E:\Apps\Texas Instruments\bios_5_42_01_09\packages\ti\bios\lib\</path>
         <kind>archive</kind>
         <file>bios5505.a55L</file>
         <name>clk5505_htime.o55L</name>
      </input_file>
      <input_file id="fl-2e">
         <path>E:\Apps\Texas Instruments\bios_5_42_01_09\packages\ti\bios\lib\</path>
         <kind>archive</kind>
         <file>bios5505.a55L</file>
         <name>clk5505_isr.o55L</name>
      </input_file>
      <input_file id="fl-2f">
         <path>E:\Apps\Texas Instruments\bios_5_42_01_09\packages\ti\bios\lib\</path>
         <kind>archive</kind>
         <file>bios.a55L</file>
         <name>fxn_c.o55L</name>
      </input_file>
      <input_file id="fl-30">
         <path>E:\Apps\Texas Instruments\bios_5_42_01_09\packages\ti\bios\lib\</path>
         <kind>archive</kind>
         <file>bios.a55L</file>
         <name>idl_stub.o55L</name>
      </input_file>
      <input_file id="fl-31">
         <path>E:\Apps\Texas Instruments\bios_5_42_01_09\packages\ti\bios\lib\</path>
         <kind>archive</kind>
         <file>bios.a55L</file>
         <name>utl_doab.o55L</name>
      </input_file>
      <input_file id="fl-32">
         <path>E:\Apps\Texas Instruments\bios_5_42_01_09\packages\ti\bios\lib\</path>
         <kind>archive</kind>
         <file>bios.a55L</file>
         <name>utl_doer.o55L</name>
      </input_file>
      <input_file id="fl-33">
         <path>E:\Apps\Texas Instruments\bios_5_42_01_09\packages\ti\bios\lib\</path>
         <kind>archive</kind>
         <file>bios.a55L</file>
         <name>utl_putc.o55L</name>
      </input_file>
      <input_file id="fl-34">
         <path>E:\Apps\Texas Instruments\bios_5_42_01_09\packages\ti\bios\lib\</path>
         <kind>archive</kind>
         <file>bios.a55L</file>
         <name>utl_halt.o55L</name>
      </input_file>
      <input_file id="fl-35">
         <path>E:\Apps\Texas Instruments\bios_5_42_01_09\packages\ti\bios\lib\</path>
         <kind>archive</kind>
         <file>bios5505.a55L</file>
         <name>clk_itime.o55L</name>
      </input_file>
      <input_file id="fl-36">
         <path>E:\Apps\Texas Instruments\bios_5_42_01_09\packages\ti\bios\lib\</path>
         <kind>archive</kind>
         <file>bios.a55L</file>
         <name>boot.o55L</name>
      </input_file>
      <input_file id="fl-37">
         <path>E:\Apps\Texas Instruments\bios_5_42_01_09\packages\ti\bios\lib\</path>
         <kind>archive</kind>
         <file>bios.a55L</file>
         <name>trc.o55L</name>
      </input_file>
      <input_file id="fl-38">
         <path>E:\Apps\Texas Instruments\bios_5_42_01_09\packages\ti\bios\lib\</path>
         <kind>archive</kind>
         <file>bios.a55L</file>
         <name>hwi_disp_asm.o55L</name>
      </input_file>
      <input_file id="fl-39">
         <path>E:\Apps\Texas Instruments\bios_5_42_01_09\packages\ti\bios\lib\</path>
         <kind>archive</kind>
         <file>bios.a55L</file>
         <name>idl_busy.o55L</name>
      </input_file>
      <input_file id="fl-3a">
         <path>E:\Apps\Texas Instruments\bios_5_42_01_09\packages\ti\bios\lib\</path>
         <kind>archive</kind>
         <file>bios.a55L</file>
         <name>idl.o55L</name>
      </input_file>
      <input_file id="fl-3b">
         <path>E:\Apps\Texas Instruments\bios_5_42_01_09\packages\ti\bios\lib\</path>
         <kind>archive</kind>
         <file>lnkrtdx.a55L</file>
         <name>rtdx.o55L</name>
      </input_file>
      <input_file id="fl-3c">
         <path>E:\Apps\Texas Instruments\bios_5_42_01_09\packages\ti\bios\lib\</path>
         <kind>archive</kind>
         <file>bios.a55L</file>
         <name>log.o55L</name>
      </input_file>
      <input_file id="fl-3d">
         <path>E:\Apps\Texas Instruments\bios_5_42_01_09\packages\ti\bios\lib\</path>
         <kind>archive</kind>
         <file>bios.a55L</file>
         <name>pip.o55L</name>
      </input_file>
      <input_file id="fl-3e">
         <path>E:\Apps\Texas Instruments\bios_5_42_01_09\packages\ti\bios\lib\</path>
         <kind>archive</kind>
         <file>bios.a55L</file>
         <name>prd.o55L</name>
      </input_file>
      <input_file id="fl-3f">
         <path>E:\Apps\Texas Instruments\bios_5_42_01_09\packages\ti\bios\lib\</path>
         <kind>archive</kind>
         <file>bios.a55L</file>
         <name>rta.o55L</name>
      </input_file>
      <input_file id="fl-40">
         <path>E:\Apps\Texas Instruments\bios_5_42_01_09\packages\ti\bios\lib\</path>
         <kind>archive</kind>
         <file>bios.a55L</file>
         <name>sts.o55L</name>
      </input_file>
      <input_file id="fl-41">
         <path>E:\Apps\Texas Instruments\bios_5_42_01_09\packages\ti\bios\lib\</path>
         <kind>archive</kind>
         <file>bios.a55L</file>
         <name>c55_c.o55L</name>
      </input_file>
      <input_file id="fl-42">
         <path>E:\Apps\Texas Instruments\bios_5_42_01_09\packages\ti\bios\lib\</path>
         <kind>archive</kind>
         <file>bios.a55L</file>
         <name>clk_data.o55L</name>
      </input_file>
      <input_file id="fl-43">
         <path>E:\Apps\Texas Instruments\bios_5_42_01_09\packages\ti\bios\lib\</path>
         <kind>archive</kind>
         <file>bios.a55L</file>
         <name>clk_data2.o55L</name>
      </input_file>
      <input_file id="fl-44">
         <path>E:\Apps\Texas Instruments\bios_5_42_01_09\packages\ti\bios\lib\</path>
         <kind>archive</kind>
         <file>bios5505.a55L</file>
         <name>clk5505_start.o55L</name>
      </input_file>
      <input_file id="fl-45">
         <path>E:\Apps\Texas Instruments\bios_5_42_01_09\packages\ti\bios\lib\</path>
         <kind>archive</kind>
         <file>bios5505.a55L</file>
         <name>clk5505_data.o55L</name>
      </input_file>
      <input_file id="fl-46">
         <path>E:\Apps\Texas Instruments\bios_5_42_01_09\packages\ti\bios\lib\</path>
         <kind>archive</kind>
         <file>bios5505.a55L</file>
         <name>clk5505_wdog.o55L</name>
      </input_file>
      <input_file id="fl-47">
         <path>E:\Apps\Texas Instruments\bios_5_42_01_09\packages\ti\bios\lib\</path>
         <kind>archive</kind>
         <file>bios.a55L</file>
         <name>gbl_vers.o55L</name>
      </input_file>
      <input_file id="fl-48">
         <path>E:\Apps\Texas Instruments\bios_5_42_01_09\packages\ti\bios\lib\</path>
         <kind>archive</kind>
         <file>bios.a55L</file>
         <name>hwi_xable.o55L</name>
      </input_file>
      <input_file id="fl-49">
         <path>E:\Apps\Texas Instruments\bios_5_42_01_09\packages\ti\bios\lib\</path>
         <kind>archive</kind>
         <file>bios.a55L</file>
         <name>idl_cal.o55L</name>
      </input_file>
      <input_file id="fl-4a">
         <path>E:\Apps\Texas Instruments\bios_5_42_01_09\packages\ti\bios\lib\</path>
         <kind>archive</kind>
         <file>bios5505.a55L</file>
         <name>clk5505_meas.o55L</name>
      </input_file>
      <input_file id="fl-4b">
         <path>E:\Apps\Texas Instruments\bios_5_42_01_09\packages\ti\bios\lib\</path>
         <kind>archive</kind>
         <file>bios.a55L</file>
         <name>knl_exit.o55L</name>
      </input_file>
      <input_file id="fl-4c">
         <path>E:\Apps\Texas Instruments\bios_5_42_01_09\packages\ti\bios\lib\</path>
         <kind>archive</kind>
         <file>bios.a55L</file>
         <name>knl_chec.o55L</name>
      </input_file>
      <input_file id="fl-4d">
         <path>E:\Apps\Texas Instruments\bios_5_42_01_09\packages\ti\bios\lib\</path>
         <kind>archive</kind>
         <file>bios.a55L</file>
         <name>knl.o55L</name>
      </input_file>
      <input_file id="fl-4e">
         <path>E:\Apps\Texas Instruments\bios_5_42_01_09\packages\ti\bios\lib\</path>
         <kind>archive</kind>
         <file>bios.a55L</file>
         <name>knl_run.o55L</name>
      </input_file>
      <input_file id="fl-4f">
         <path>E:\Apps\Texas Instruments\bios_5_42_01_09\packages\ti\bios\lib\</path>
         <kind>archive</kind>
         <file>bios.a55L</file>
         <name>knl_tick.o55L</name>
      </input_file>
      <input_file id="fl-50">
         <path>E:\Apps\Texas Instruments\bios_5_42_01_09\packages\ti\bios\lib\</path>
         <kind>archive</kind>
         <file>bios.a55L</file>
         <name>knl_post.o55L</name>
      </input_file>
      <input_file id="fl-51">
         <path>E:\Apps\Texas Instruments\bios_5_42_01_09\packages\ti\bios\lib\</path>
         <kind>archive</kind>
         <file>bios.a55L</file>
         <name>knl_ipos.o55L</name>
      </input_file>
      <input_file id="fl-52">
         <path>E:\Apps\Texas Instruments\bios_5_42_01_09\packages\ti\bios\lib\</path>
         <kind>archive</kind>
         <file>bios.a55L</file>
         <name>mem_asm.o55L</name>
      </input_file>
      <input_file id="fl-53">
         <path>E:\Apps\Texas Instruments\bios_5_42_01_09\packages\ti\bios\lib\</path>
         <kind>archive</kind>
         <file>bios.a55L</file>
         <name>mem_init.o55L</name>
      </input_file>
      <input_file id="fl-54">
         <path>E:\Apps\Texas Instruments\bios_5_42_01_09\packages\ti\bios\lib\</path>
         <kind>archive</kind>
         <file>bios.a55L</file>
         <name>obj_init.o55L</name>
      </input_file>
      <input_file id="fl-55">
         <path>E:\Apps\Texas Instruments\bios_5_42_01_09\packages\ti\bios\lib\</path>
         <kind>archive</kind>
         <file>bios.a55L</file>
         <name>rtdx_data.o55L</name>
      </input_file>
      <input_file id="fl-56">
         <path>E:\Apps\Texas Instruments\bios_5_42_01_09\packages\ti\rtdx\lib\c5500\</path>
         <kind>archive</kind>
         <file>rtdxx.lib</file>
         <name>buffer2.o55L</name>
      </input_file>
      <input_file id="fl-57">
         <path>E:\Apps\Texas Instruments\bios_5_42_01_09\packages\ti\rtdx\lib\c5500\</path>
         <kind>archive</kind>
         <file>rtdxx.lib</file>
         <name>buffer1.o55L</name>
      </input_file>
      <input_file id="fl-58">
         <path>E:\Apps\Texas Instruments\bios_5_42_01_09\packages\ti\rtdx\lib\c5500\</path>
         <kind>archive</kind>
         <file>rtdxx.lib</file>
         <name>rtdx_mon.o55L</name>
      </input_file>
      <input_file id="fl-59">
         <path>E:\Apps\Texas Instruments\bios_5_42_01_09\packages\ti\rtdx\lib\c5500\</path>
         <kind>archive</kind>
         <file>rtdxx.lib</file>
         <name>intr_tgt.o55L</name>
      </input_file>
      <input_file id="fl-5a">
         <path>E:\Apps\Texas Instruments\bios_5_42_01_09\packages\ti\bios\lib\</path>
         <kind>archive</kind>
         <file>bios.a55L</file>
         <name>sts_set.o55L</name>
      </input_file>
      <input_file id="fl-5b">
         <path>E:\Apps\Texas Instruments\bios_5_42_01_09\packages\ti\bios\lib\</path>
         <kind>archive</kind>
         <file>bios.a55L</file>
         <name>tsk.o55L</name>
      </input_file>
      <input_file id="fl-5c">
         <path>E:\Apps\Texas Instruments\bios_5_42_01_09\packages\ti\bios\lib\</path>
         <kind>archive</kind>
         <file>bios.a55L</file>
         <name>tsk_exit.o55L</name>
      </input_file>
      <input_file id="fl-5d">
         <path>E:\Apps\Texas Instruments\bios_5_42_01_09\packages\ti\bios\lib\</path>
         <kind>archive</kind>
         <file>bios.a55L</file>
         <name>sys_exit.o55L</name>
      </input_file>
      <input_file id="fl-5e">
         <path>E:\Apps\Texas Instruments\bios_5_42_01_09\packages\ti\bios\lib\</path>
         <kind>archive</kind>
         <file>bios.a55L</file>
         <name>sys.o55L</name>
      </input_file>
      <input_file id="fl-5f">
         <path>E:\Apps\Texas Instruments\bios_5_42_01_09\packages\ti\bios\lib\</path>
         <kind>archive</kind>
         <file>bios.a55L</file>
         <name>tsk_init.o55L</name>
      </input_file>
      <input_file id="fl-60">
         <path>E:\Apps\Texas Instruments\bios_5_42_01_09\packages\ti\bios\lib\</path>
         <kind>archive</kind>
         <file>bios.a55L</file>
         <name>tsk_setu.o55L</name>
      </input_file>
      <input_file id="fl-61">
         <path>E:\Apps\Texas Instruments\bios_5_42_01_09\packages\ti\bios\lib\</path>
         <kind>archive</kind>
         <file>bios.a55L</file>
         <name>tsk_stup.o55L</name>
      </input_file>
      <input_file id="fl-62">
         <path>E:\Apps\Texas Instruments\bios_5_42_01_09\packages\ti\bios\lib\</path>
         <kind>archive</kind>
         <file>bios.a55L</file>
         <name>lck.o55L</name>
      </input_file>
      <input_file id="fl-63">
         <path>E:\Apps\Texas Instruments\bios_5_42_01_09\packages\ti\bios\lib\</path>
         <kind>archive</kind>
         <file>bios.a55L</file>
         <name>sem_pend_counting.o55L</name>
      </input_file>
      <input_file id="fl-64">
         <path>E:\Apps\Texas Instruments\bios_5_42_01_09\packages\ti\bios\lib\</path>
         <kind>archive</kind>
         <file>bios.a55L</file>
         <name>sem_pend.o55L</name>
      </input_file>
      <input_file id="fl-65">
         <path>E:\Apps\Texas Instruments\bios_5_42_01_09\packages\ti\bios\lib\</path>
         <kind>archive</kind>
         <file>bios.a55L</file>
         <name>sem_post_asm.o55L</name>
      </input_file>
      <input_file id="fl-66">
         <path>E:\Apps\Texas Instruments\bios_5_42_01_09\packages\ti\bios\lib\</path>
         <kind>archive</kind>
         <file>bios.a55L</file>
         <name>sem_post.o55L</name>
      </input_file>
      <input_file id="fl-67">
         <path>E:\Apps\Texas Instruments\bios_5_42_01_09\packages\ti\bios\lib\</path>
         <kind>archive</kind>
         <file>bios.a55L</file>
         <name>sys_abor.o55L</name>
      </input_file>
      <input_file id="fl-68">
         <path>..\include\</path>
         <kind>archive</kind>
         <file>usbstk5515bsl.lib</file>
         <name>usbstk5515_i2c.obj</name>
      </input_file>
      <input_file id="fl-69">
         <path>..\include\</path>
         <kind>archive</kind>
         <file>usbstk5515bsl.lib</file>
         <name>usbstk5515_gpio.obj</name>
      </input_file>
      <input_file id="fl-6a">
         <path>..\include\</path>
         <kind>archive</kind>
         <file>usbstk5515bsl.lib</file>
         <name>usbstk5515.obj</name>
      </input_file>
      <input_file id="fl-6b">
         <path>E:\Apps\Texas Instruments\bios_5_42_01_09\packages\ti\bios\lib\</path>
         <kind>archive</kind>
         <file>bios.a55L</file>
         <name>sem_dopo.o55L</name>
      </input_file>
      <input_file id="fl-6c">
         <path>E:\Apps\Texas Instruments\ccsv5\tools\compiler\c5500_4.4.1\lib\</path>
         <kind>archive</kind>
         <file>rts55x.lib</file>
         <name>llmpy.obj</name>
      </input_file>
      <input_file id="fl-6d">
         <path>E:\Apps\Texas Instruments\ccsv5\tools\compiler\c5500_4.4.1\lib\</path>
         <kind>archive</kind>
         <file>rts55x.lib</file>
         <name>lmpy.obj</name>
      </input_file>
      <input_file id="fl-6e">
         <path>E:\Apps\Texas Instruments\ccsv5\tools\compiler\c5500_4.4.1\lib\</path>
         <kind>archive</kind>
         <file>rts55x.lib</file>
         <name>_lock.obj</name>
      </input_file>
      <input_file id="fl-6f">
         <path>E:\Apps\Texas Instruments\ccsv5\tools\compiler\c5500_4.4.1\lib\</path>
         <kind>archive</kind>
         <file>rts55x.lib</file>
         <name>atexit.obj</name>
      </input_file>
      <input_file id="fl-70">
         <path>E:\Apps\Texas Instruments\ccsv5\tools\compiler\c5500_4.4.1\lib\</path>
         <kind>archive</kind>
         <file>rts55x.lib</file>
         <name>sinit.obj</name>
      </input_file>
      <input_file id="fl-71">
         <path>E:\Apps\Texas Instruments\ccsv5\tools\compiler\c5500_4.4.1\lib\</path>
         <kind>archive</kind>
         <file>rts55x.lib</file>
         <name>exit.obj</name>
      </input_file>
      <input_file id="fl-72">
         <path>E:\Apps\Texas Instruments\bios_5_42_01_09\packages\ti\bios\lib\</path>
         <kind>archive</kind>
         <file>bios.a55L</file>
         <name>autoinit.o55L</name>
      </input_file>
      <input_file id="fl-73">
         <path>E:\Apps\Texas Instruments\ccsv5\tools\compiler\c5500_4.4.1\lib\</path>
         <kind>archive</kind>
         <file>rts55x.lib</file>
         <name>memcpy.obj</name>
      </input_file>
      <input_file id="fl-74">
         <path>E:\Apps\Texas Instruments\ccsv5\tools\compiler\c5500_4.4.1\lib\</path>
         <kind>archive</kind>
         <file>rts55x.lib</file>
         <name>memset.obj</name>
      </input_file>
      <input_file id="fl-75">
         <path>E:\Apps\Texas Instruments\bios_5_42_01_09\packages\ti\bios\lib\</path>
         <kind>archive</kind>
         <file>bios.a55L</file>
         <name>rta_andn.o55L</name>
      </input_file>
   </input_file_list>
   <object_component_list>
      <object_component id="oc-68">
         <name>.vers</name>
         <load_address>0x0</load_address>
         <run_address>0x0</run_address>
         <size>0x70</size>
         <input_file_ref idref="fl-b"/>
      </object_component>
      <object_component id="oc-58">
         <name>.clk</name>
         <uninitialized>true</uninitialized>
         <run_address>0x5ff8</run_address>
         <size>0x8</size>
         <input_file_ref idref="fl-b"/>
      </object_component>
      <object_component id="oc-5e">
         <name>.swi</name>
         <uninitialized>true</uninitialized>
         <run_address>0x8650</run_address>
         <size>0x28</size>
         <input_file_ref idref="fl-b"/>
      </object_component>
      <object_component id="oc-61">
         <name>.tsk</name>
         <uninitialized>true</uninitialized>
         <run_address>0x8550</run_address>
         <size>0x58</size>
         <input_file_ref idref="fl-b"/>
      </object_component>
      <object_component id="oc-63">
         <name>.idl</name>
         <uninitialized>true</uninitialized>
         <run_address>0x8688</run_address>
         <size>0x10</size>
         <input_file_ref idref="fl-b"/>
      </object_component>
      <object_component id="oc-62">
         <name>.idlcal</name>
         <uninitialized>true</uninitialized>
         <run_address>0x8698</run_address>
         <size>0x10</size>
         <input_file_ref idref="fl-b"/>
      </object_component>
      <object_component id="oc-45">
         <name>.bss</name>
         <uninitialized>true</uninitialized>
         <run_address>0x6ec8</run_address>
         <size>0x28</size>
         <input_file_ref idref="fl-b"/>
      </object_component>
      <object_component id="oc-6d">
         <name>.bss</name>
         <uninitialized>true</uninitialized>
         <run_address>0x6ef0</run_address>
         <size>0x1c</size>
         <input_file_ref idref="fl-c"/>
      </object_component>
      <object_component id="oc-7d">
         <name>.bss</name>
         <uninitialized>true</uninitialized>
         <run_address>0x6800</run_address>
         <size>0x310</size>
         <input_file_ref idref="fl-f"/>
      </object_component>
      <object_component id="oc-af">
         <name>.bss</name>
         <uninitialized>true</uninitialized>
         <run_address>0x6f34</run_address>
         <size>0xc</size>
         <input_file_ref idref="fl-33"/>
      </object_component>
      <object_component id="oc-f3">
         <name>.bss</name>
         <uninitialized>true</uninitialized>
         <run_address>0x6f4c</run_address>
         <size>0x8</size>
         <input_file_ref idref="fl-42"/>
      </object_component>
      <object_component id="oc-f7">
         <name>.bss</name>
         <uninitialized>true</uninitialized>
         <run_address>0x6f64</run_address>
         <size>0x4</size>
         <input_file_ref idref="fl-43"/>
      </object_component>
      <object_component id="oc-ff">
         <name>.bss</name>
         <uninitialized>true</uninitialized>
         <run_address>0x6f0c</run_address>
         <size>0x18</size>
         <input_file_ref idref="fl-45"/>
      </object_component>
      <object_component id="oc-11f">
         <name>.bss</name>
         <uninitialized>true</uninitialized>
         <run_address>0x6c94</run_address>
         <size>0x114</size>
         <input_file_ref idref="fl-4d"/>
      </object_component>
      <object_component id="oc-128">
         <name>.bss</name>
         <uninitialized>true</uninitialized>
         <run_address>0x6f24</run_address>
         <size>0x10</size>
         <input_file_ref idref="fl-4f"/>
      </object_component>
      <object_component id="oc-136">
         <name>.bss</name>
         <uninitialized>true</uninitialized>
         <run_address>0x6f68</run_address>
         <size>0x4</size>
         <input_file_ref idref="fl-52"/>
      </object_component>
      <object_component id="oc-13e">
         <name>.bss</name>
         <uninitialized>true</uninitialized>
         <run_address>0x6e58</run_address>
         <size>0x46</size>
         <input_file_ref idref="fl-54"/>
      </object_component>
      <object_component id="oc-148">
         <name>.bss</name>
         <uninitialized>true</uninitialized>
         <run_address>0x6f40</run_address>
         <size>0xc</size>
         <input_file_ref idref="fl-57"/>
      </object_component>
      <object_component id="oc-154">
         <name>.bss</name>
         <uninitialized>true</uninitialized>
         <run_address>0x6da8</run_address>
         <size>0x60</size>
         <input_file_ref idref="fl-5b"/>
      </object_component>
      <object_component id="oc-162">
         <name>.bss</name>
         <uninitialized>true</uninitialized>
         <run_address>0x6ea0</run_address>
         <size>0x28</size>
         <input_file_ref idref="fl-5e"/>
      </object_component>
      <object_component id="oc-170">
         <name>.bss</name>
         <uninitialized>true</uninitialized>
         <run_address>0x6e08</run_address>
         <size>0x50</size>
         <input_file_ref idref="fl-61"/>
      </object_component>
      <object_component id="oc-190">
         <name>.bss</name>
         <uninitialized>true</uninitialized>
         <run_address>0x6e9e</run_address>
         <size>0x2</size>
         <input_file_ref idref="fl-68"/>
      </object_component>
      <object_component id="oc-1ad">
         <name>.bss</name>
         <uninitialized>true</uninitialized>
         <run_address>0x6f54</run_address>
         <size>0x8</size>
         <input_file_ref idref="fl-6e"/>
      </object_component>
      <object_component id="oc-1b3">
         <name>.bss</name>
         <uninitialized>true</uninitialized>
         <run_address>0x6b10</run_address>
         <size>0x184</size>
         <input_file_ref idref="fl-6f"/>
      </object_component>
      <object_component id="oc-1b9">
         <name>.bss</name>
         <uninitialized>true</uninitialized>
         <run_address>0x6f6c</run_address>
         <size>0x4</size>
         <input_file_ref idref="fl-70"/>
      </object_component>
      <object_component id="oc-1bf">
         <name>.bss</name>
         <uninitialized>true</uninitialized>
         <run_address>0x6f5c</run_address>
         <size>0x8</size>
         <input_file_ref idref="fl-71"/>
      </object_component>
      <object_component id="oc-c4">
         <name>.hwi_disp_sec</name>
         <uninitialized>true</uninitialized>
         <run_address>0x8350</run_address>
         <size>0x180</size>
         <input_file_ref idref="fl-38"/>
      </object_component>
      <object_component id="oc-8c">
         <name>.sysdata</name>
         <uninitialized>true</uninitialized>
         <run_address>0x5e4c</run_address>
         <size>0x160</size>
         <input_file_ref idref="fl-29"/>
      </object_component>
      <object_component id="oc-c9">
         <name>.sysdata</name>
         <uninitialized>true</uninitialized>
         <run_address>0x5fe4</run_address>
         <size>0x4</size>
         <input_file_ref idref="fl-39"/>
      </object_component>
      <object_component id="oc-d3">
         <name>.sysdata</name>
         <uninitialized>true</uninitialized>
         <run_address>0x5fd8</run_address>
         <size>0xc</size>
         <input_file_ref idref="fl-3b"/>
      </object_component>
      <object_component id="oc-e5">
         <name>.sysdata</name>
         <uninitialized>true</uninitialized>
         <run_address>0x5fac</run_address>
         <size>0x2c</size>
         <input_file_ref idref="fl-3f"/>
      </object_component>
      <object_component id="oc-53">
         <name>.mem</name>
         <uninitialized>true</uninitialized>
         <run_address>0x5e4a</run_address>
         <size>0x2</size>
         <input_file_ref idref="fl-b"/>
      </object_component>
      <object_component id="oc-47">
         <name>.bios</name>
         <load_address>0xc0</load_address>
         <run_address>0xc0</run_address>
         <size>0x3d4</size>
         <input_file_ref idref="fl-2b"/>
      </object_component>
      <object_component id="oc-d5">
         <name>.bios</name>
         <load_address>0x494</load_address>
         <run_address>0x494</run_address>
         <size>0x3a3</size>
         <input_file_ref idref="fl-3b"/>
      </object_component>
      <object_component id="oc-c5">
         <name>.bios</name>
         <load_address>0x837</load_address>
         <run_address>0x837</run_address>
         <size>0x35f</size>
         <input_file_ref idref="fl-38"/>
      </object_component>
      <object_component id="oc-17f">
         <name>.bios</name>
         <load_address>0xb98</load_address>
         <run_address>0xb98</run_address>
         <size>0x18b</size>
         <input_file_ref idref="fl-64"/>
      </object_component>
      <object_component id="oc-e1">
         <name>.bios</name>
         <load_address>0xd23</load_address>
         <run_address>0xd23</run_address>
         <size>0x186</size>
         <input_file_ref idref="fl-3e"/>
      </object_component>
      <object_component id="oc-124">
         <name>.bios</name>
         <load_address>0xeac</load_address>
         <run_address>0xeac</run_address>
         <size>0x185</size>
         <input_file_ref idref="fl-4e"/>
      </object_component>
      <object_component id="oc-12a">
         <name>.bios</name>
         <load_address>0x1034</load_address>
         <run_address>0x1034</run_address>
         <size>0x144</size>
         <input_file_ref idref="fl-4f"/>
      </object_component>
      <object_component id="oc-e7">
         <name>.bios</name>
         <load_address>0x1178</load_address>
         <run_address>0x1178</run_address>
         <size>0x130</size>
         <input_file_ref idref="fl-3f"/>
      </object_component>
      <object_component id="oc-dd">
         <name>.bios</name>
         <load_address>0x12a8</load_address>
         <run_address>0x12a8</run_address>
         <size>0x119</size>
         <input_file_ref idref="fl-3d"/>
      </object_component>
      <object_component id="oc-42">
         <name>.bios</name>
         <load_address>0x13c1</load_address>
         <run_address>0x13c1</run_address>
         <size>0x10e</size>
         <input_file_ref idref="fl-2a"/>
      </object_component>
      <object_component id="oc-1a0">
         <name>.bios</name>
         <load_address>0x14d0</load_address>
         <run_address>0x14d0</run_address>
         <size>0x104</size>
         <input_file_ref idref="fl-6b"/>
      </object_component>
      <object_component id="oc-15a">
         <name>.bios</name>
         <load_address>0x15d4</load_address>
         <run_address>0x15d4</run_address>
         <size>0xf8</size>
         <input_file_ref idref="fl-5c"/>
      </object_component>
      <object_component id="oc-16b">
         <name>.bios</name>
         <load_address>0x16cc</load_address>
         <run_address>0x16cc</run_address>
         <size>0xf6</size>
         <input_file_ref idref="fl-60"/>
      </object_component>
      <object_component id="oc-172">
         <name>.bios</name>
         <load_address>0x17c4</load_address>
         <run_address>0x17c4</run_address>
         <size>0xbf</size>
         <input_file_ref idref="fl-61"/>
      </object_component>
      <object_component id="oc-ef">
         <name>.bios</name>
         <load_address>0x1883</load_address>
         <run_address>0x1883</run_address>
         <size>0xa2</size>
         <input_file_ref idref="fl-41"/>
      </object_component>
      <object_component id="oc-fb">
         <name>.bios</name>
         <load_address>0x1928</load_address>
         <run_address>0x1928</run_address>
         <size>0x90</size>
         <input_file_ref idref="fl-44"/>
      </object_component>
      <object_component id="oc-11b">
         <name>.bios</name>
         <load_address>0x19b8</load_address>
         <run_address>0x19b8</run_address>
         <size>0x8d</size>
         <input_file_ref idref="fl-4c"/>
      </object_component>
      <object_component id="oc-48">
         <name>.bios</name>
         <load_address>0x1a48</load_address>
         <run_address>0x1a48</run_address>
         <size>0x8d</size>
         <input_file_ref idref="fl-2e"/>
      </object_component>
      <object_component id="oc-4a">
         <name>.bios</name>
         <load_address>0x1ad8</load_address>
         <run_address>0x1ad8</run_address>
         <size>0x87</size>
         <input_file_ref idref="fl-2d"/>
      </object_component>
      <object_component id="oc-183">
         <name>.bios</name>
         <load_address>0x1b5f</load_address>
         <run_address>0x1b5f</run_address>
         <size>0x82</size>
         <input_file_ref idref="fl-65"/>
      </object_component>
      <object_component id="oc-113">
         <name>.bios</name>
         <load_address>0x1be4</load_address>
         <run_address>0x1be4</run_address>
         <size>0x68</size>
         <input_file_ref idref="fl-4a"/>
      </object_component>
      <object_component id="oc-117">
         <name>.bios</name>
         <load_address>0x1c4c</load_address>
         <run_address>0x1c4c</run_address>
         <size>0x5f</size>
         <input_file_ref idref="fl-4b"/>
      </object_component>
      <object_component id="oc-132">
         <name>.bios</name>
         <load_address>0x1cac</load_address>
         <run_address>0x1cac</run_address>
         <size>0x5b</size>
         <input_file_ref idref="fl-51"/>
      </object_component>
      <object_component id="oc-177">
         <name>.bios</name>
         <load_address>0x1d08</load_address>
         <run_address>0x1d08</run_address>
         <size>0x58</size>
         <input_file_ref idref="fl-62"/>
      </object_component>
      <object_component id="oc-d9">
         <name>.bios</name>
         <load_address>0x1d60</load_address>
         <run_address>0x1d60</run_address>
         <size>0x51</size>
         <input_file_ref idref="fl-3c"/>
      </object_component>
      <object_component id="oc-17b">
         <name>.bios</name>
         <load_address>0x1db1</load_address>
         <run_address>0x1db1</run_address>
         <size>0x4e</size>
         <input_file_ref idref="fl-63"/>
      </object_component>
      <object_component id="oc-187">
         <name>.bios</name>
         <load_address>0x1e00</load_address>
         <run_address>0x1e00</run_address>
         <size>0x48</size>
         <input_file_ref idref="fl-66"/>
      </object_component>
      <object_component id="oc-eb">
         <name>.bios</name>
         <load_address>0x1e48</load_address>
         <run_address>0x1e48</run_address>
         <size>0x48</size>
         <input_file_ref idref="fl-40"/>
      </object_component>
      <object_component id="oc-15e">
         <name>.bios</name>
         <load_address>0x1e90</load_address>
         <run_address>0x1e90</run_address>
         <size>0x48</size>
         <input_file_ref idref="fl-5d"/>
      </object_component>
      <object_component id="oc-cb">
         <name>.bios</name>
         <load_address>0x1ed8</load_address>
         <run_address>0x1ed8</run_address>
         <size>0x47</size>
         <input_file_ref idref="fl-39"/>
      </object_component>
      <object_component id="oc-10f">
         <name>.bios</name>
         <load_address>0x1f1f</load_address>
         <run_address>0x1f1f</run_address>
         <size>0x46</size>
         <input_file_ref idref="fl-49"/>
      </object_component>
      <object_component id="oc-1d1">
         <name>.bios</name>
         <load_address>0x1f65</load_address>
         <run_address>0x1f65</run_address>
         <size>0x43</size>
         <input_file_ref idref="fl-75"/>
      </object_component>
      <object_component id="oc-4b">
         <name>.bios</name>
         <load_address>0x1fa8</load_address>
         <run_address>0x1fa8</run_address>
         <size>0x36</size>
         <input_file_ref idref="fl-33"/>
      </object_component>
      <object_component id="oc-12e">
         <name>.bios</name>
         <load_address>0x1fe0</load_address>
         <run_address>0x1fe0</run_address>
         <size>0x34</size>
         <input_file_ref idref="fl-50"/>
      </object_component>
      <object_component id="oc-b7">
         <name>.bios</name>
         <load_address>0x2014</load_address>
         <run_address>0x2014</run_address>
         <size>0x34</size>
         <input_file_ref idref="fl-35"/>
      </object_component>
      <object_component id="oc-44">
         <name>.bios</name>
         <load_address>0x2048</load_address>
         <run_address>0x2048</run_address>
         <size>0x25</size>
         <input_file_ref idref="fl-28"/>
      </object_component>
      <object_component id="oc-4f">
         <name>.bios</name>
         <load_address>0x206d</load_address>
         <run_address>0x206d</run_address>
         <size>0x24</size>
         <input_file_ref idref="fl-30"/>
      </object_component>
      <object_component id="oc-43">
         <name>.bios</name>
         <load_address>0x2094</load_address>
         <run_address>0x2094</run_address>
         <size>0x23</size>
         <input_file_ref idref="fl-31"/>
      </object_component>
      <object_component id="oc-4d">
         <name>.bios</name>
         <load_address>0x20b8</load_address>
         <run_address>0x20b8</run_address>
         <size>0x20</size>
         <input_file_ref idref="fl-32"/>
      </object_component>
      <object_component id="oc-10b">
         <name>.bios</name>
         <load_address>0x20d8</load_address>
         <run_address>0x20d8</run_address>
         <size>0x1a</size>
         <input_file_ref idref="fl-48"/>
      </object_component>
      <object_component id="oc-49">
         <name>.bios</name>
         <load_address>0x20f2</load_address>
         <run_address>0x20f2</run_address>
         <size>0x17</size>
         <input_file_ref idref="fl-2c"/>
      </object_component>
      <object_component id="oc-18b">
         <name>.bios</name>
         <load_address>0x210c</load_address>
         <run_address>0x210c</run_address>
         <size>0x17</size>
         <input_file_ref idref="fl-67"/>
      </object_component>
      <object_component id="oc-cf">
         <name>.bios</name>
         <load_address>0x2123</load_address>
         <run_address>0x2123</run_address>
         <size>0xc</size>
         <input_file_ref idref="fl-3a"/>
      </object_component>
      <object_component id="oc-4c">
         <name>.bios</name>
         <load_address>0x2130</load_address>
         <run_address>0x2130</run_address>
         <size>0x8</size>
         <input_file_ref idref="fl-34"/>
      </object_component>
      <object_component id="oc-150">
         <name>.bios</name>
         <load_address>0x2138</load_address>
         <run_address>0x2138</run_address>
         <size>0x7</size>
         <input_file_ref idref="fl-5a"/>
      </object_component>
      <object_component id="oc-107">
         <name>.bios</name>
         <load_address>0x213f</load_address>
         <run_address>0x213f</run_address>
         <size>0x6</size>
         <input_file_ref idref="fl-47"/>
      </object_component>
      <object_component id="oc-4e">
         <name>.bios</name>
         <load_address>0x2148</load_address>
         <run_address>0x2148</run_address>
         <size>0x2</size>
         <input_file_ref idref="fl-2f"/>
      </object_component>
      <object_component id="oc-103">
         <name>.bios</name>
         <load_address>0x214c</load_address>
         <run_address>0x214c</run_address>
         <size>0x2</size>
         <input_file_ref idref="fl-46"/>
      </object_component>
      <object_component id="oc-1a4">
         <name>.text</name>
         <load_address>0x2150</load_address>
         <run_address>0x2150</run_address>
         <size>0x25e</size>
         <input_file_ref idref="fl-6c"/>
      </object_component>
      <object_component id="oc-84">
         <name>.text</name>
         <load_address>0x23ae</load_address>
         <run_address>0x23ae</run_address>
         <size>0x20e</size>
         <input_file_ref idref="fl-10"/>
      </object_component>
      <object_component id="oc-7c">
         <name>.text</name>
         <load_address>0x25bc</load_address>
         <run_address>0x25bc</run_address>
         <size>0x1bc</size>
         <input_file_ref idref="fl-f"/>
      </object_component>
      <object_component id="oc-196">
         <name>.text</name>
         <load_address>0x2778</load_address>
         <run_address>0x2778</run_address>
         <size>0x156</size>
         <input_file_ref idref="fl-69"/>
      </object_component>
      <object_component id="oc-6c">
         <name>.text</name>
         <load_address>0x28ce</load_address>
         <run_address>0x28ce</run_address>
         <size>0x14b</size>
         <input_file_ref idref="fl-c"/>
      </object_component>
      <object_component id="oc-18f">
         <name>.text</name>
         <load_address>0x2a19</load_address>
         <run_address>0x2a19</run_address>
         <size>0x13e</size>
         <input_file_ref idref="fl-68"/>
      </object_component>
      <object_component id="oc-1b8">
         <name>.text</name>
         <load_address>0x2b57</load_address>
         <run_address>0x2b57</run_address>
         <size>0x75</size>
         <input_file_ref idref="fl-70"/>
      </object_component>
      <object_component id="oc-1b2">
         <name>.text</name>
         <load_address>0x2bcc</load_address>
         <run_address>0x2bcc</run_address>
         <size>0x6f</size>
         <input_file_ref idref="fl-6f"/>
      </object_component>
      <object_component id="oc-16f">
         <name>.text</name>
         <load_address>0x2c3c</load_address>
         <run_address>0x2c3c</run_address>
         <size>0x5c</size>
         <input_file_ref idref="fl-61"/>
      </object_component>
      <object_component id="oc-19b">
         <name>.text</name>
         <load_address>0x2c98</load_address>
         <run_address>0x2c98</run_address>
         <size>0x54</size>
         <input_file_ref idref="fl-6a"/>
      </object_component>
      <object_component id="oc-1c9">
         <name>.text</name>
         <load_address>0x2cec</load_address>
         <run_address>0x2cec</run_address>
         <size>0x3f</size>
         <input_file_ref idref="fl-73"/>
      </object_component>
      <object_component id="oc-1be">
         <name>.text</name>
         <load_address>0x2d2b</load_address>
         <run_address>0x2d2b</run_address>
         <size>0x3e</size>
         <input_file_ref idref="fl-71"/>
      </object_component>
      <object_component id="oc-72">
         <name>.text</name>
         <load_address>0x2d69</load_address>
         <run_address>0x2d69</run_address>
         <size>0x1a</size>
         <input_file_ref idref="fl-d"/>
      </object_component>
      <object_component id="oc-1a8">
         <name>.text</name>
         <load_address>0x2d83</load_address>
         <run_address>0x2d83</run_address>
         <size>0x13</size>
         <input_file_ref idref="fl-6d"/>
      </object_component>
      <object_component id="oc-77">
         <name>.text</name>
         <load_address>0x2d96</load_address>
         <run_address>0x2d96</run_address>
         <size>0x12</size>
         <input_file_ref idref="fl-e"/>
      </object_component>
      <object_component id="oc-1ac">
         <name>.text</name>
         <load_address>0x2da8</load_address>
         <run_address>0x2da8</run_address>
         <size>0x12</size>
         <input_file_ref idref="fl-6e"/>
      </object_component>
      <object_component id="oc-1cd">
         <name>.text</name>
         <load_address>0x2dba</load_address>
         <run_address>0x2dba</run_address>
         <size>0x11</size>
         <input_file_ref idref="fl-74"/>
      </object_component>
      <object_component id="oc-1c2">
         <name>.text:CIO_breakpoint</name>
         <load_address>0x2dcb</load_address>
         <run_address>0x2dcb</run_address>
         <size>0x7</size>
         <input_file_ref idref="fl-71"/>
      </object_component>
      <object_component id="oc-13a">
         <name>.sysinit</name>
         <load_address>0x8000</load_address>
         <run_address>0x8000</run_address>
         <size>0x111</size>
         <input_file_ref idref="fl-53"/>
      </object_component>
      <object_component id="oc-67">
         <name>.sysinit</name>
         <load_address>0x8111</load_address>
         <run_address>0x8111</run_address>
         <size>0xd5</size>
         <input_file_ref idref="fl-b"/>
      </object_component>
      <object_component id="oc-167">
         <name>.sysinit</name>
         <load_address>0x81e8</load_address>
         <run_address>0x81e8</run_address>
         <size>0x84</size>
         <input_file_ref idref="fl-5f"/>
      </object_component>
      <object_component id="oc-1c5">
         <name>.sysinit</name>
         <load_address>0x826c</load_address>
         <run_address>0x826c</run_address>
         <size>0x71</size>
         <input_file_ref idref="fl-72"/>
      </object_component>
      <object_component id="oc-46">
         <name>.sysinit</name>
         <load_address>0x82dd</load_address>
         <run_address>0x82dd</run_address>
         <size>0x6f</size>
         <input_file_ref idref="fl-36"/>
      </object_component>
      <object_component id="oc-140">
         <name>.sysinit</name>
         <load_address>0x834c</load_address>
         <run_address>0x834c</run_address>
         <size>0x2</size>
         <input_file_ref idref="fl-54"/>
      </object_component>
      <object_component id="oc-c0">
         <name>.trcdata</name>
         <load_address>0x86c4</load_address>
         <run_address>0x86c4</run_address>
         <size>0x6</size>
         <input_file_ref idref="fl-37"/>
      </object_component>
      <object_component id="oc-1e8">
         <name>.rtdx_text:_RTDX_write_next</name>
         <load_address>0x4bd4</load_address>
         <run_address>0x4bd4</run_address>
         <size>0x1db</size>
         <input_file_ref idref="fl-57"/>
      </object_component>
      <object_component id="oc-1e3">
         <name>.rtdx_text:_RTDX_Buffer_WriteCB</name>
         <load_address>0x4daf</load_address>
         <run_address>0x4daf</run_address>
         <size>0x17c</size>
         <input_file_ref idref="fl-57"/>
      </object_component>
      <object_component id="oc-1dc">
         <name>.rtdx_text:_RTDX_Init_RT_Monitor</name>
         <load_address>0x4f2b</load_address>
         <run_address>0x4f2b</run_address>
         <size>0x10f</size>
         <input_file_ref idref="fl-58"/>
      </object_component>
      <object_component id="oc-1d6">
         <name>.rtdx_text:_RTDX_Poll</name>
         <load_address>0x503a</load_address>
         <run_address>0x503a</run_address>
         <size>0xec</size>
         <input_file_ref idref="fl-58"/>
      </object_component>
      <object_component id="oc-1e7">
         <name>.rtdx_text:_claim</name>
         <load_address>0x5126</load_address>
         <run_address>0x5126</run_address>
         <size>0xb5</size>
         <input_file_ref idref="fl-57"/>
      </object_component>
      <object_component id="oc-1e0">
         <name>.rtdx_text:_StartXFer</name>
         <load_address>0x51db</load_address>
         <run_address>0x51db</run_address>
         <size>0x93</size>
         <input_file_ref idref="fl-58"/>
      </object_component>
      <object_component id="oc-1e9">
         <name>.rtdx_text:_RTDX_Mon_Queue</name>
         <load_address>0x526e</load_address>
         <run_address>0x526e</run_address>
         <size>0x88</size>
         <input_file_ref idref="fl-58"/>
      </object_component>
      <object_component id="oc-1d7">
         <name>.rtdx_text:_RTDX_H2TPoll</name>
         <load_address>0x52f6</load_address>
         <run_address>0x52f6</run_address>
         <size>0x65</size>
         <input_file_ref idref="fl-58"/>
      </object_component>
      <object_component id="oc-1db">
         <name>.rtdx_text:_RTDX_Buffer_Initialize</name>
         <load_address>0x535b</load_address>
         <run_address>0x535b</run_address>
         <size>0x53</size>
         <input_file_ref idref="fl-57"/>
      </object_component>
      <object_component id="oc-1e2">
         <name>.rtdx_text:_RTDX_Buffer_ReadCB</name>
         <load_address>0x53ae</load_address>
         <run_address>0x53ae</run_address>
         <size>0x4b</size>
         <input_file_ref idref="fl-56"/>
      </object_component>
      <object_component id="oc-1e5">
         <name>.rtdx_text:_RTDX_Final_RT_Monitor</name>
         <load_address>0x53f9</load_address>
         <run_address>0x53f9</run_address>
         <size>0x3c</size>
         <input_file_ref idref="fl-58"/>
      </object_component>
      <object_component id="oc-1e6">
         <name>.rtdx_text:_RTDX_Buffer_Size</name>
         <load_address>0x5435</load_address>
         <run_address>0x5435</run_address>
         <size>0x3b</size>
         <input_file_ref idref="fl-57"/>
      </object_component>
      <object_component id="oc-1dd">
         <name>.rtdx_text:_RTDX_Mask_IER</name>
         <load_address>0x5470</load_address>
         <run_address>0x5470</run_address>
         <size>0x2a</size>
         <input_file_ref idref="fl-59"/>
      </object_component>
      <object_component id="oc-1d9">
         <name>.rtdx_text:_RTDX_Buffer_Read</name>
         <load_address>0x549a</load_address>
         <run_address>0x549a</run_address>
         <size>0x22</size>
         <input_file_ref idref="fl-56"/>
      </object_component>
      <object_component id="oc-1e1">
         <name>.rtdx_text:_RTDX_Set_IER</name>
         <load_address>0x54bc</load_address>
         <run_address>0x54bc</run_address>
         <size>0x1e</size>
         <input_file_ref idref="fl-59"/>
      </object_component>
      <object_component id="oc-1da">
         <name>.rtdx_text:_RTDX_Buffer_Write</name>
         <load_address>0x54da</load_address>
         <run_address>0x54da</run_address>
         <size>0x1c</size>
         <input_file_ref idref="fl-57"/>
      </object_component>
      <object_component id="oc-1de">
         <name>.rtdx_text:_Allow_EmuAccess</name>
         <load_address>0x54f6</load_address>
         <run_address>0x54f6</run_address>
         <size>0x17</size>
         <input_file_ref idref="fl-58"/>
      </object_component>
      <object_component id="oc-1df">
         <name>.rtdx_text:_Disallow_EmuAccess</name>
         <load_address>0x550d</load_address>
         <run_address>0x550d</run_address>
         <size>0x4</size>
         <input_file_ref idref="fl-58"/>
      </object_component>
      <object_component id="oc-1e4">
         <name>.rtdx_text:_Wait</name>
         <load_address>0x5511</load_address>
         <run_address>0x5511</run_address>
         <size>0x4</size>
         <input_file_ref idref="fl-58"/>
      </object_component>
      <object_component id="oc-57">
         <name>.sys</name>
         <uninitialized>true</uninitialized>
         <run_address>0x86a8</run_address>
         <size>0x10</size>
         <input_file_ref idref="fl-b"/>
      </object_component>
      <object_component id="oc-54">
         <name>.cinit</name>
         <load_address>0x5516</load_address>
         <run_address>0x5516</run_address>
         <size>0x48e</size>
         <input_file_ref idref="fl-b"/>
      </object_component>
      <object_component id="oc-8d">
         <name>.cinit</name>
         <load_address>0x59a4</load_address>
         <run_address>0x59a4</run_address>
         <size>0x15e</size>
         <input_file_ref idref="fl-29"/>
      </object_component>
      <object_component id="oc-120">
         <name>.cinit</name>
         <load_address>0x5b02</load_address>
         <run_address>0x5b02</run_address>
         <size>0x140</size>
         <input_file_ref idref="fl-4d"/>
      </object_component>
      <object_component id="oc-155">
         <name>.cinit</name>
         <load_address>0x5c42</load_address>
         <run_address>0x5c42</run_address>
         <size>0x62</size>
         <input_file_ref idref="fl-5b"/>
      </object_component>
      <object_component id="oc-171">
         <name>.cinit</name>
         <load_address>0x5ca4</load_address>
         <run_address>0x5ca4</run_address>
         <size>0x5c</size>
         <input_file_ref idref="fl-61"/>
      </object_component>
      <object_component id="oc-e6">
         <name>.cinit</name>
         <load_address>0x5d00</load_address>
         <run_address>0x5d00</run_address>
         <size>0x32</size>
         <input_file_ref idref="fl-3f"/>
      </object_component>
      <object_component id="oc-149">
         <name>.cinit</name>
         <load_address>0x5d32</load_address>
         <run_address>0x5d32</run_address>
         <size>0x2e</size>
         <input_file_ref idref="fl-57"/>
      </object_component>
      <object_component id="oc-b0">
         <name>.cinit</name>
         <load_address>0x5d60</load_address>
         <run_address>0x5d60</run_address>
         <size>0x1e</size>
         <input_file_ref idref="fl-33"/>
      </object_component>
      <object_component id="oc-7f">
         <name>.cinit</name>
         <load_address>0x5d7e</load_address>
         <run_address>0x5d7e</run_address>
         <size>0x1c</size>
         <input_file_ref idref="fl-f"/>
      </object_component>
      <object_component id="oc-129">
         <name>.cinit</name>
         <load_address>0x5d9a</load_address>
         <run_address>0x5d9a</run_address>
         <size>0x16</size>
         <input_file_ref idref="fl-4f"/>
      </object_component>
      <object_component id="oc-13f">
         <name>.cinit</name>
         <load_address>0x5db0</load_address>
         <run_address>0x5db0</run_address>
         <size>0x14</size>
         <input_file_ref idref="fl-54"/>
      </object_component>
      <object_component id="oc-163">
         <name>.cinit</name>
         <load_address>0x5dc4</load_address>
         <run_address>0x5dc4</run_address>
         <size>0x14</size>
         <input_file_ref idref="fl-5e"/>
      </object_component>
      <object_component id="oc-1af">
         <name>.cinit</name>
         <load_address>0x5dd8</load_address>
         <run_address>0x5dd8</run_address>
         <size>0x14</size>
         <input_file_ref idref="fl-6e"/>
      </object_component>
      <object_component id="oc-1c1">
         <name>.cinit</name>
         <load_address>0x5dec</load_address>
         <run_address>0x5dec</run_address>
         <size>0x14</size>
         <input_file_ref idref="fl-71"/>
      </object_component>
      <object_component id="oc-d4">
         <name>.cinit</name>
         <load_address>0x5e00</load_address>
         <run_address>0x5e00</run_address>
         <size>0x12</size>
         <input_file_ref idref="fl-3b"/>
      </object_component>
      <object_component id="oc-1b5">
         <name>.cinit</name>
         <load_address>0x5e12</load_address>
         <run_address>0x5e12</run_address>
         <size>0x10</size>
         <input_file_ref idref="fl-6f"/>
      </object_component>
      <object_component id="oc-ca">
         <name>.cinit</name>
         <load_address>0x5e22</load_address>
         <run_address>0x5e22</run_address>
         <size>0xa</size>
         <input_file_ref idref="fl-39"/>
      </object_component>
      <object_component id="oc-91">
         <name>.cinit</name>
         <load_address>0x5e2c</load_address>
         <run_address>0x5e2c</run_address>
         <size>0xa</size>
         <input_file_ref idref="fl-2a"/>
      </object_component>
      <object_component id="oc-1bb">
         <name>.cinit</name>
         <load_address>0x5e36</load_address>
         <run_address>0x5e36</run_address>
         <size>0xa</size>
         <input_file_ref idref="fl-70"/>
      </object_component>
      <object_component id="oc-192">
         <name>.cinit</name>
         <load_address>0x5e40</load_address>
         <run_address>0x5e40</run_address>
         <size>0x8</size>
         <input_file_ref idref="fl-68"/>
      </object_component>
      <object_component id="oc-14c">
         <name>.pinit</name>
         <load_address>0x86b8</load_address>
         <run_address>0x86b8</run_address>
         <size>0x4</size>
         <input_file_ref idref="fl-57"/>
      </object_component>
      <object_component id="oc-14f">
         <name>.pinit</name>
         <load_address>0x86bc</load_address>
         <run_address>0x86bc</run_address>
         <size>0x4</size>
         <input_file_ref idref="fl-58"/>
      </object_component>
      <object_component id="oc-52">
         <name>.gblinit</name>
         <load_address>0x85a8</load_address>
         <run_address>0x85a8</run_address>
         <size>0x42</size>
         <input_file_ref idref="fl-b"/>
      </object_component>
      <object_component id="oc-55">
         <name>.rtdx_data</name>
         <uninitialized>true</uninitialized>
         <run_address>0x74bc</run_address>
         <size>0x204</size>
         <input_file_ref idref="fl-b"/>
      </object_component>
      <object_component id="oc-144">
         <name>.rtdx_data</name>
         <uninitialized>true</uninitialized>
         <run_address>0x7704</run_address>
         <size>0x8</size>
         <input_file_ref idref="fl-55"/>
      </object_component>
      <object_component id="oc-14a">
         <name>.rtdx_data</name>
         <uninitialized>true</uninitialized>
         <run_address>0x76e4</run_address>
         <size>0x20</size>
         <input_file_ref idref="fl-57"/>
      </object_component>
      <object_component id="oc-14d">
         <name>.rtdx_data</name>
         <uninitialized>true</uninitialized>
         <run_address>0x76c0</run_address>
         <size>0x24</size>
         <input_file_ref idref="fl-58"/>
      </object_component>
      <object_component id="oc-60">
         <name>.TSK_idle$stk</name>
         <uninitialized>true</uninitialized>
         <run_address>0x41d4</run_address>
         <size>0xa00</size>
         <input_file_ref idref="fl-b"/>
      </object_component>
      <object_component id="oc-1d8">
         <name>.const:_LUT</name>
         <load_address>0x6f70</load_address>
         <run_address>0x6f70</run_address>
         <size>0x400</size>
         <input_file_ref idref="fl-c"/>
      </object_component>
      <object_component id="oc-173">
         <name>.const</name>
         <load_address>0x7370</load_address>
         <run_address>0x7370</run_address>
         <size>0x9e</size>
         <input_file_ref idref="fl-61"/>
      </object_component>
      <object_component id="oc-a7">
         <name>.const</name>
         <load_address>0x7410</load_address>
         <run_address>0x7410</run_address>
         <size>0x46</size>
         <input_file_ref idref="fl-31"/>
      </object_component>
      <object_component id="oc-ab">
         <name>.const</name>
         <load_address>0x7458</load_address>
         <run_address>0x7458</run_address>
         <size>0x44</size>
         <input_file_ref idref="fl-32"/>
      </object_component>
      <object_component id="oc-14e">
         <name>.const</name>
         <load_address>0x749c</load_address>
         <run_address>0x749c</run_address>
         <size>0xc</size>
         <input_file_ref idref="fl-58"/>
      </object_component>
      <object_component id="oc-80">
         <name>.const</name>
         <load_address>0x74a8</load_address>
         <run_address>0x74a8</run_address>
         <size>0x8</size>
         <input_file_ref idref="fl-f"/>
      </object_component>
      <object_component id="oc-14b">
         <name>.const</name>
         <load_address>0x74b0</load_address>
         <run_address>0x74b0</run_address>
         <size>0x8</size>
         <input_file_ref idref="fl-57"/>
      </object_component>
      <object_component id="oc-156">
         <name>.const</name>
         <load_address>0x74b8</load_address>
         <run_address>0x74b8</run_address>
         <size>0x2</size>
         <input_file_ref idref="fl-5b"/>
      </object_component>
      <object_component id="oc-56">
         <name>.printf</name>
         <load_address>0x74ba</load_address>
         <run_address>0x74ba</run_address>
         <size>0x8e</size>
         <input_file_ref idref="fl-b"/>
      </object_component>
      <object_component id="oc-64">
         <name>.LOG_system$buf</name>
         <uninitialized>true</uninitialized>
         <run_address>0x7800</run_address>
         <size>0x400</size>
         <input_file_ref idref="fl-b"/>
      </object_component>
      <object_component id="oc-66">
         <name>.trace$buf</name>
         <uninitialized>true</uninitialized>
         <run_address>0x6000</run_address>
         <size>0x800</size>
         <input_file_ref idref="fl-b"/>
      </object_component>
      <object_component id="oc-59">
         <name>.hst1</name>
         <uninitialized>true</uninitialized>
         <run_address>0x8678</run_address>
         <size>0x10</size>
         <input_file_ref idref="fl-b"/>
      </object_component>
      <object_component id="oc-5c">
         <name>.hst0</name>
         <uninitialized>true</uninitialized>
         <run_address>0x84d0</run_address>
         <size>0x80</size>
         <input_file_ref idref="fl-b"/>
      </object_component>
      <object_component id="oc-bc">
         <name>.args</name>
         <load_address>0x5fe8</load_address>
         <run_address>0x5fe8</run_address>
         <size>0x0</size>
         <input_file_ref idref="fl-36"/>
      </object_component>
      <object_component id="oc-30">
         <name>_SYS_PUTCBEG</name>
         <load_address>0x7c00</load_address>
         <run_address>0x7c00</run_address>
         <size>0x0</size>
      </object_component>
      <object_component id="oc-32">
         <name>_SYS_PUTCEND</name>
         <load_address>0x8000</load_address>
         <run_address>0x8000</run_address>
         <size>0x0</size>
      </object_component>
      <object_component id="oc-5a">
         <name>.hst</name>
         <uninitialized>true</uninitialized>
         <run_address>0x85ec</run_address>
         <size>0x34</size>
         <input_file_ref idref="fl-b"/>
      </object_component>
      <object_component id="oc-65">
         <name>.log</name>
         <uninitialized>true</uninitialized>
         <run_address>0x77d4</run_address>
         <size>0x28</size>
         <input_file_ref idref="fl-b"/>
      </object_component>
      <object_component id="oc-5b">
         <name>.pip</name>
         <uninitialized>true</uninitialized>
         <run_address>0x770c</run_address>
         <size>0xc8</size>
         <input_file_ref idref="fl-b"/>
      </object_component>
      <object_component id="oc-5f">
         <name>.sts</name>
         <uninitialized>true</uninitialized>
         <run_address>0x8620</run_address>
         <size>0x30</size>
         <input_file_ref idref="fl-b"/>
      </object_component>
      <object_component id="oc-39">
         <name>GBL_sysstackbeg</name>
         <uninitialized>true</uninitialized>
         <run_address>0x2dd4</run_address>
         <size>0x0</size>
      </object_component>
      <object_component id="oc-1d5">
         <name>.sysstack</name>
         <uninitialized>true</uninitialized>
         <run_address>0x2dd4</run_address>
         <size>0x0</size>
         <input_file_ref idref="fl-36"/>
      </object_component>
      <object_component id="oc-225">
         <name>.sysstack</name>
         <uninitialized>true</uninitialized>
         <run_address>0x2dd4</run_address>
         <size>0x0</size>
      </object_component>
      <object_component id="oc-3c">
         <name>GBL_stackbeg</name>
         <uninitialized>true</uninitialized>
         <run_address>0x2fd4</run_address>
         <size>0x0</size>
      </object_component>
      <object_component id="oc-bb">
         <name>.stack</name>
         <uninitialized>true</uninitialized>
         <run_address>0x2fd4</run_address>
         <size>0x0</size>
         <input_file_ref idref="fl-36"/>
      </object_component>
      <object_component id="oc-224">
         <name>.stack</name>
         <uninitialized>true</uninitialized>
         <run_address>0x2fd4</run_address>
         <size>0x0</size>
      </object_component>
      <object_component id="oc-5d">
         <name>.hwi_vec</name>
         <load_address>0xff00</load_address>
         <run_address>0xff00</run_address>
         <size>0x100</size>
         <input_file_ref idref="fl-b"/>
      </object_component>
      <object_component id="oc-50">
         <name>.debug_info</name>
         <load_address>0x0</load_address>
         <run_address>0x0</run_address>
         <size>0x48a</size>
         <input_file_ref idref="fl-a"/>
      </object_component>
      <object_component id="oc-69">
         <name>.debug_info</name>
         <load_address>0x48a</load_address>
         <run_address>0x48a</run_address>
         <size>0x1c9</size>
         <input_file_ref idref="fl-b"/>
      </object_component>
      <object_component id="oc-6e">
         <name>.debug_info</name>
         <load_address>0x653</load_address>
         <run_address>0x653</run_address>
         <size>0x817</size>
         <input_file_ref idref="fl-c"/>
      </object_component>
      <object_component id="oc-73">
         <name>.debug_info</name>
         <load_address>0xe6a</load_address>
         <run_address>0xe6a</run_address>
         <size>0x5c6</size>
         <input_file_ref idref="fl-d"/>
      </object_component>
      <object_component id="oc-78">
         <name>.debug_info</name>
         <load_address>0x1430</load_address>
         <run_address>0x1430</run_address>
         <size>0x4d2</size>
         <input_file_ref idref="fl-e"/>
      </object_component>
      <object_component id="oc-7e">
         <name>.debug_info</name>
         <load_address>0x1902</load_address>
         <run_address>0x1902</run_address>
         <size>0x93f</size>
         <input_file_ref idref="fl-f"/>
      </object_component>
      <object_component id="oc-85">
         <name>.debug_info</name>
         <load_address>0x2241</load_address>
         <run_address>0x2241</run_address>
         <size>0xbec</size>
         <input_file_ref idref="fl-10"/>
      </object_component>
      <object_component id="oc-8a">
         <name>.debug_info</name>
         <load_address>0x2e2d</load_address>
         <run_address>0x2e2d</run_address>
         <size>0x15e</size>
         <input_file_ref idref="fl-28"/>
      </object_component>
      <object_component id="oc-8f">
         <name>.debug_info</name>
         <load_address>0x2f8b</load_address>
         <run_address>0x2f8b</run_address>
         <size>0x80</size>
         <input_file_ref idref="fl-29"/>
      </object_component>
      <object_component id="oc-93">
         <name>.debug_info</name>
         <load_address>0x300b</load_address>
         <run_address>0x300b</run_address>
         <size>0x194</size>
         <input_file_ref idref="fl-2a"/>
      </object_component>
      <object_component id="oc-96">
         <name>.debug_info</name>
         <load_address>0x319f</load_address>
         <run_address>0x319f</run_address>
         <size>0x34b</size>
         <input_file_ref idref="fl-2b"/>
      </object_component>
      <object_component id="oc-99">
         <name>.debug_info</name>
         <load_address>0x34ea</load_address>
         <run_address>0x34ea</run_address>
         <size>0xf8</size>
         <input_file_ref idref="fl-2c"/>
      </object_component>
      <object_component id="oc-9c">
         <name>.debug_info</name>
         <load_address>0x35e2</load_address>
         <run_address>0x35e2</run_address>
         <size>0x6e4</size>
         <input_file_ref idref="fl-2d"/>
      </object_component>
      <object_component id="oc-9f">
         <name>.debug_info</name>
         <load_address>0x3cc6</load_address>
         <run_address>0x3cc6</run_address>
         <size>0x7e8</size>
         <input_file_ref idref="fl-2e"/>
      </object_component>
      <object_component id="oc-a2">
         <name>.debug_info</name>
         <load_address>0x44ae</load_address>
         <run_address>0x44ae</run_address>
         <size>0x3ec</size>
         <input_file_ref idref="fl-2f"/>
      </object_component>
      <object_component id="oc-a5">
         <name>.debug_info</name>
         <load_address>0x489a</load_address>
         <run_address>0x489a</run_address>
         <size>0xd4</size>
         <input_file_ref idref="fl-30"/>
      </object_component>
      <object_component id="oc-a9">
         <name>.debug_info</name>
         <load_address>0x496e</load_address>
         <run_address>0x496e</run_address>
         <size>0x5ff</size>
         <input_file_ref idref="fl-31"/>
      </object_component>
      <object_component id="oc-ad">
         <name>.debug_info</name>
         <load_address>0x4f6d</load_address>
         <run_address>0x4f6d</run_address>
         <size>0x5f6</size>
         <input_file_ref idref="fl-32"/>
      </object_component>
      <object_component id="oc-b2">
         <name>.debug_info</name>
         <load_address>0x5563</load_address>
         <run_address>0x5563</run_address>
         <size>0x4c5</size>
         <input_file_ref idref="fl-33"/>
      </object_component>
      <object_component id="oc-b5">
         <name>.debug_info</name>
         <load_address>0x5a28</load_address>
         <run_address>0x5a28</run_address>
         <size>0x485</size>
         <input_file_ref idref="fl-34"/>
      </object_component>
      <object_component id="oc-b9">
         <name>.debug_info</name>
         <load_address>0x5ead</load_address>
         <run_address>0x5ead</run_address>
         <size>0xc3</size>
         <input_file_ref idref="fl-35"/>
      </object_component>
      <object_component id="oc-be">
         <name>.debug_info</name>
         <load_address>0x5f70</load_address>
         <run_address>0x5f70</run_address>
         <size>0x108</size>
         <input_file_ref idref="fl-36"/>
      </object_component>
      <object_component id="oc-c2">
         <name>.debug_info</name>
         <load_address>0x6078</load_address>
         <run_address>0x6078</run_address>
         <size>0x7a</size>
         <input_file_ref idref="fl-37"/>
      </object_component>
      <object_component id="oc-c7">
         <name>.debug_info</name>
         <load_address>0x60f2</load_address>
         <run_address>0x60f2</run_address>
         <size>0x83d</size>
         <input_file_ref idref="fl-38"/>
      </object_component>
      <object_component id="oc-cd">
         <name>.debug_info</name>
         <load_address>0x692f</load_address>
         <run_address>0x692f</run_address>
         <size>0x12d</size>
         <input_file_ref idref="fl-39"/>
      </object_component>
      <object_component id="oc-d1">
         <name>.debug_info</name>
         <load_address>0x6a5c</load_address>
         <run_address>0x6a5c</run_address>
         <size>0xbb</size>
         <input_file_ref idref="fl-3a"/>
      </object_component>
      <object_component id="oc-d7">
         <name>.debug_info</name>
         <load_address>0x6b17</load_address>
         <run_address>0x6b17</run_address>
         <size>0x406</size>
         <input_file_ref idref="fl-3b"/>
      </object_component>
      <object_component id="oc-db">
         <name>.debug_info</name>
         <load_address>0x6f1d</load_address>
         <run_address>0x6f1d</run_address>
         <size>0xb3</size>
         <input_file_ref idref="fl-3c"/>
      </object_component>
      <object_component id="oc-df">
         <name>.debug_info</name>
         <load_address>0x6fd0</load_address>
         <run_address>0x6fd0</run_address>
         <size>0x187</size>
         <input_file_ref idref="fl-3d"/>
      </object_component>
      <object_component id="oc-e3">
         <name>.debug_info</name>
         <load_address>0x7157</load_address>
         <run_address>0x7157</run_address>
         <size>0x123</size>
         <input_file_ref idref="fl-3e"/>
      </object_component>
      <object_component id="oc-e9">
         <name>.debug_info</name>
         <load_address>0x727a</load_address>
         <run_address>0x727a</run_address>
         <size>0x23d</size>
         <input_file_ref idref="fl-3f"/>
      </object_component>
      <object_component id="oc-ed">
         <name>.debug_info</name>
         <load_address>0x74b7</load_address>
         <run_address>0x74b7</run_address>
         <size>0x11f</size>
         <input_file_ref idref="fl-40"/>
      </object_component>
      <object_component id="oc-f1">
         <name>.debug_info</name>
         <load_address>0x75d6</load_address>
         <run_address>0x75d6</run_address>
         <size>0x20b</size>
         <input_file_ref idref="fl-41"/>
      </object_component>
      <object_component id="oc-f5">
         <name>.debug_info</name>
         <load_address>0x77e1</load_address>
         <run_address>0x77e1</run_address>
         <size>0x3ff</size>
         <input_file_ref idref="fl-42"/>
      </object_component>
      <object_component id="oc-f9">
         <name>.debug_info</name>
         <load_address>0x7be0</load_address>
         <run_address>0x7be0</run_address>
         <size>0x3e1</size>
         <input_file_ref idref="fl-43"/>
      </object_component>
      <object_component id="oc-fd">
         <name>.debug_info</name>
         <load_address>0x7fc1</load_address>
         <run_address>0x7fc1</run_address>
         <size>0x6c7</size>
         <input_file_ref idref="fl-44"/>
      </object_component>
      <object_component id="oc-101">
         <name>.debug_info</name>
         <load_address>0x8688</load_address>
         <run_address>0x8688</run_address>
         <size>0x4b0</size>
         <input_file_ref idref="fl-45"/>
      </object_component>
      <object_component id="oc-105">
         <name>.debug_info</name>
         <load_address>0x8b38</load_address>
         <run_address>0x8b38</run_address>
         <size>0x419</size>
         <input_file_ref idref="fl-46"/>
      </object_component>
      <object_component id="oc-109">
         <name>.debug_info</name>
         <load_address>0x8f51</load_address>
         <run_address>0x8f51</run_address>
         <size>0xc2</size>
         <input_file_ref idref="fl-47"/>
      </object_component>
      <object_component id="oc-10d">
         <name>.debug_info</name>
         <load_address>0x9013</load_address>
         <run_address>0x9013</run_address>
         <size>0x59c</size>
         <input_file_ref idref="fl-48"/>
      </object_component>
      <object_component id="oc-111">
         <name>.debug_info</name>
         <load_address>0x95af</load_address>
         <run_address>0x95af</run_address>
         <size>0xd2</size>
         <input_file_ref idref="fl-49"/>
      </object_component>
      <object_component id="oc-115">
         <name>.debug_info</name>
         <load_address>0x9681</load_address>
         <run_address>0x9681</run_address>
         <size>0x681</size>
         <input_file_ref idref="fl-4a"/>
      </object_component>
      <object_component id="oc-119">
         <name>.debug_info</name>
         <load_address>0x9d02</load_address>
         <run_address>0x9d02</run_address>
         <size>0x9b4</size>
         <input_file_ref idref="fl-4b"/>
      </object_component>
      <object_component id="oc-11d">
         <name>.debug_info</name>
         <load_address>0xa6b6</load_address>
         <run_address>0xa6b6</run_address>
         <size>0x170</size>
         <input_file_ref idref="fl-4c"/>
      </object_component>
      <object_component id="oc-122">
         <name>.debug_info</name>
         <load_address>0xa826</load_address>
         <run_address>0xa826</run_address>
         <size>0xa09</size>
         <input_file_ref idref="fl-4d"/>
      </object_component>
      <object_component id="oc-126">
         <name>.debug_info</name>
         <load_address>0xb22f</load_address>
         <run_address>0xb22f</run_address>
         <size>0xc06</size>
         <input_file_ref idref="fl-4e"/>
      </object_component>
      <object_component id="oc-12c">
         <name>.debug_info</name>
         <load_address>0xbe35</load_address>
         <run_address>0xbe35</run_address>
         <size>0x99f</size>
         <input_file_ref idref="fl-4f"/>
      </object_component>
      <object_component id="oc-130">
         <name>.debug_info</name>
         <load_address>0xc7d4</load_address>
         <run_address>0xc7d4</run_address>
         <size>0x6b8</size>
         <input_file_ref idref="fl-50"/>
      </object_component>
      <object_component id="oc-134">
         <name>.debug_info</name>
         <load_address>0xce8c</load_address>
         <run_address>0xce8c</run_address>
         <size>0x78a</size>
         <input_file_ref idref="fl-51"/>
      </object_component>
      <object_component id="oc-138">
         <name>.debug_info</name>
         <load_address>0xd616</load_address>
         <run_address>0xd616</run_address>
         <size>0x7e</size>
         <input_file_ref idref="fl-52"/>
      </object_component>
      <object_component id="oc-13c">
         <name>.debug_info</name>
         <load_address>0xd694</load_address>
         <run_address>0xd694</run_address>
         <size>0x68e</size>
         <input_file_ref idref="fl-53"/>
      </object_component>
      <object_component id="oc-142">
         <name>.debug_info</name>
         <load_address>0xdd22</load_address>
         <run_address>0xdd22</run_address>
         <size>0x4a4</size>
         <input_file_ref idref="fl-54"/>
      </object_component>
      <object_component id="oc-146">
         <name>.debug_info</name>
         <load_address>0xe1c6</load_address>
         <run_address>0xe1c6</run_address>
         <size>0x408</size>
         <input_file_ref idref="fl-55"/>
      </object_component>
      <object_component id="oc-152">
         <name>.debug_info</name>
         <load_address>0xe5ce</load_address>
         <run_address>0xe5ce</run_address>
         <size>0xb3</size>
         <input_file_ref idref="fl-5a"/>
      </object_component>
      <object_component id="oc-158">
         <name>.debug_info</name>
         <load_address>0xe681</load_address>
         <run_address>0xe681</run_address>
         <size>0x8b3</size>
         <input_file_ref idref="fl-5b"/>
      </object_component>
      <object_component id="oc-15c">
         <name>.debug_info</name>
         <load_address>0xef34</load_address>
         <run_address>0xef34</run_address>
         <size>0xac4</size>
         <input_file_ref idref="fl-5c"/>
      </object_component>
      <object_component id="oc-160">
         <name>.debug_info</name>
         <load_address>0xf9f8</load_address>
         <run_address>0xf9f8</run_address>
         <size>0x580</size>
         <input_file_ref idref="fl-5d"/>
      </object_component>
      <object_component id="oc-165">
         <name>.debug_info</name>
         <load_address>0xff78</load_address>
         <run_address>0xff78</run_address>
         <size>0x44b</size>
         <input_file_ref idref="fl-5e"/>
      </object_component>
      <object_component id="oc-169">
         <name>.debug_info</name>
         <load_address>0x103c3</load_address>
         <run_address>0x103c3</run_address>
         <size>0x7c6</size>
         <input_file_ref idref="fl-5f"/>
      </object_component>
      <object_component id="oc-16d">
         <name>.debug_info</name>
         <load_address>0x10b89</load_address>
         <run_address>0x10b89</run_address>
         <size>0x81a</size>
         <input_file_ref idref="fl-60"/>
      </object_component>
      <object_component id="oc-175">
         <name>.debug_info</name>
         <load_address>0x113a3</load_address>
         <run_address>0x113a3</run_address>
         <size>0xe1d</size>
         <input_file_ref idref="fl-61"/>
      </object_component>
      <object_component id="oc-179">
         <name>.debug_info</name>
         <load_address>0x121c0</load_address>
         <run_address>0x121c0</run_address>
         <size>0xa03</size>
         <input_file_ref idref="fl-62"/>
[...]
         <object_component_ref idref="oc-10b"/>
      </symbol>
      <symbol id="sm-53a">
         <name>_HWI_enable</name>
         <value>0x20e8</value>
         <object_component_ref idref="oc-10b"/>
      </symbol>
      <symbol id="sm-53b">
         <name>_HWI_disable</name>
         <value>0x20d8</value>
         <object_component_ref idref="oc-10b"/>
      </symbol>
      <symbol id="sm-545">
         <name>_IDL_calibrate</name>
         <value>0x1f1f</value>
         <object_component_ref idref="oc-10f"/>
      </symbol>
      <symbol id="sm-54f">
         <name>_CLK_measure</name>
         <value>0x1be4</value>
         <object_component_ref idref="oc-113"/>
      </symbol>
      <symbol id="sm-559">
         <name>_KNL_exit</name>
         <value>0x1c8c</value>
         <object_component_ref idref="oc-117"/>
      </symbol>
      <symbol id="sm-55a">
         <name>_KNL_enter</name>
         <value>0x1c4c</value>
         <object_component_ref idref="oc-117"/>
      </symbol>
      <symbol id="sm-564">
         <name>_KNL_max</name>
         <value>0x1a30</value>
         <object_component_ref idref="oc-11b"/>
      </symbol>
      <symbol id="sm-565">
         <name>_KNL_check</name>
         <value>0x19b8</value>
         <object_component_ref idref="oc-11b"/>
      </symbol>
      <symbol id="sm-566">
         <name>_KNL_idle</name>
         <value>0x1a13</value>
         <object_component_ref idref="oc-11b"/>
      </symbol>
      <symbol id="sm-572">
         <name>_KNL_maxqueue</name>
         <value>0x6d90</value>
         <object_component_ref idref="oc-11f"/>
      </symbol>
      <symbol id="sm-573">
         <name>_KNL_inactive</name>
         <value>0x6d44</value>
         <object_component_ref idref="oc-11f"/>
      </symbol>
      <symbol id="sm-574">
         <name>_KNL_tswitchfxn</name>
         <value>0x6d94</value>
         <object_component_ref idref="oc-11f"/>
      </symbol>
      <symbol id="sm-575">
         <name>_KNL_setpri</name>
         <value>0x6d40</value>
         <object_component_ref idref="oc-11f"/>
      </symbol>
      <symbol id="sm-576">
         <name>_KNL_swiptr</name>
         <value>0x6d88</value>
         <object_component_ref idref="oc-11f"/>
      </symbol>
      <symbol id="sm-577">
         <name>_KNL_dummy</name>
         <value>0x6d4c</value>
         <object_component_ref idref="oc-11f"/>
      </symbol>
      <symbol id="sm-578">
         <name>_KNL_curtask</name>
         <value>0x6d7c</value>
         <object_component_ref idref="oc-11f"/>
      </symbol>
      <symbol id="sm-579">
         <name>_KNL_curqueue</name>
         <value>0x6d8c</value>
         <object_component_ref idref="oc-11f"/>
      </symbol>
      <symbol id="sm-57a">
         <name>_KNL_wList</name>
         <value>0x6d38</value>
         <object_component_ref idref="oc-11f"/>
      </symbol>
      <symbol id="sm-57b">
         <name>_KNL_curtime</name>
         <value>0x6d84</value>
         <object_component_ref idref="oc-11f"/>
      </symbol>
      <symbol id="sm-57c">
         <name>_KNL_set</name>
         <value>0x6c96</value>
         <object_component_ref idref="oc-11f"/>
      </symbol>
      <symbol id="sm-57d">
         <name>_KNL_alarm</name>
         <value>0x6d3c</value>
         <object_component_ref idref="oc-11f"/>
      </symbol>
      <symbol id="sm-57e">
         <name>_KNL_prevtask</name>
         <value>0x6d80</value>
         <object_component_ref idref="oc-11f"/>
      </symbol>
      <symbol id="sm-57f">
         <name>_KNL_queues</name>
         <value>0x6c98</value>
         <object_component_ref idref="oc-11f"/>
      </symbol>
      <symbol id="sm-580">
         <name>_KNL_idlefxn</name>
         <value>0x6da4</value>
         <object_component_ref idref="oc-11f"/>
      </symbol>
      <symbol id="sm-581">
         <name>_KNL_priority</name>
         <value>0x6d48</value>
         <object_component_ref idref="oc-11f"/>
      </symbol>
      <symbol id="sm-582">
         <name>_KNL_treadyfxn</name>
         <value>0x6da0</value>
         <object_component_ref idref="oc-11f"/>
      </symbol>
      <symbol id="sm-583">
         <name>_KNL_tcreatefxn</name>
         <value>0x6d98</value>
         <object_component_ref idref="oc-11f"/>
      </symbol>
      <symbol id="sm-584">
         <name>_KNL_wFlag</name>
         <value>0x6c94</value>
         <object_component_ref idref="oc-11f"/>
      </symbol>
      <symbol id="sm-585">
         <name>_KNL_tdeletefxn</name>
         <value>0x6d9c</value>
         <object_component_ref idref="oc-11f"/>
      </symbol>
      <symbol id="sm-58f">
         <name>_KNL_run</name>
         <value>0xeac</value>
         <object_component_ref idref="oc-124"/>
      </symbol>
      <symbol id="sm-59d">
         <name>_KNL_tick</name>
         <value>0x1168</value>
         <object_component_ref idref="oc-12a"/>
      </symbol>
      <symbol id="sm-5a7">
         <name>_KNL_post</name>
         <value>0x1fe0</value>
         <object_component_ref idref="oc-12e"/>
      </symbol>
      <symbol id="sm-5b1">
         <name>_KNL_ipost</name>
         <value>0x1cac</value>
         <object_component_ref idref="oc-132"/>
      </symbol>
      <symbol id="sm-5bb">
         <name>_MEM</name>
         <value>0x6f68</value>
         <object_component_ref idref="oc-136"/>
      </symbol>
      <symbol id="sm-5c5">
         <name>_MEM_init</name>
         <value>0x8000</value>
         <object_component_ref idref="oc-13a"/>
      </symbol>
      <symbol id="sm-5d3">
         <name>_OBJ_table</name>
         <value>0x6e58</value>
         <object_component_ref idref="oc-13e"/>
      </symbol>
      <symbol id="sm-5d4">
         <name>_OBJ_init</name>
         <value>0x834c</value>
         <object_component_ref idref="oc-140"/>
      </symbol>
      <symbol id="sm-5d5">
         <name>_OBJ_segtab</name>
         <value>0x6e90</value>
         <object_component_ref idref="oc-13e"/>
      </symbol>
      <symbol id="sm-5df">
         <name>_RTDX_Buffer_Start</name>
         <value>0x7704</value>
         <object_component_ref idref="oc-144"/>
      </symbol>
      <symbol id="sm-5e0">
         <name>_RTDX_Buffer_End</name>
         <value>0x7708</value>
         <object_component_ref idref="oc-144"/>
      </symbol>
      <symbol id="sm-5e6">
         <name>_RTDX_Buffer_ReadCB</name>
         <value>0x53ae</value>
         <object_component_ref idref="oc-1e2"/>
      </symbol>
      <symbol id="sm-5e7">
         <name>_RTDX_Buffer_Read</name>
         <value>0x549a</value>
         <object_component_ref idref="oc-1d9"/>
      </symbol>
      <symbol id="sm-5ff">
         <name>_rtdx_buffer_state</name>
         <value>0x76e4</value>
         <object_component_ref idref="oc-14a"/>
      </symbol>
      <symbol id="sm-600">
         <name>_RTDX_Buffer_WriteCB</name>
         <value>0x4daf</value>
         <object_component_ref idref="oc-1e3"/>
      </symbol>
      <symbol id="sm-601">
         <name>_rtdxNullChanCnt</name>
         <value>0x6f48</value>
         <object_component_ref idref="oc-148"/>
      </symbol>
      <symbol id="sm-602">
         <name>_RTDX_writing</name>
         <value>0x76f0</value>
         <object_component_ref idref="oc-14a"/>
      </symbol>
      <symbol id="sm-603">
         <name>_RTDX_Buffer_Initialize</name>
         <value>0x535b</value>
         <object_component_ref idref="oc-1db"/>
      </symbol>
      <symbol id="sm-604">
         <name>_RTDX_Buffer_Write</name>
         <value>0x54da</value>
         <object_component_ref idref="oc-1da"/>
      </symbol>
      <symbol id="sm-605">
         <name>_rtdxNullFuncCnt</name>
         <value>0x6f4a</value>
         <object_component_ref idref="oc-148"/>
      </symbol>
      <symbol id="sm-606">
         <name>_RTDX_Buffer_Size</name>
         <value>0x5435</value>
         <object_component_ref idref="oc-1e6"/>
      </symbol>
      <symbol id="sm-620">
         <name>_RTDX_LMM</name>
         <value>0x1</value>
      </symbol>
      <symbol id="sm-621">
         <name>_RTDX_Mon_Queue</name>
         <value>0x526e</value>
         <object_component_ref idref="oc-1e9"/>
      </symbol>
      <symbol id="sm-622">
         <name>_rtdx_mon_state</name>
         <value>0x76c0</value>
         <object_component_ref idref="oc-14d"/>
      </symbol>
      <symbol id="sm-623">
         <name>_RTDX_JTAGONLY</name>
         <value>0x3</value>
      </symbol>
      <symbol id="sm-624">
         <name>_RTDX_Final_RT_Monitor</name>
         <value>0x53f9</value>
         <object_component_ref idref="oc-1e5"/>
      </symbol>
      <symbol id="sm-625">
         <name>_RTDX_Poll</name>
         <value>0x503a</value>
         <object_component_ref idref="oc-1d6"/>
      </symbol>
      <symbol id="sm-626">
         <name>_RTDX_H2TPoll</name>
         <value>0x52f6</value>
         <object_component_ref idref="oc-1d7"/>
      </symbol>
      <symbol id="sm-627">
         <name>_RTDX_Init_RT_Monitor</name>
         <value>0x4f2b</value>
         <object_component_ref idref="oc-1dc"/>
      </symbol>
      <symbol id="sm-62d">
         <name>_RTDX_Set_IER</name>
         <value>0x54bc</value>
         <object_component_ref idref="oc-1e1"/>
      </symbol>
      <symbol id="sm-62e">
         <name>_RTDX_Mask_IER</name>
         <value>0x5470</value>
         <object_component_ref idref="oc-1dd"/>
      </symbol>
      <symbol id="sm-638">
         <name>_STS_set</name>
         <value>0x2138</value>
         <object_component_ref idref="oc-150"/>
      </symbol>
      <symbol id="sm-646">
         <name>_TSK_nTasks</name>
         <value>0x6da8</value>
         <object_component_ref idref="oc-154"/>
      </symbol>
      <symbol id="sm-647">
         <name>_TSK_config</name>
         <value>0x6dc8</value>
         <object_component_ref idref="oc-154"/>
      </symbol>
      <symbol id="sm-648">
         <name>_TSK</name>
         <value>0x6de4</value>
         <object_component_ref idref="oc-154"/>
      </symbol>
      <symbol id="sm-649">
         <name>_TSK_timerSem</name>
         <value>0x6de8</value>
         <object_component_ref idref="oc-154"/>
      </symbol>
      <symbol id="sm-64a">
         <name>_TSK_pid</name>
         <value>0x6daa</value>
         <object_component_ref idref="oc-154"/>
      </symbol>
      <symbol id="sm-64b">
         <name>_TSK_ATTRS</name>
         <value>0x6dac</value>
         <object_component_ref idref="oc-154"/>
      </symbol>
      <symbol id="sm-655">
         <name>_TSK_exit</name>
         <value>0x15d4</value>
         <object_component_ref idref="oc-15a"/>
      </symbol>
      <symbol id="sm-65f">
         <name>_SYS_exit</name>
         <value>0x1e90</value>
         <object_component_ref idref="oc-15e"/>
      </symbol>
      <symbol id="sm-66b">
         <name>_SYS_exitStack</name>
         <value>0x6ea0</value>
         <object_component_ref idref="oc-162"/>
      </symbol>
      <symbol id="sm-66c">
         <name>_SYS_exitStackPtr</name>
         <value>0x6ec0</value>
         <object_component_ref idref="oc-162"/>
      </symbol>
      <symbol id="sm-66d">
         <name>_SYS_exitStackTop</name>
         <value>0x6ec4</value>
         <object_component_ref idref="oc-162"/>
      </symbol>
      <symbol id="sm-677">
         <name>_TSK_init</name>
         <value>0x81e8</value>
         <object_component_ref idref="oc-167"/>
      </symbol>
      <symbol id="sm-681">
         <name>_TSK_setup</name>
         <value>0x16cc</value>
         <object_component_ref idref="oc-16b"/>
      </symbol>
      <symbol id="sm-693">
         <name>__MEM_mutex</name>
         <value>0x6e30</value>
         <object_component_ref idref="oc-170"/>
      </symbol>
      <symbol id="sm-694">
         <name>_TSK_startup</name>
         <value>0x1820</value>
         <object_component_ref idref="oc-172"/>
      </symbol>
      <symbol id="sm-695">
         <name>__TSK_mutex</name>
         <value>0x6e08</value>
         <object_component_ref idref="oc-170"/>
      </symbol>
      <symbol id="sm-69f">
         <name>_LCK_pend</name>
         <value>0x1d28</value>
         <object_component_ref idref="oc-177"/>
      </symbol>
      <symbol id="sm-6a0">
         <name>_LCK_post</name>
         <value>0x1d08</value>
         <object_component_ref idref="oc-177"/>
      </symbol>
      <symbol id="sm-6aa">
         <name>_SEM_pend</name>
         <value>0x1db1</value>
         <object_component_ref idref="oc-17b"/>
      </symbol>
      <symbol id="sm-6b4">
         <name>_SEM_pendEnterKnl</name>
         <value>0xb98</value>
         <object_component_ref idref="oc-17f"/>
      </symbol>
      <symbol id="sm-6be">
         <name>_SEM_postBinary</name>
         <value>0x1b5f</value>
         <object_component_ref idref="oc-183"/>
      </symbol>
      <symbol id="sm-6bf">
         <name>_SEM_post</name>
         <value>0x1b5f</value>
         <object_component_ref idref="oc-183"/>
      </symbol>
      <symbol id="sm-6c9">
         <name>_SEM_postEnterKnl</name>
         <value>0x1e00</value>
         <object_component_ref idref="oc-187"/>
      </symbol>
      <symbol id="sm-6d3">
         <name>_SYS_abort</name>
         <value>0x210c</value>
         <object_component_ref idref="oc-18b"/>
      </symbol>
      <symbol id="sm-6fb">
         <name>_USBSTK5515_I2C_reset</name>
         <value>0x2a41</value>
         <object_component_ref idref="oc-18f"/>
      </symbol>
      <symbol id="sm-6fc">
         <name>_USBSTK5515_I2C_read</name>
         <value>0x2ade</value>
         <object_component_ref idref="oc-18f"/>
      </symbol>
      <symbol id="sm-6fd">
         <name>_USBSTK5515_I2C_write</name>
         <value>0x2a4f</value>
         <object_component_ref idref="oc-18f"/>
      </symbol>
      <symbol id="sm-6fe">
         <name>_USBSTK5515_I2C_close</name>
         <value>0x2a38</value>
         <object_component_ref idref="oc-18f"/>
      </symbol>
      <symbol id="sm-6ff">
         <name>_i2c_timeout</name>
         <value>0x6e9e</value>
         <object_component_ref idref="oc-190"/>
      </symbol>
      <symbol id="sm-700">
         <name>_USBSTK5515_I2C_init</name>
         <value>0x2a19</value>
         <object_component_ref idref="oc-18f"/>
      </symbol>
      <symbol id="sm-714">
         <name>_USBSTK5515_GPIO_setDirection</name>
         <value>0x277c</value>
         <object_component_ref idref="oc-196"/>
      </symbol>
      <symbol id="sm-715">
         <name>_USBSTK5515_GPIO_getInput</name>
         <value>0x2876</value>
         <object_component_ref idref="oc-196"/>
      </symbol>
      <symbol id="sm-716">
         <name>_USBSTK5515_GPIO_init</name>
         <value>0x2778</value>
         <object_component_ref idref="oc-196"/>
      </symbol>
      <symbol id="sm-717">
         <name>_USBSTK5515_GPIO_setOutput</name>
         <value>0x27f9</value>
         <object_component_ref idref="oc-196"/>
      </symbol>
      <symbol id="sm-725">
         <name>_USBSTK5515_wait</name>
         <value>0x2c98</value>
         <object_component_ref idref="oc-19b"/>
      </symbol>
      <symbol id="sm-726">
         <name>_USBSTK5515_init</name>
         <value>0x2cde</value>
         <object_component_ref idref="oc-19b"/>
      </symbol>
      <symbol id="sm-727">
         <name>_USBSTK5515_waitusec</name>
         <value>0x2ccc</value>
         <object_component_ref idref="oc-19b"/>
      </symbol>
      <symbol id="sm-731">
         <name>__SEM_dopost</name>
         <value>0x14d0</value>
         <object_component_ref idref="oc-1a0"/>
      </symbol>
      <symbol id="sm-73b">
         <name>__divull</name>
         <value>0x2285</value>
         <object_component_ref idref="oc-1a4"/>
      </symbol>
      <symbol id="sm-73c">
         <name>__mpylli</name>
         <value>0x21cd</value>
         <object_component_ref idref="oc-1a4"/>
      </symbol>
      <symbol id="sm-73d">
         <name>__remlli</name>
         <value>0x219e</value>
         <object_component_ref idref="oc-1a4"/>
      </symbol>
      <symbol id="sm-73e">
         <name>__divlli</name>
         <value>0x2379</value>
         <object_component_ref idref="oc-1a4"/>
      </symbol>
      <symbol id="sm-73f">
         <name>__remull</name>
         <value>0x2150</value>
         <object_component_ref idref="oc-1a4"/>
      </symbol>
      <symbol id="sm-747">
         <name>__mpyli</name>
         <value>0x2d83</value>
         <object_component_ref idref="oc-1a8"/>
      </symbol>
      <symbol id="sm-748">
         <name>I$$LMPY</name>
         <value>0x2d83</value>
         <object_component_ref idref="oc-1a8"/>
      </symbol>
      <symbol id="sm-756">
         <name>__unlock</name>
         <value>0x6f58</value>
         <object_component_ref idref="oc-1ad"/>
      </symbol>
      <symbol id="sm-757">
         <name>__lock</name>
         <value>0x6f54</value>
         <object_component_ref idref="oc-1ad"/>
      </symbol>
      <symbol id="sm-758">
         <name>__register_lock</name>
         <value>0x2db0</value>
         <object_component_ref idref="oc-1ac"/>
      </symbol>
      <symbol id="sm-759">
         <name>__nop</name>
         <value>0x2db8</value>
         <object_component_ref idref="oc-1ac"/>
      </symbol>
      <symbol id="sm-75a">
         <name>__register_unlock</name>
         <value>0x2da8</value>
         <object_component_ref idref="oc-1ac"/>
      </symbol>
      <symbol id="sm-768">
         <name>_atexit</name>
         <value>0x2bcc</value>
         <object_component_ref idref="oc-1b2"/>
      </symbol>
      <symbol id="sm-769">
         <name>___atexit_func_id__</name>
         <value>0x6b10</value>
         <object_component_ref idref="oc-1b3"/>
      </symbol>
      <symbol id="sm-777">
         <name>_dtors</name>
         <value>0x6f6c</value>
         <object_component_ref idref="oc-1b9"/>
      </symbol>
      <symbol id="sm-778">
         <name>_call_dtors</name>
         <value>0x2b57</value>
         <object_component_ref idref="oc-1b8"/>
      </symbol>
      <symbol id="sm-779">
         <name>___add_dtor</name>
         <value>0x2bad</value>
         <object_component_ref idref="oc-1b8"/>
      </symbol>
      <symbol id="sm-789">
         <name>C$$EXIT</name>
         <value>0x2dcc</value>
         <object_component_ref idref="oc-1c2"/>
      </symbol>
      <symbol id="sm-78a">
         <name>_exit</name>
         <value>0x2d2b</value>
         <object_component_ref idref="oc-1be"/>
      </symbol>
      <symbol id="sm-78b">
         <name>_abort</name>
         <value>0x2dcb</value>
         <object_component_ref idref="oc-1c2"/>
      </symbol>
      <symbol id="sm-78c">
         <name>__cleanup_ptr</name>
         <value>0x6f5c</value>
         <object_component_ref idref="oc-1bf"/>
      </symbol>
      <symbol id="sm-78d">
         <name>__dtors_ptr</name>
         <value>0x6f60</value>
         <object_component_ref idref="oc-1bf"/>
      </symbol>
      <symbol id="sm-797">
         <name>_auto_init</name>
         <value>0x826c</value>
         <object_component_ref idref="oc-1c5"/>
      </symbol>
      <symbol id="sm-79f">
         <name>_memcpy</name>
         <value>0x2cec</value>
         <object_component_ref idref="oc-1c9"/>
      </symbol>
      <symbol id="sm-7a9">
         <name>_memset</name>
         <value>0x2dba</value>
         <object_component_ref idref="oc-1cd"/>
      </symbol>
      <symbol id="sm-7b3">
         <name>iRTA_F_or</name>
         <value>0x1f92</value>
         <object_component_ref idref="oc-1d1"/>
      </symbol>
      <symbol id="sm-7b4">
         <name>RTA_F_or</name>
         <value>0x1f7b</value>
         <object_component_ref idref="oc-1d1"/>
      </symbol>
      <symbol id="sm-7b5">
         <name>RTA_F_andn</name>
         <value>0x1f65</value>
         <object_component_ref idref="oc-1d1"/>
      </symbol>
   </symbol_table>
</link_info>
