<?xml version="1.0"?>
<link_info>
   <banner>TMS320C55x Linker PC v4.4.1</banner>
   <copyright>Copyright (c) 1996-2012 Texas Instruments Incorporated</copyright>
   <link_time>0x534aeb0b</link_time>
   <output_file>bios_bit_crusher.out</output_file>
   <entry_point>
      <name>_c_int00</name>
      <address>0xbadd</address>
   </entry_point>
   <input_file_list>
      <input_file id="fl-a">
         <path>.\</path>
         <kind>object</kind>
         <file>userInterface.obj</file>
         <name>userInterface.obj</name>
      </input_file>
      <input_file id="fl-b">
         <path>.\</path>
         <kind>object</kind>
         <file>tskcfg_c.obj</file>
         <name>tskcfg_c.obj</name>
      </input_file>
      <input_file id="fl-c">
         <path>.\</path>
         <kind>object</kind>
         <file>tskcfg.obj</file>
         <name>tskcfg.obj</name>
      </input_file>
      <input_file id="fl-d">
         <path>.\</path>
         <kind>object</kind>
         <file>main.obj</file>
         <name>main.obj</name>
      </input_file>
      <input_file id="fl-e">
         <path>.\</path>
         <kind>object</kind>
         <file>i2s.obj</file>
         <name>i2s.obj</name>
      </input_file>
      <input_file id="fl-f">
         <path>.\</path>
         <kind>object</kind>
         <file>fir_filter.obj</file>
         <name>fir_filter.obj</name>
      </input_file>
      <input_file id="fl-10">
         <path>.\</path>
         <kind>object</kind>
         <file>fir2.obj</file>
         <name>fir2.obj</name>
      </input_file>
      <input_file id="fl-11">
         <path>.\</path>
         <kind>object</kind>
         <file>dma.obj</file>
         <name>dma.obj</name>
      </input_file>
      <input_file id="fl-12">
         <path>.\</path>
         <kind>object</kind>
         <file>bit_crusher.obj</file>
         <name>bit_crusher.obj</name>
      </input_file>
      <input_file id="fl-13">
         <path>.\</path>
         <kind>object</kind>
         <file>aic3204.obj</file>
         <name>aic3204.obj</name>
      </input_file>
      <input_file id="fl-2b">
         <path>E:\Apps\Texas Instruments\bios_5_42_01_09\packages\ti\bios\lib\</path>
         <kind>archive</kind>
         <file>bios.a55L</file>
         <name>fxn.o55L</name>
      </input_file>
      <input_file id="fl-2c">
         <path>E:\Apps\Texas Instruments\bios_5_42_01_09\packages\ti\bios\lib\</path>
         <kind>archive</kind>
         <file>bios.a55L</file>
         <name>biosdata.o55L</name>
      </input_file>
      <input_file id="fl-2d">
         <path>E:\Apps\Texas Instruments\bios_5_42_01_09\packages\ti\bios\lib\</path>
         <kind>archive</kind>
         <file>bios.a55L</file>
         <name>knl_swit.o55L</name>
      </input_file>
      <input_file id="fl-2e">
         <path>E:\Apps\Texas Instruments\bios_5_42_01_09\packages\ti\bios\lib\</path>
         <kind>archive</kind>
         <file>bios.a55L</file>
         <name>swi.o55L</name>
      </input_file>
      <input_file id="fl-2f">
         <path>E:\Apps\Texas Instruments\bios_5_42_01_09\packages\ti\bios\lib\</path>
         <kind>archive</kind>
         <file>bios.a55L</file>
         <name>clk_run.o55L</name>
      </input_file>
      <input_file id="fl-30">
         <path>E:\Apps\Texas Instruments\bios_5_42_01_09\packages\ti\bios\lib\</path>
         <kind>archive</kind>
         <file>bios5505.a55L</file>
         <name>clk5505_htime.o55L</name>
      </input_file>
      <input_file id="fl-31">
         <path>E:\Apps\Texas Instruments\bios_5_42_01_09\packages\ti\bios\lib\</path>
         <kind>archive</kind>
         <file>bios5505.a55L</file>
         <name>clk5505_isr.o55L</name>
      </input_file>
      <input_file id="fl-32">
         <path>E:\Apps\Texas Instruments\bios_5_42_01_09\packages\ti\bios\lib\</path>
         <kind>archive</kind>
         <file>bios.a55L</file>
         <name>fxn_c.o55L</name>
      </input_file>
      <input_file id="fl-33">
         <path>E:\Apps\Texas Instruments\bios_5_42_01_09\packages\ti\bios\lib\</path>
         <kind>archive</kind>
         <file>bios.a55L</file>
         <name>idl_stub.o55L</name>
      </input_file>
      <input_file id="fl-34">
         <path>E:\Apps\Texas Instruments\bios_5_42_01_09\packages\ti\bios\lib\</path>
         <kind>archive</kind>
         <file>bios.a55L</file>
         <name>utl_doab.o55L</name>
      </input_file>
      <input_file id="fl-35">
         <path>E:\Apps\Texas Instruments\bios_5_42_01_09\packages\ti\bios\lib\</path>
         <kind>archive</kind>
         <file>bios.a55L</file>
         <name>utl_doer.o55L</name>
      </input_file>
      <input_file id="fl-36">
         <path>E:\Apps\Texas Instruments\bios_5_42_01_09\packages\ti\bios\lib\</path>
         <kind>archive</kind>
         <file>bios.a55L</file>
         <name>utl_putc.o55L</name>
      </input_file>
      <input_file id="fl-37">
         <path>E:\Apps\Texas Instruments\bios_5_42_01_09\packages\ti\bios\lib\</path>
         <kind>archive</kind>
         <file>bios.a55L</file>
         <name>utl_halt.o55L</name>
      </input_file>
      <input_file id="fl-38">
         <path>E:\Apps\Texas Instruments\bios_5_42_01_09\packages\ti\bios\lib\</path>
         <kind>archive</kind>
         <file>bios5505.a55L</file>
         <name>clk_itime.o55L</name>
      </input_file>
      <input_file id="fl-39">
         <path>E:\Apps\Texas Instruments\bios_5_42_01_09\packages\ti\bios\lib\</path>
         <kind>archive</kind>
         <file>bios.a55L</file>
         <name>boot.o55L</name>
      </input_file>
      <input_file id="fl-3a">
         <path>E:\Apps\Texas Instruments\bios_5_42_01_09\packages\ti\bios\lib\</path>
         <kind>archive</kind>
         <file>bios.a55L</file>
         <name>trc.o55L</name>
      </input_file>
      <input_file id="fl-3b">
         <path>E:\Apps\Texas Instruments\bios_5_42_01_09\packages\ti\bios\lib\</path>
         <kind>archive</kind>
         <file>bios.a55L</file>
         <name>hwi_disp_asm.o55L</name>
      </input_file>
      <input_file id="fl-3c">
         <path>E:\Apps\Texas Instruments\bios_5_42_01_09\packages\ti\bios\lib\</path>
         <kind>archive</kind>
         <file>bios.a55L</file>
         <name>idl_busy.o55L</name>
      </input_file>
      <input_file id="fl-3d">
         <path>E:\Apps\Texas Instruments\bios_5_42_01_09\packages\ti\bios\lib\</path>
         <kind>archive</kind>
         <file>bios.a55L</file>
         <name>idl.o55L</name>
      </input_file>
      <input_file id="fl-3e">
         <path>E:\Apps\Texas Instruments\bios_5_42_01_09\packages\ti\bios\lib\</path>
         <kind>archive</kind>
         <file>lnkrtdx.a55L</file>
         <name>rtdx.o55L</name>
      </input_file>
      <input_file id="fl-3f">
         <path>E:\Apps\Texas Instruments\bios_5_42_01_09\packages\ti\bios\lib\</path>
         <kind>archive</kind>
         <file>bios.a55L</file>
         <name>log.o55L</name>
      </input_file>
      <input_file id="fl-40">
         <path>E:\Apps\Texas Instruments\bios_5_42_01_09\packages\ti\bios\lib\</path>
         <kind>archive</kind>
         <file>bios.a55L</file>
         <name>pip.o55L</name>
      </input_file>
      <input_file id="fl-41">
         <path>E:\Apps\Texas Instruments\bios_5_42_01_09\packages\ti\bios\lib\</path>
         <kind>archive</kind>
         <file>bios.a55L</file>
         <name>prd.o55L</name>
      </input_file>
      <input_file id="fl-42">
         <path>E:\Apps\Texas Instruments\bios_5_42_01_09\packages\ti\bios\lib\</path>
         <kind>archive</kind>
         <file>bios.a55L</file>
         <name>rta.o55L</name>
      </input_file>
      <input_file id="fl-43">
         <path>E:\Apps\Texas Instruments\bios_5_42_01_09\packages\ti\bios\lib\</path>
         <kind>archive</kind>
         <file>bios.a55L</file>
         <name>sts.o55L</name>
      </input_file>
      <input_file id="fl-44">
         <path>E:\Apps\Texas Instruments\bios_5_42_01_09\packages\ti\bios\lib\</path>
         <kind>archive</kind>
         <file>bios.a55L</file>
         <name>c55_c.o55L</name>
      </input_file>
      <input_file id="fl-45">
         <path>E:\Apps\Texas Instruments\bios_5_42_01_09\packages\ti\bios\lib\</path>
         <kind>archive</kind>
         <file>bios.a55L</file>
         <name>clk_data.o55L</name>
      </input_file>
      <input_file id="fl-46">
         <path>E:\Apps\Texas Instruments\bios_5_42_01_09\packages\ti\bios\lib\</path>
         <kind>archive</kind>
         <file>bios.a55L</file>
         <name>clk_data2.o55L</name>
      </input_file>
      <input_file id="fl-47">
         <path>E:\Apps\Texas Instruments\bios_5_42_01_09\packages\ti\bios\lib\</path>
         <kind>archive</kind>
         <file>bios5505.a55L</file>
         <name>clk5505_start.o55L</name>
      </input_file>
      <input_file id="fl-48">
         <path>E:\Apps\Texas Instruments\bios_5_42_01_09\packages\ti\bios\lib\</path>
         <kind>archive</kind>
         <file>bios5505.a55L</file>
         <name>clk5505_data.o55L</name>
      </input_file>
      <input_file id="fl-49">
         <path>E:\Apps\Texas Instruments\bios_5_42_01_09\packages\ti\bios\lib\</path>
         <kind>archive</kind>
         <file>bios5505.a55L</file>
         <name>clk5505_wdog.o55L</name>
      </input_file>
      <input_file id="fl-4a">
         <path>E:\Apps\Texas Instruments\bios_5_42_01_09\packages\ti\bios\lib\</path>
         <kind>archive</kind>
         <file>bios.a55L</file>
         <name>gbl_vers.o55L</name>
      </input_file>
      <input_file id="fl-4b">
         <path>E:\Apps\Texas Instruments\bios_5_42_01_09\packages\ti\bios\lib\</path>
         <kind>archive</kind>
         <file>bios.a55L</file>
         <name>hwi_xable.o55L</name>
      </input_file>
      <input_file id="fl-4c">
         <path>E:\Apps\Texas Instruments\bios_5_42_01_09\packages\ti\bios\lib\</path>
         <kind>archive</kind>
         <file>bios.a55L</file>
         <name>idl_cal.o55L</name>
      </input_file>
      <input_file id="fl-4d">
         <path>E:\Apps\Texas Instruments\bios_5_42_01_09\packages\ti\bios\lib\</path>
         <kind>archive</kind>
         <file>bios5505.a55L</file>
         <name>clk5505_meas.o55L</name>
      </input_file>
      <input_file id="fl-4e">
         <path>E:\Apps\Texas Instruments\bios_5_42_01_09\packages\ti\bios\lib\</path>
         <kind>archive</kind>
         <file>bios.a55L</file>
         <name>knl_exit.o55L</name>
      </input_file>
      <input_file id="fl-4f">
         <path>E:\Apps\Texas Instruments\bios_5_42_01_09\packages\ti\bios\lib\</path>
         <kind>archive</kind>
         <file>bios.a55L</file>
         <name>knl_chec.o55L</name>
      </input_file>
      <input_file id="fl-50">
         <path>E:\Apps\Texas Instruments\bios_5_42_01_09\packages\ti\bios\lib\</path>
         <kind>archive</kind>
         <file>bios.a55L</file>
         <name>knl.o55L</name>
      </input_file>
      <input_file id="fl-51">
         <path>E:\Apps\Texas Instruments\bios_5_42_01_09\packages\ti\bios\lib\</path>
         <kind>archive</kind>
         <file>bios.a55L</file>
         <name>knl_run.o55L</name>
      </input_file>
      <input_file id="fl-52">
         <path>E:\Apps\Texas Instruments\bios_5_42_01_09\packages\ti\bios\lib\</path>
         <kind>archive</kind>
         <file>bios.a55L</file>
         <name>knl_tick.o55L</name>
      </input_file>
      <input_file id="fl-53">
         <path>E:\Apps\Texas Instruments\bios_5_42_01_09\packages\ti\bios\lib\</path>
         <kind>archive</kind>
         <file>bios.a55L</file>
         <name>knl_post.o55L</name>
      </input_file>
      <input_file id="fl-54">
         <path>E:\Apps\Texas Instruments\bios_5_42_01_09\packages\ti\bios\lib\</path>
         <kind>archive</kind>
         <file>bios.a55L</file>
         <name>knl_ipos.o55L</name>
      </input_file>
      <input_file id="fl-55">
         <path>E:\Apps\Texas Instruments\bios_5_42_01_09\packages\ti\bios\lib\</path>
         <kind>archive</kind>
         <file>bios.a55L</file>
         <name>mem_asm.o55L</name>
      </input_file>
      <input_file id="fl-56">
         <path>E:\Apps\Texas Instruments\bios_5_42_01_09\packages\ti\bios\lib\</path>
         <kind>archive</kind>
         <file>bios.a55L</file>
         <name>mem_init.o55L</name>
      </input_file>
      <input_file id="fl-57">
         <path>E:\Apps\Texas Instruments\bios_5_42_01_09\packages\ti\bios\lib\</path>
         <kind>archive</kind>
         <file>bios.a55L</file>
         <name>obj_init.o55L</name>
      </input_file>
      <input_file id="fl-58">
         <path>E:\Apps\Texas Instruments\bios_5_42_01_09\packages\ti\bios\lib\</path>
         <kind>archive</kind>
         <file>bios.a55L</file>
         <name>rtdx_data.o55L</name>
      </input_file>
      <input_file id="fl-59">
         <path>E:\Apps\Texas Instruments\bios_5_42_01_09\packages\ti\rtdx\lib\c5500\</path>
         <kind>archive</kind>
         <file>rtdxx.lib</file>
         <name>buffer2.o55L</name>
      </input_file>
      <input_file id="fl-5a">
         <path>E:\Apps\Texas Instruments\bios_5_42_01_09\packages\ti\rtdx\lib\c5500\</path>
         <kind>archive</kind>
         <file>rtdxx.lib</file>
         <name>buffer1.o55L</name>
      </input_file>
      <input_file id="fl-5b">
         <path>E:\Apps\Texas Instruments\bios_5_42_01_09\packages\ti\rtdx\lib\c5500\</path>
         <kind>archive</kind>
         <file>rtdxx.lib</file>
         <name>rtdx_mon.o55L</name>
      </input_file>
      <input_file id="fl-5c">
         <path>E:\Apps\Texas Instruments\bios_5_42_01_09\packages\ti\rtdx\lib\c5500\</path>
         <kind>archive</kind>
         <file>rtdxx.lib</file>
         <name>intr_tgt.o55L</name>
      </input_file>
      <input_file id="fl-5d">
         <path>E:\Apps\Texas Instruments\bios_5_42_01_09\packages\ti\bios\lib\</path>
         <kind>archive</kind>
         <file>bios.a55L</file>
         <name>sem_pend_counting.o55L</name>
      </input_file>
      <input_file id="fl-5e">
         <path>E:\Apps\Texas Instruments\bios_5_42_01_09\packages\ti\bios\lib\</path>
         <kind>archive</kind>
         <file>bios.a55L</file>
         <name>sem_pend.o55L</name>
      </input_file>
      <input_file id="fl-5f">
         <path>E:\Apps\Texas Instruments\bios_5_42_01_09\packages\ti\bios\lib\</path>
         <kind>archive</kind>
         <file>bios.a55L</file>
         <name>sem_post_asm.o55L</name>
      </input_file>
      <input_file id="fl-60">
         <path>E:\Apps\Texas Instruments\bios_5_42_01_09\packages\ti\bios\lib\</path>
         <kind>archive</kind>
         <file>bios.a55L</file>
         <name>sem_post.o55L</name>
      </input_file>
      <input_file id="fl-61">
         <path>E:\Apps\Texas Instruments\bios_5_42_01_09\packages\ti\bios\lib\</path>
         <kind>archive</kind>
         <file>bios.a55L</file>
         <name>sts_set.o55L</name>
      </input_file>
      <input_file id="fl-62">
         <path>E:\Apps\Texas Instruments\bios_5_42_01_09\packages\ti\bios\lib\</path>
         <kind>archive</kind>
         <file>bios.a55L</file>
         <name>tsk.o55L</name>
      </input_file>
      <input_file id="fl-63">
         <path>E:\Apps\Texas Instruments\bios_5_42_01_09\packages\ti\bios\lib\</path>
         <kind>archive</kind>
         <file>bios.a55L</file>
         <name>tsk_exit.o55L</name>
      </input_file>
      <input_file id="fl-64">
         <path>E:\Apps\Texas Instruments\bios_5_42_01_09\packages\ti\bios\lib\</path>
         <kind>archive</kind>
         <file>bios.a55L</file>
         <name>sys_exit.o55L</name>
      </input_file>
      <input_file id="fl-65">
         <path>E:\Apps\Texas Instruments\bios_5_42_01_09\packages\ti\bios\lib\</path>
         <kind>archive</kind>
         <file>bios.a55L</file>
         <name>sys.o55L</name>
      </input_file>
      <input_file id="fl-66">
         <path>E:\Apps\Texas Instruments\bios_5_42_01_09\packages\ti\bios\lib\</path>
         <kind>archive</kind>
         <file>bios.a55L</file>
         <name>tsk_init.o55L</name>
      </input_file>
      <input_file id="fl-67">
         <path>E:\Apps\Texas Instruments\bios_5_42_01_09\packages\ti\bios\lib\</path>
         <kind>archive</kind>
         <file>bios.a55L</file>
         <name>tsk_setu.o55L</name>
      </input_file>
      <input_file id="fl-68">
         <path>E:\Apps\Texas Instruments\bios_5_42_01_09\packages\ti\bios\lib\</path>
         <kind>archive</kind>
         <file>bios.a55L</file>
         <name>tsk_stup.o55L</name>
      </input_file>
      <input_file id="fl-69">
         <path>E:\Apps\Texas Instruments\bios_5_42_01_09\packages\ti\bios\lib\</path>
         <kind>archive</kind>
         <file>bios.a55L</file>
         <name>lck.o55L</name>
      </input_file>
      <input_file id="fl-6a">
         <path>E:\Apps\Texas Instruments\bios_5_42_01_09\packages\ti\bios\lib\</path>
         <kind>archive</kind>
         <file>bios.a55L</file>
         <name>sys_abor.o55L</name>
      </input_file>
      <input_file id="fl-6b">
         <path>..\include\</path>
         <kind>archive</kind>
         <file>usbstk5515bsl.lib</file>
         <name>usbstk5515_i2c.obj</name>
      </input_file>
      <input_file id="fl-6c">
         <path>..\include\</path>
         <kind>archive</kind>
         <file>usbstk5515bsl.lib</file>
         <name>usbstk5515_gpio.obj</name>
      </input_file>
      <input_file id="fl-6d">
         <path>..\include\</path>
         <kind>archive</kind>
         <file>usbstk5515bsl.lib</file>
         <name>usbstk5515_led.obj</name>
      </input_file>
      <input_file id="fl-6e">
         <path>..\include\</path>
         <kind>archive</kind>
         <file>usbstk5515bsl.lib</file>
         <name>usbstk5515.obj</name>
      </input_file>
      <input_file id="fl-6f">
         <path>E:\Apps\Texas Instruments\bios_5_42_01_09\packages\ti\bios\lib\</path>
         <kind>archive</kind>
         <file>bios.a55L</file>
         <name>sem_dopo.o55L</name>
      </input_file>
      <input_file id="fl-70">
         <path>E:\Apps\Texas Instruments\ccsv5\tools\compiler\c5500_4.4.1\lib\</path>
         <kind>archive</kind>
         <file>rts55x.lib</file>
         <name>fixdu.obj</name>
      </input_file>
      <input_file id="fl-71">
         <path>E:\Apps\Texas Instruments\ccsv5\tools\compiler\c5500_4.4.1\lib\</path>
         <kind>archive</kind>
         <file>rts55x.lib</file>
         <name>fixdul.obj</name>
      </input_file>
      <input_file id="fl-72">
         <path>E:\Apps\Texas Instruments\ccsv5\tools\compiler\c5500_4.4.1\lib\</path>
         <kind>archive</kind>
         <file>rts55x.lib</file>
         <name>fltid.obj</name>
      </input_file>
      <input_file id="fl-73">
         <path>E:\Apps\Texas Instruments\ccsv5\tools\compiler\c5500_4.4.1\lib\</path>
         <kind>archive</kind>
         <file>rts55x.lib</file>
         <name>fltlid.obj</name>
      </input_file>
      <input_file id="fl-74">
         <path>E:\Apps\Texas Instruments\ccsv5\tools\compiler\c5500_4.4.1\lib\</path>
         <kind>archive</kind>
         <file>rts55x.lib</file>
         <name>lmpy.obj</name>
      </input_file>
      <input_file id="fl-75">
         <path>E:\Apps\Texas Instruments\ccsv5\tools\compiler\c5500_4.4.1\lib\</path>
         <kind>archive</kind>
         <file>rts55x.lib</file>
         <name>_lock.obj</name>
      </input_file>
      <input_file id="fl-76">
         <path>E:\Apps\Texas Instruments\ccsv5\tools\compiler\c5500_4.4.1\lib\</path>
         <kind>archive</kind>
         <file>rts55x.lib</file>
         <name>subd.obj</name>
      </input_file>
      <input_file id="fl-77">
         <path>E:\Apps\Texas Instruments\ccsv5\tools\compiler\c5500_4.4.1\lib\</path>
         <kind>archive</kind>
         <file>rts55x.lib</file>
         <name>addd.obj</name>
      </input_file>
      <input_file id="fl-78">
         <path>E:\Apps\Texas Instruments\ccsv5\tools\compiler\c5500_4.4.1\lib\</path>
         <kind>archive</kind>
         <file>rts55x.lib</file>
         <name>atexit.obj</name>
      </input_file>
      <input_file id="fl-79">
         <path>E:\Apps\Texas Instruments\ccsv5\tools\compiler\c5500_4.4.1\lib\</path>
         <kind>archive</kind>
         <file>rts55x.lib</file>
         <name>sinit.obj</name>
      </input_file>
      <input_file id="fl-7a">
         <path>E:\Apps\Texas Instruments\ccsv5\tools\compiler\c5500_4.4.1\lib\</path>
         <kind>archive</kind>
         <file>rts55x.lib</file>
         <name>exit.obj</name>
      </input_file>
      <input_file id="fl-7b">
         <path>E:\Apps\Texas Instruments\bios_5_42_01_09\packages\ti\bios\lib\</path>
         <kind>archive</kind>
         <file>bios.a55L</file>
         <name>autoinit.o55L</name>
      </input_file>
      <input_file id="fl-7c">
         <path>E:\Apps\Texas Instruments\ccsv5\tools\compiler\c5500_4.4.1\lib\</path>
         <kind>archive</kind>
         <file>rts55x.lib</file>
         <name>memcpy.obj</name>
      </input_file>
      <input_file id="fl-7d">
         <path>E:\Apps\Texas Instruments\ccsv5\tools\compiler\c5500_4.4.1\lib\</path>
         <kind>archive</kind>
         <file>rts55x.lib</file>
         <name>memset.obj</name>
      </input_file>
      <input_file id="fl-7e">
         <path>E:\Apps\Texas Instruments\ccsv5\tools\compiler\c5500_4.4.1\lib\</path>
         <kind>archive</kind>
         <file>rts55x.lib</file>
         <name>pow.obj</name>
      </input_file>
      <input_file id="fl-7f">
         <path>E:\Apps\Texas Instruments\ccsv5\tools\compiler\c5500_4.4.1\lib\</path>
         <kind>archive</kind>
         <file>rts55x.lib</file>
         <name>cmpd.obj</name>
      </input_file>
      <input_file id="fl-80">
         <path>E:\Apps\Texas Instruments\ccsv5\tools\compiler\c5500_4.4.1\lib\</path>
         <kind>archive</kind>
         <file>rts55x.lib</file>
         <name>divd.obj</name>
      </input_file>
      <input_file id="fl-81">
         <path>E:\Apps\Texas Instruments\ccsv5\tools\compiler\c5500_4.4.1\lib\</path>
         <kind>archive</kind>
         <file>rts55x.lib</file>
         <name>fixdi.obj</name>
      </input_file>
      <input_file id="fl-82">
         <path>E:\Apps\Texas Instruments\ccsv5\tools\compiler\c5500_4.4.1\lib\</path>
         <kind>archive</kind>
         <file>rts55x.lib</file>
         <name>fixdli.obj</name>
      </input_file>
      <input_file id="fl-83">
         <path>E:\Apps\Texas Instruments\ccsv5\tools\compiler\c5500_4.4.1\lib\</path>
         <kind>archive</kind>
         <file>rts55x.lib</file>
         <name>frcmpyd_div.obj</name>
      </input_file>
      <input_file id="fl-84">
         <path>E:\Apps\Texas Instruments\ccsv5\tools\compiler\c5500_4.4.1\lib\</path>
         <kind>archive</kind>
         <file>rts55x.lib</file>
         <name>mpyd.obj</name>
      </input_file>
      <input_file id="fl-85">
         <path>E:\Apps\Texas Instruments\ccsv5\tools\compiler\c5500_4.4.1\lib\</path>
         <kind>archive</kind>
         <file>rts55x.lib</file>
         <name>frcmpyd.obj</name>
      </input_file>
      <input_file id="fl-86">
         <path>E:\Apps\Texas Instruments\ccsv5\tools\compiler\c5500_4.4.1\lib\</path>
         <kind>archive</kind>
         <file>rts55x.lib</file>
         <name>negd.obj</name>
      </input_file>
      <input_file id="fl-87">
         <path>E:\Apps\Texas Instruments\ccsv5\tools\compiler\c5500_4.4.1\lib\</path>
         <kind>archive</kind>
         <file>rts55x.lib</file>
         <name>round.obj</name>
      </input_file>
      <input_file id="fl-88">
         <path>E:\Apps\Texas Instruments\ccsv5\tools\compiler\c5500_4.4.1\lib\</path>
         <kind>archive</kind>
         <file>rts55x.lib</file>
         <name>trunc.obj</name>
      </input_file>
      <input_file id="fl-89">
         <path>E:\Apps\Texas Instruments\ccsv5\tools\compiler\c5500_4.4.1\lib\</path>
         <kind>archive</kind>
         <file>rts55x.lib</file>
         <name>errno.obj</name>
      </input_file>
      <input_file id="fl-8a">
         <path>E:\Apps\Texas Instruments\ccsv5\tools\compiler\c5500_4.4.1\lib\</path>
         <kind>archive</kind>
         <file>rts55x.lib</file>
         <name>frexp.obj</name>
      </input_file>
      <input_file id="fl-8b">
         <path>E:\Apps\Texas Instruments\ccsv5\tools\compiler\c5500_4.4.1\lib\</path>
         <kind>archive</kind>
         <file>rts55x.lib</file>
         <name>ldexp.obj</name>
      </input_file>
      <input_file id="fl-8c">
         <path>E:\Apps\Texas Instruments\ccsv5\tools\compiler\c5500_4.4.1\lib\</path>
         <kind>archive</kind>
         <file>rts55x.lib</file>
         <name>modf.obj</name>
      </input_file>
      <input_file id="fl-8d">
         <path>E:\Apps\Texas Instruments\bios_5_42_01_09\packages\ti\bios\lib\</path>
         <kind>archive</kind>
         <file>bios.a55L</file>
         <name>rta_andn.o55L</name>
      </input_file>
   </input_file_list>
   <object_component_list>
      <object_component id="oc-77">
         <name>.vers</name>
         <load_address>0x0</load_address>
         <run_address>0x0</run_address>
         <size>0x70</size>
         <input_file_ref idref="fl-c"/>
      </object_component>
      <object_component id="oc-64">
         <name>.clk</name>
         <uninitialized>true</uninitialized>
         <run_address>0xa7f8</run_address>
         <size>0x8</size>
         <input_file_ref idref="fl-c"/>
      </object_component>
      <object_component id="oc-6a">
         <name>.swi</name>
         <uninitialized>true</uninitialized>
         <run_address>0xc3c0</run_address>
         <size>0x28</size>
         <input_file_ref idref="fl-c"/>
      </object_component>
      <object_component id="oc-6d">
         <name>.tsk</name>
         <uninitialized>true</uninitialized>
         <run_address>0xc0bc</run_address>
         <size>0x108</size>
         <input_file_ref idref="fl-c"/>
      </object_component>
      <object_component id="oc-71">
         <name>.idl</name>
         <uninitialized>true</uninitialized>
         <run_address>0xc3e8</run_address>
         <size>0x14</size>
         <input_file_ref idref="fl-c"/>
      </object_component>
      <object_component id="oc-70">
         <name>.idlcal</name>
         <uninitialized>true</uninitialized>
         <run_address>0xc3fc</run_address>
         <size>0x14</size>
         <input_file_ref idref="fl-c"/>
      </object_component>
      <object_component id="oc-4a">
         <name>.bss</name>
         <uninitialized>true</uninitialized>
         <run_address>0x7f70</run_address>
         <size>0x28</size>
         <input_file_ref idref="fl-c"/>
      </object_component>
      <object_component id="oc-56">
         <name>.bss</name>
         <uninitialized>true</uninitialized>
         <run_address>0x7ffe</run_address>
         <size>0x2</size>
         <input_file_ref idref="fl-a"/>
      </object_component>
      <object_component id="oc-86">
         <name>.bss</name>
         <uninitialized>true</uninitialized>
         <run_address>0x749c</run_address>
         <size>0x32c</size>
         <input_file_ref idref="fl-f"/>
      </object_component>
      <object_component id="oc-90">
         <name>.bss</name>
         <uninitialized>true</uninitialized>
         <run_address>0x77c8</run_address>
         <size>0x310</size>
         <input_file_ref idref="fl-11"/>
      </object_component>
      <object_component id="oc-98">
         <name>.bss</name>
         <uninitialized>true</uninitialized>
         <run_address>0x7de4</run_address>
         <size>0x6c</size>
         <input_file_ref idref="fl-12"/>
      </object_component>
      <object_component id="oc-ca">
         <name>.bss</name>
         <uninitialized>true</uninitialized>
         <run_address>0x7fc0</run_address>
         <size>0xc</size>
         <input_file_ref idref="fl-36"/>
      </object_component>
      <object_component id="oc-10e">
         <name>.bss</name>
         <uninitialized>true</uninitialized>
         <run_address>0x7fd8</run_address>
         <size>0x8</size>
         <input_file_ref idref="fl-45"/>
      </object_component>
      <object_component id="oc-112">
         <name>.bss</name>
         <uninitialized>true</uninitialized>
         <run_address>0x7ff0</run_address>
         <size>0x4</size>
         <input_file_ref idref="fl-46"/>
      </object_component>
      <object_component id="oc-11a">
         <name>.bss</name>
         <uninitialized>true</uninitialized>
         <run_address>0x7f98</run_address>
         <size>0x18</size>
         <input_file_ref idref="fl-48"/>
      </object_component>
      <object_component id="oc-13a">
         <name>.bss</name>
         <uninitialized>true</uninitialized>
         <run_address>0x7c5c</run_address>
         <size>0x114</size>
         <input_file_ref idref="fl-50"/>
      </object_component>
      <object_component id="oc-143">
         <name>.bss</name>
         <uninitialized>true</uninitialized>
         <run_address>0x7fb0</run_address>
         <size>0x10</size>
         <input_file_ref idref="fl-52"/>
      </object_component>
      <object_component id="oc-151">
         <name>.bss</name>
         <uninitialized>true</uninitialized>
         <run_address>0x7ff4</run_address>
         <size>0x4</size>
         <input_file_ref idref="fl-55"/>
      </object_component>
      <object_component id="oc-159">
         <name>.bss</name>
         <uninitialized>true</uninitialized>
         <run_address>0x7f00</run_address>
         <size>0x46</size>
         <input_file_ref idref="fl-57"/>
      </object_component>
      <object_component id="oc-163">
         <name>.bss</name>
         <uninitialized>true</uninitialized>
         <run_address>0x7fcc</run_address>
         <size>0xc</size>
         <input_file_ref idref="fl-5a"/>
      </object_component>
      <object_component id="oc-17f">
         <name>.bss</name>
         <uninitialized>true</uninitialized>
         <run_address>0x7e50</run_address>
         <size>0x60</size>
         <input_file_ref idref="fl-62"/>
      </object_component>
      <object_component id="oc-18d">
         <name>.bss</name>
         <uninitialized>true</uninitialized>
         <run_address>0x7f48</run_address>
         <size>0x28</size>
         <input_file_ref idref="fl-65"/>
      </object_component>
      <object_component id="oc-19b">
         <name>.bss</name>
         <uninitialized>true</uninitialized>
         <run_address>0x7eb0</run_address>
         <size>0x50</size>
         <input_file_ref idref="fl-68"/>
      </object_component>
      <object_component id="oc-1ab">
         <name>.bss</name>
         <uninitialized>true</uninitialized>
         <run_address>0x7ffc</run_address>
         <size>0x2</size>
         <input_file_ref idref="fl-6b"/>
      </object_component>
      <object_component id="oc-1da">
         <name>.bss</name>
         <uninitialized>true</uninitialized>
         <run_address>0x7fe0</run_address>
         <size>0x8</size>
         <input_file_ref idref="fl-75"/>
      </object_component>
      <object_component id="oc-1e8">
         <name>.bss</name>
         <uninitialized>true</uninitialized>
         <run_address>0x7ad8</run_address>
         <size>0x184</size>
         <input_file_ref idref="fl-78"/>
      </object_component>
      <object_component id="oc-1ee">
         <name>.bss</name>
         <uninitialized>true</uninitialized>
         <run_address>0x7ff8</run_address>
         <size>0x4</size>
         <input_file_ref idref="fl-79"/>
      </object_component>
      <object_component id="oc-1f4">
         <name>.bss</name>
         <uninitialized>true</uninitialized>
         <run_address>0x7fe8</run_address>
         <size>0x8</size>
         <input_file_ref idref="fl-7a"/>
      </object_component>
      <object_component id="oc-207">
         <name>.bss</name>
         <uninitialized>true</uninitialized>
         <run_address>0x7d70</run_address>
         <size>0x74</size>
         <input_file_ref idref="fl-7e"/>
      </object_component>
      <object_component id="oc-237">
         <name>.bss</name>
         <uninitialized>true</uninitialized>
         <run_address>0x7f46</run_address>
         <size>0x2</size>
         <input_file_ref idref="fl-89"/>
      </object_component>
      <object_component id="oc-df">
         <name>.hwi_disp_sec</name>
         <uninitialized>true</uninitialized>
         <run_address>0xbf3c</run_address>
         <size>0x180</size>
         <input_file_ref idref="fl-3b"/>
      </object_component>
      <object_component id="oc-a7">
         <name>.sysdata</name>
         <uninitialized>true</uninitialized>
         <run_address>0xbda0</run_address>
         <size>0x160</size>
         <input_file_ref idref="fl-2c"/>
      </object_component>
      <object_component id="oc-e4">
         <name>.sysdata</name>
         <uninitialized>true</uninitialized>
         <run_address>0xbf38</run_address>
         <size>0x4</size>
         <input_file_ref idref="fl-3c"/>
      </object_component>
      <object_component id="oc-ee">
         <name>.sysdata</name>
         <uninitialized>true</uninitialized>
         <run_address>0xbf2c</run_address>
         <size>0xc</size>
         <input_file_ref idref="fl-3e"/>
      </object_component>
      <object_component id="oc-100">
         <name>.sysdata</name>
         <uninitialized>true</uninitialized>
         <run_address>0xbf00</run_address>
         <size>0x2c</size>
         <input_file_ref idref="fl-42"/>
      </object_component>
      <object_component id="oc-5f">
         <name>.mem</name>
         <uninitialized>true</uninitialized>
         <run_address>0x23a6</run_address>
         <size>0x2</size>
         <input_file_ref idref="fl-c"/>
      </object_component>
      <object_component id="oc-4c">
         <name>.bios</name>
         <load_address>0x23a8</load_address>
         <run_address>0x23a8</run_address>
         <size>0x3d4</size>
         <input_file_ref idref="fl-2e"/>
      </object_component>
      <object_component id="oc-f0">
         <name>.bios</name>
         <load_address>0x277c</load_address>
         <run_address>0x277c</run_address>
         <size>0x3a3</size>
         <input_file_ref idref="fl-3e"/>
      </object_component>
      <object_component id="oc-e0">
         <name>.bios</name>
         <load_address>0x2b1f</load_address>
         <run_address>0x2b1f</run_address>
         <size>0x35f</size>
         <input_file_ref idref="fl-3b"/>
      </object_component>
      <object_component id="oc-16f">
         <name>.bios</name>
         <load_address>0x2e80</load_address>
         <run_address>0x2e80</run_address>
         <size>0x18b</size>
         <input_file_ref idref="fl-5e"/>
      </object_component>
      <object_component id="oc-fc">
         <name>.bios</name>
         <load_address>0x300b</load_address>
         <run_address>0x300b</run_address>
         <size>0x186</size>
         <input_file_ref idref="fl-41"/>
      </object_component>
      <object_component id="oc-13f">
         <name>.bios</name>
         <load_address>0x3194</load_address>
         <run_address>0x3194</run_address>
         <size>0x185</size>
         <input_file_ref idref="fl-51"/>
      </object_component>
      <object_component id="oc-145">
         <name>.bios</name>
         <load_address>0x331c</load_address>
         <run_address>0x331c</run_address>
         <size>0x144</size>
         <input_file_ref idref="fl-52"/>
      </object_component>
      <object_component id="oc-102">
         <name>.bios</name>
         <load_address>0x3460</load_address>
         <run_address>0x3460</run_address>
         <size>0x130</size>
         <input_file_ref idref="fl-42"/>
      </object_component>
      <object_component id="oc-f8">
         <name>.bios</name>
         <load_address>0x3590</load_address>
         <run_address>0x3590</run_address>
         <size>0x119</size>
         <input_file_ref idref="fl-40"/>
      </object_component>
      <object_component id="oc-47">
         <name>.bios</name>
         <load_address>0x36a9</load_address>
         <run_address>0x36a9</run_address>
         <size>0x10e</size>
         <input_file_ref idref="fl-2d"/>
      </object_component>
      <object_component id="oc-1c0">
         <name>.bios</name>
         <load_address>0x37b8</load_address>
         <run_address>0x37b8</run_address>
         <size>0x104</size>
         <input_file_ref idref="fl-6f"/>
      </object_component>
      <object_component id="oc-185">
         <name>.bios</name>
         <load_address>0x38bc</load_address>
         <run_address>0x38bc</run_address>
         <size>0xf8</size>
         <input_file_ref idref="fl-63"/>
      </object_component>
      <object_component id="oc-196">
         <name>.bios</name>
         <load_address>0x39b4</load_address>
         <run_address>0x39b4</run_address>
         <size>0xf6</size>
         <input_file_ref idref="fl-67"/>
      </object_component>
      <object_component id="oc-19d">
         <name>.bios</name>
         <load_address>0x3aac</load_address>
         <run_address>0x3aac</run_address>
         <size>0xbf</size>
         <input_file_ref idref="fl-68"/>
      </object_component>
      <object_component id="oc-10a">
         <name>.bios</name>
         <load_address>0x3b6b</load_address>
         <run_address>0x3b6b</run_address>
         <size>0xa2</size>
         <input_file_ref idref="fl-44"/>
      </object_component>
      <object_component id="oc-116">
         <name>.bios</name>
         <load_address>0x3c10</load_address>
         <run_address>0x3c10</run_address>
         <size>0x90</size>
         <input_file_ref idref="fl-47"/>
      </object_component>
      <object_component id="oc-136">
         <name>.bios</name>
         <load_address>0x3ca0</load_address>
         <run_address>0x3ca0</run_address>
         <size>0x8d</size>
         <input_file_ref idref="fl-4f"/>
      </object_component>
      <object_component id="oc-4d">
         <name>.bios</name>
         <load_address>0x3d30</load_address>
         <run_address>0x3d30</run_address>
         <size>0x8d</size>
         <input_file_ref idref="fl-31"/>
      </object_component>
      <object_component id="oc-4f">
         <name>.bios</name>
         <load_address>0x3dc0</load_address>
         <run_address>0x3dc0</run_address>
         <size>0x87</size>
         <input_file_ref idref="fl-30"/>
      </object_component>
      <object_component id="oc-173">
         <name>.bios</name>
         <load_address>0x3e47</load_address>
         <run_address>0x3e47</run_address>
         <size>0x82</size>
         <input_file_ref idref="fl-5f"/>
      </object_component>
      <object_component id="oc-12e">
         <name>.bios</name>
         <load_address>0x3ecc</load_address>
         <run_address>0x3ecc</run_address>
         <size>0x68</size>
         <input_file_ref idref="fl-4d"/>
      </object_component>
      <object_component id="oc-132">
         <name>.bios</name>
         <load_address>0x3f34</load_address>
         <run_address>0x3f34</run_address>
         <size>0x5f</size>
         <input_file_ref idref="fl-4e"/>
      </object_component>
      <object_component id="oc-14d">
         <name>.bios</name>
         <load_address>0x3f94</load_address>
         <run_address>0x3f94</run_address>
         <size>0x5b</size>
         <input_file_ref idref="fl-54"/>
      </object_component>
      <object_component id="oc-1a2">
         <name>.bios</name>
         <load_address>0x3ff0</load_address>
         <run_address>0x3ff0</run_address>
         <size>0x58</size>
         <input_file_ref idref="fl-69"/>
      </object_component>
      <object_component id="oc-f4">
         <name>.bios</name>
         <load_address>0x4048</load_address>
         <run_address>0x4048</run_address>
         <size>0x51</size>
         <input_file_ref idref="fl-3f"/>
      </object_component>
      <object_component id="oc-16b">
         <name>.bios</name>
         <load_address>0x4099</load_address>
         <run_address>0x4099</run_address>
         <size>0x4e</size>
         <input_file_ref idref="fl-5d"/>
      </object_component>
      <object_component id="oc-177">
         <name>.bios</name>
         <load_address>0x40e8</load_address>
         <run_address>0x40e8</run_address>
         <size>0x48</size>
         <input_file_ref idref="fl-60"/>
      </object_component>
      <object_component id="oc-106">
         <name>.bios</name>
         <load_address>0x4130</load_address>
         <run_address>0x4130</run_address>
         <size>0x48</size>
         <input_file_ref idref="fl-43"/>
      </object_component>
      <object_component id="oc-189">
         <name>.bios</name>
         <load_address>0x4178</load_address>
         <run_address>0x4178</run_address>
         <size>0x48</size>
         <input_file_ref idref="fl-64"/>
      </object_component>
      <object_component id="oc-e6">
         <name>.bios</name>
         <load_address>0x41c0</load_address>
         <run_address>0x41c0</run_address>
         <size>0x47</size>
         <input_file_ref idref="fl-3c"/>
      </object_component>
      <object_component id="oc-12a">
         <name>.bios</name>
         <load_address>0x4207</load_address>
         <run_address>0x4207</run_address>
         <size>0x46</size>
         <input_file_ref idref="fl-4c"/>
      </object_component>
      <object_component id="oc-24a">
         <name>.bios</name>
         <load_address>0x424d</load_address>
         <run_address>0x424d</run_address>
         <size>0x43</size>
         <input_file_ref idref="fl-8d"/>
      </object_component>
      <object_component id="oc-50">
         <name>.bios</name>
         <load_address>0x4290</load_address>
         <run_address>0x4290</run_address>
         <size>0x36</size>
         <input_file_ref idref="fl-36"/>
      </object_component>
      <object_component id="oc-149">
         <name>.bios</name>
         <load_address>0x42c8</load_address>
         <run_address>0x42c8</run_address>
         <size>0x34</size>
         <input_file_ref idref="fl-53"/>
      </object_component>
      <object_component id="oc-d2">
         <name>.bios</name>
         <load_address>0x42fc</load_address>
         <run_address>0x42fc</run_address>
         <size>0x34</size>
         <input_file_ref idref="fl-38"/>
      </object_component>
      <object_component id="oc-49">
         <name>.bios</name>
         <load_address>0x4330</load_address>
         <run_address>0x4330</run_address>
         <size>0x25</size>
         <input_file_ref idref="fl-2b"/>
      </object_component>
      <object_component id="oc-54">
         <name>.bios</name>
         <load_address>0x4355</load_address>
         <run_address>0x4355</run_address>
         <size>0x24</size>
         <input_file_ref idref="fl-33"/>
      </object_component>
      <object_component id="oc-48">
         <name>.bios</name>
         <load_address>0x437c</load_address>
         <run_address>0x437c</run_address>
         <size>0x23</size>
         <input_file_ref idref="fl-34"/>
      </object_component>
      <object_component id="oc-52">
         <name>.bios</name>
         <load_address>0x43a0</load_address>
         <run_address>0x43a0</run_address>
         <size>0x20</size>
         <input_file_ref idref="fl-35"/>
      </object_component>
      <object_component id="oc-126">
         <name>.bios</name>
         <load_address>0x43c0</load_address>
         <run_address>0x43c0</run_address>
         <size>0x1a</size>
         <input_file_ref idref="fl-4b"/>
      </object_component>
      <object_component id="oc-4e">
         <name>.bios</name>
         <load_address>0x43da</load_address>
         <run_address>0x43da</run_address>
         <size>0x17</size>
         <input_file_ref idref="fl-2f"/>
      </object_component>
      <object_component id="oc-1a6">
         <name>.bios</name>
         <load_address>0x43f4</load_address>
         <run_address>0x43f4</run_address>
         <size>0x17</size>
         <input_file_ref idref="fl-6a"/>
      </object_component>
      <object_component id="oc-ea">
         <name>.bios</name>
         <load_address>0x440b</load_address>
         <run_address>0x440b</run_address>
         <size>0xc</size>
         <input_file_ref idref="fl-3d"/>
      </object_component>
      <object_component id="oc-51">
         <name>.bios</name>
         <load_address>0x4418</load_address>
         <run_address>0x4418</run_address>
         <size>0x8</size>
         <input_file_ref idref="fl-37"/>
      </object_component>
      <object_component id="oc-17b">
         <name>.bios</name>
         <load_address>0x4420</load_address>
         <run_address>0x4420</run_address>
         <size>0x7</size>
         <input_file_ref idref="fl-61"/>
      </object_component>
      <object_component id="oc-122">
         <name>.bios</name>
         <load_address>0x4427</load_address>
         <run_address>0x4427</run_address>
         <size>0x6</size>
         <input_file_ref idref="fl-4a"/>
      </object_component>
      <object_component id="oc-53">
         <name>.bios</name>
         <load_address>0x4430</load_address>
         <run_address>0x4430</run_address>
         <size>0x2</size>
         <input_file_ref idref="fl-32"/>
      </object_component>
      <object_component id="oc-11e">
         <name>.bios</name>
         <load_address>0x4434</load_address>
         <run_address>0x4434</run_address>
         <size>0x2</size>
         <input_file_ref idref="fl-49"/>
      </object_component>
      <object_component id="oc-206">
         <name>.text</name>
         <load_address>0xc0</load_address>
         <run_address>0xc0</run_address>
         <size>0x5a6</size>
         <input_file_ref idref="fl-7e"/>
      </object_component>
      <object_component id="oc-211">
         <name>.text</name>
         <load_address>0x666</load_address>
         <run_address>0x666</run_address>
         <size>0x3cc</size>
         <input_file_ref idref="fl-80"/>
      </object_component>
      <object_component id="oc-1e3">
         <name>.text</name>
         <load_address>0xa32</load_address>
         <run_address>0xa32</run_address>
         <size>0x25a</size>
         <input_file_ref idref="fl-77"/>
      </object_component>
      <object_component id="oc-9f">
         <name>.text</name>
         <load_address>0xc8c</load_address>
         <run_address>0xc8c</run_address>
         <size>0x20e</size>
         <input_file_ref idref="fl-13"/>
      </object_component>
      <object_component id="oc-8f">
         <name>.text</name>
         <load_address>0xe9a</load_address>
         <run_address>0xe9a</run_address>
         <size>0x1ed</size>
         <input_file_ref idref="fl-11"/>
      </object_component>
      <object_component id="oc-20d">
         <name>.text</name>
         <load_address>0x1087</load_address>
         <run_address>0x1087</run_address>
         <size>0x1ea</size>
         <input_file_ref idref="fl-7f"/>
      </object_component>
      <object_component id="oc-1b6">
         <name>.text</name>
         <load_address>0x1271</load_address>
         <run_address>0x1271</run_address>
         <size>0x1c9</size>
         <input_file_ref idref="fl-6d"/>
      </object_component>
      <object_component id="oc-1b1">
         <name>.text</name>
         <load_address>0x143a</load_address>
         <run_address>0x143a</run_address>
         <size>0x156</size>
         <input_file_ref idref="fl-6c"/>
      </object_component>
      <object_component id="oc-221">
         <name>.text</name>
         <load_address>0x1590</load_address>
         <run_address>0x1590</run_address>
         <size>0x14c</size>
         <input_file_ref idref="fl-84"/>
      </object_component>
      <object_component id="oc-97">
         <name>.text</name>
         <load_address>0x16dc</load_address>
         <run_address>0x16dc</run_address>
         <size>0x145</size>
         <input_file_ref idref="fl-12"/>
      </object_component>
      <object_component id="oc-1aa">
         <name>.text</name>
         <load_address>0x1821</load_address>
         <run_address>0x1821</run_address>
         <size>0x13e</size>
         <input_file_ref idref="fl-6b"/>
      </object_component>
      <object_component id="oc-240">
         <name>.text</name>
         <load_address>0x195f</load_address>
         <run_address>0x195f</run_address>
         <size>0xf2</size>
         <input_file_ref idref="fl-8b"/>
      </object_component>
      <object_component id="oc-55">
         <name>.text</name>
         <load_address>0x1a51</load_address>
         <run_address>0x1a51</run_address>
         <size>0xdd</size>
         <input_file_ref idref="fl-a"/>
      </object_component>
      <object_component id="oc-23b">
         <name>.text</name>
         <load_address>0x1b2e</load_address>
         <run_address>0x1b2e</run_address>
         <size>0xcc</size>
         <input_file_ref idref="fl-8a"/>
      </object_component>
      <object_component id="oc-245">
         <name>.text</name>
         <load_address>0x1bfa</load_address>
         <run_address>0x1bfa</run_address>
         <size>0xbf</size>
         <input_file_ref idref="fl-8c"/>
      </object_component>
      <object_component id="oc-85">
         <name>.text</name>
         <load_address>0x1cb9</load_address>
         <run_address>0x1cb9</run_address>
         <size>0xa6</size>
         <input_file_ref idref="fl-f"/>
      </object_component>
      <object_component id="oc-8b">
         <name>.text</name>
         <load_address>0x1d5f</load_address>
         <run_address>0x1d5f</run_address>
         <size>0x7b</size>
         <input_file_ref idref="fl-10"/>
      </object_component>
      <object_component id="oc-1c8">
         <name>.text</name>
         <load_address>0x1dda</load_address>
         <run_address>0x1dda</run_address>
         <size>0x77</size>
         <input_file_ref idref="fl-71"/>
      </object_component>
      <object_component id="oc-225">
         <name>.text</name>
         <load_address>0x1e51</load_address>
         <run_address>0x1e51</run_address>
         <size>0x76</size>
         <input_file_ref idref="fl-85"/>
      </object_component>
      <object_component id="oc-1ed">
         <name>.text</name>
         <load_address>0x1ec7</load_address>
         <run_address>0x1ec7</run_address>
         <size>0x75</size>
         <input_file_ref idref="fl-79"/>
      </object_component>
      <object_component id="oc-21d">
         <name>.text</name>
         <load_address>0x1f3c</load_address>
         <run_address>0x1f3c</run_address>
         <size>0x73</size>
         <input_file_ref idref="fl-83"/>
      </object_component>
      <object_component id="oc-1e7">
         <name>.text</name>
         <load_address>0x1faf</load_address>
         <run_address>0x1faf</run_address>
         <size>0x6f</size>
         <input_file_ref idref="fl-78"/>
      </object_component>
      <object_component id="oc-219">
         <name>.text</name>
         <load_address>0x201e</load_address>
         <run_address>0x201e</run_address>
         <size>0x6f</size>
         <input_file_ref idref="fl-82"/>
      </object_component>
      <object_component id="oc-1d0">
         <name>.text</name>
         <load_address>0x208d</load_address>
         <run_address>0x208d</run_address>
         <size>0x67</size>
         <input_file_ref idref="fl-73"/>
      </object_component>
      <object_component id="oc-22d">
         <name>.text</name>
         <load_address>0x20f4</load_address>
         <run_address>0x20f4</run_address>
         <size>0x5f</size>
         <input_file_ref idref="fl-87"/>
      </object_component>
      <object_component id="oc-19a">
         <name>.text</name>
         <load_address>0x2154</load_address>
         <run_address>0x2154</run_address>
         <size>0x5c</size>
         <input_file_ref idref="fl-68"/>
      </object_component>
      <object_component id="oc-1bb">
         <name>.text</name>
         <load_address>0x21b0</load_address>
         <run_address>0x21b0</run_address>
         <size>0x54</size>
         <input_file_ref idref="fl-6e"/>
      </object_component>
      <object_component id="oc-232">
         <name>.text</name>
         <load_address>0x2204</load_address>
         <run_address>0x2204</run_address>
         <size>0x41</size>
         <input_file_ref idref="fl-88"/>
      </object_component>
      <object_component id="oc-1fe">
         <name>.text</name>
         <load_address>0x2245</load_address>
         <run_address>0x2245</run_address>
         <size>0x3f</size>
         <input_file_ref idref="fl-7c"/>
      </object_component>
      <object_component id="oc-1f3">
         <name>.text</name>
         <load_address>0x2284</load_address>
         <run_address>0x2284</run_address>
         <size>0x3e</size>
         <input_file_ref idref="fl-7a"/>
      </object_component>
      <object_component id="oc-215">
         <name>.text</name>
         <load_address>0x22c2</load_address>
         <run_address>0x22c2</run_address>
         <size>0x2a</size>
         <input_file_ref idref="fl-81"/>
      </object_component>
      <object_component id="oc-7b">
         <name>.text</name>
         <load_address>0x22ec</load_address>
         <run_address>0x22ec</run_address>
         <size>0x1e</size>
         <input_file_ref idref="fl-d"/>
      </object_component>
      <object_component id="oc-1c4">
         <name>.text</name>
         <load_address>0x230a</load_address>
         <run_address>0x230a</run_address>
         <size>0x1b</size>
         <input_file_ref idref="fl-70"/>
      </object_component>
      <object_component id="oc-1df">
         <name>.text</name>
         <load_address>0x2325</load_address>
         <run_address>0x2325</run_address>
         <size>0x14</size>
         <input_file_ref idref="fl-76"/>
      </object_component>
      <object_component id="oc-1d5">
         <name>.text</name>
         <load_address>0x2339</load_address>
         <run_address>0x2339</run_address>
         <size>0x13</size>
         <input_file_ref idref="fl-74"/>
      </object_component>
      <object_component id="oc-80">
         <name>.text</name>
         <load_address>0x234c</load_address>
         <run_address>0x234c</run_address>
         <size>0x12</size>
         <input_file_ref idref="fl-e"/>
      </object_component>
      <object_component id="oc-1d9">
         <name>.text</name>
         <load_address>0x235e</load_address>
         <run_address>0x235e</run_address>
         <size>0x12</size>
         <input_file_ref idref="fl-75"/>
      </object_component>
      <object_component id="oc-202">
         <name>.text</name>
         <load_address>0x2370</load_address>
         <run_address>0x2370</run_address>
         <size>0x11</size>
         <input_file_ref idref="fl-7d"/>
      </object_component>
      <object_component id="oc-229">
         <name>.text</name>
         <load_address>0x2381</load_address>
         <run_address>0x2381</run_address>
         <size>0x10</size>
         <input_file_ref idref="fl-86"/>
      </object_component>
      <object_component id="oc-1cc">
         <name>.text</name>
         <load_address>0x2391</load_address>
         <run_address>0x2391</run_address>
         <size>0xc</size>
         <input_file_ref idref="fl-72"/>
      </object_component>
      <object_component id="oc-1f7">
         <name>.text:CIO_breakpoint</name>
         <load_address>0x239d</load_address>
         <run_address>0x239d</run_address>
         <size>0x7</size>
         <input_file_ref idref="fl-7a"/>
      </object_component>
      <object_component id="oc-155">
         <name>.sysinit</name>
         <load_address>0xb800</load_address>
         <run_address>0xb800</run_address>
         <size>0x111</size>
         <input_file_ref idref="fl-56"/>
      </object_component>
      <object_component id="oc-76">
         <name>.sysinit</name>
         <load_address>0xb911</load_address>
         <run_address>0xb911</run_address>
         <size>0xd5</size>
         <input_file_ref idref="fl-c"/>
      </object_component>
      <object_component id="oc-192">
         <name>.sysinit</name>
         <load_address>0xb9e8</load_address>
         <run_address>0xb9e8</run_address>
         <size>0x84</size>
         <input_file_ref idref="fl-66"/>
      </object_component>
      <object_component id="oc-1fa">
         <name>.sysinit</name>
         <load_address>0xba6c</load_address>
         <run_address>0xba6c</run_address>
         <size>0x71</size>
         <input_file_ref idref="fl-7b"/>
      </object_component>
      <object_component id="oc-4b">
         <name>.sysinit</name>
         <load_address>0xbadd</load_address>
         <run_address>0xbadd</run_address>
         <size>0x6f</size>
         <input_file_ref idref="fl-39"/>
      </object_component>
      <object_component id="oc-15b">
         <name>.sysinit</name>
         <load_address>0xbb4c</load_address>
         <run_address>0xbb4c</run_address>
         <size>0x2</size>
         <input_file_ref idref="fl-57"/>
      </object_component>
      <object_component id="oc-db">
         <name>.trcdata</name>
         <load_address>0xc44c</load_address>
         <run_address>0xc44c</run_address>
         <size>0x6</size>
         <input_file_ref idref="fl-3a"/>
      </object_component>
      <object_component id="oc-263">
         <name>.rtdx_text:_RTDX_write_next</name>
         <load_address>0x9e00</load_address>
         <run_address>0x9e00</run_address>
         <size>0x1db</size>
         <input_file_ref idref="fl-5a"/>
      </object_component>
      <object_component id="oc-25e">
         <name>.rtdx_text:_RTDX_Buffer_WriteCB</name>
         <load_address>0x9fdb</load_address>
         <run_address>0x9fdb</run_address>
         <size>0x17c</size>
         <input_file_ref idref="fl-5a"/>
      </object_component>
      <object_component id="oc-256">
         <name>.rtdx_text:_RTDX_Init_RT_Monitor</name>
         <load_address>0xa157</load_address>
         <run_address>0xa157</run_address>
         <size>0x10f</size>
         <input_file_ref idref="fl-5b"/>
      </object_component>
      <object_component id="oc-24f">
         <name>.rtdx_text:_RTDX_Poll</name>
         <load_address>0xa266</load_address>
         <run_address>0xa266</run_address>
         <size>0xec</size>
         <input_file_ref idref="fl-5b"/>
      </object_component>
      <object_component id="oc-262">
         <name>.rtdx_text:_claim</name>
         <load_address>0xa352</load_address>
         <run_address>0xa352</run_address>
         <size>0xb5</size>
         <input_file_ref idref="fl-5a"/>
      </object_component>
      <object_component id="oc-25b">
         <name>.rtdx_text:_StartXFer</name>
         <load_address>0xa407</load_address>
         <run_address>0xa407</run_address>
         <size>0x93</size>
         <input_file_ref idref="fl-5b"/>
      </object_component>
      <object_component id="oc-264">
         <name>.rtdx_text:_RTDX_Mon_Queue</name>
         <load_address>0xa49a</load_address>
         <run_address>0xa49a</run_address>
         <size>0x88</size>
         <input_file_ref idref="fl-5b"/>
      </object_component>
      <object_component id="oc-250">
         <name>.rtdx_text:_RTDX_H2TPoll</name>
         <load_address>0xa522</load_address>
         <run_address>0xa522</run_address>
         <size>0x65</size>
         <input_file_ref idref="fl-5b"/>
      </object_component>
      <object_component id="oc-255">
         <name>.rtdx_text:_RTDX_Buffer_Initialize</name>
         <load_address>0xa587</load_address>
         <run_address>0xa587</run_address>
         <size>0x53</size>
         <input_file_ref idref="fl-5a"/>
      </object_component>
      <object_component id="oc-25d">
         <name>.rtdx_text:_RTDX_Buffer_ReadCB</name>
         <load_address>0xa5da</load_address>
         <run_address>0xa5da</run_address>
         <size>0x4b</size>
         <input_file_ref idref="fl-59"/>
      </object_component>
      <object_component id="oc-260">
         <name>.rtdx_text:_RTDX_Final_RT_Monitor</name>
         <load_address>0xa625</load_address>
         <run_address>0xa625</run_address>
         <size>0x3c</size>
         <input_file_ref idref="fl-5b"/>
      </object_component>
      <object_component id="oc-261">
         <name>.rtdx_text:_RTDX_Buffer_Size</name>
         <load_address>0xa661</load_address>
         <run_address>0xa661</run_address>
         <size>0x3b</size>
         <input_file_ref idref="fl-5a"/>
      </object_component>
      <object_component id="oc-258">
         <name>.rtdx_text:_RTDX_Mask_IER</name>
         <load_address>0xa69c</load_address>
         <run_address>0xa69c</run_address>
         <size>0x2a</size>
         <input_file_ref idref="fl-5c"/>
      </object_component>
      <object_component id="oc-253">
         <name>.rtdx_text:_RTDX_Buffer_Read</name>
         <load_address>0xa6c6</load_address>
         <run_address>0xa6c6</run_address>
         <size>0x22</size>
         <input_file_ref idref="fl-59"/>
      </object_component>
      <object_component id="oc-25c">
         <name>.rtdx_text:_RTDX_Set_IER</name>
         <load_address>0xa6e8</load_address>
         <run_address>0xa6e8</run_address>
         <size>0x1e</size>
         <input_file_ref idref="fl-5c"/>
      </object_component>
      <object_component id="oc-254">
         <name>.rtdx_text:_RTDX_Buffer_Write</name>
         <load_address>0xa706</load_address>
         <run_address>0xa706</run_address>
         <size>0x1c</size>
         <input_file_ref idref="fl-5a"/>
      </object_component>
      <object_component id="oc-259">
         <name>.rtdx_text:_Allow_EmuAccess</name>
         <load_address>0xa722</load_address>
         <run_address>0xa722</run_address>
         <size>0x17</size>
         <input_file_ref idref="fl-5b"/>
      </object_component>
      <object_component id="oc-25a">
         <name>.rtdx_text:_Disallow_EmuAccess</name>
         <load_address>0xa739</load_address>
         <run_address>0xa739</run_address>
         <size>0x4</size>
         <input_file_ref idref="fl-5b"/>
      </object_component>
      <object_component id="oc-25f">
         <name>.rtdx_text:_Wait</name>
         <load_address>0xa73d</load_address>
         <run_address>0xa73d</run_address>
         <size>0x4</size>
         <input_file_ref idref="fl-5b"/>
      </object_component>
      <object_component id="oc-75">
         <name>.sem</name>
         <uninitialized>true</uninitialized>
         <run_address>0xc2f0</run_address>
         <size>0x58</size>
         <input_file_ref idref="fl-c"/>
      </object_component>
      <object_component id="oc-63">
         <name>.sys</name>
         <uninitialized>true</uninitialized>
         <run_address>0xc430</run_address>
         <size>0x10</size>
         <input_file_ref idref="fl-c"/>
      </object_component>
      <object_component id="oc-60">
         <name>.cinit</name>
         <load_address>0x6838</load_address>
         <run_address>0x6838</run_address>
         <size>0x6f6</size>
         <input_file_ref idref="fl-c"/>
      </object_component>
      <object_component id="oc-a8">
         <name>.cinit</name>
         <load_address>0x6f2e</load_address>
         <run_address>0x6f2e</run_address>
         <size>0x15e</size>
         <input_file_ref idref="fl-2c"/>
      </object_component>
      <object_component id="oc-13b">
         <name>.cinit</name>
         <load_address>0x708c</load_address>
         <run_address>0x708c</run_address>
         <size>0x140</size>
         <input_file_ref idref="fl-50"/>
      </object_component>
      <object_component id="oc-209">
         <name>.cinit</name>
         <load_address>0x71cc</load_address>
         <run_address>0x71cc</run_address>
         <size>0x8c</size>
         <input_file_ref idref="fl-7e"/>
      </object_component>
      <object_component id="oc-180">
         <name>.cinit</name>
         <load_address>0x7258</load_address>
         <run_address>0x7258</run_address>
         <size>0x62</size>
         <input_file_ref idref="fl-62"/>
      </object_component>
      <object_component id="oc-19c">
         <name>.cinit</name>
         <load_address>0x72ba</load_address>
         <run_address>0x72ba</run_address>
         <size>0x5c</size>
         <input_file_ref idref="fl-68"/>
      </object_component>
      <object_component id="oc-101">
         <name>.cinit</name>
         <load_address>0x7316</load_address>
         <run_address>0x7316</run_address>
         <size>0x32</size>
         <input_file_ref idref="fl-42"/>
      </object_component>
      <object_component id="oc-164">
         <name>.cinit</name>
         <load_address>0x7348</load_address>
         <run_address>0x7348</run_address>
         <size>0x2e</size>
         <input_file_ref idref="fl-5a"/>
      </object_component>
      <object_component id="oc-9a">
         <name>.cinit</name>
         <load_address>0x7376</load_address>
         <run_address>0x7376</run_address>
         <size>0x2a</size>
         <input_file_ref idref="fl-12"/>
      </object_component>
      <object_component id="oc-cb">
         <name>.cinit</name>
         <load_address>0x73a0</load_address>
         <run_address>0x73a0</run_address>
         <size>0x1e</size>
         <input_file_ref idref="fl-36"/>
      </object_component>
      <object_component id="oc-92">
         <name>.cinit</name>
         <load_address>0x73be</load_address>
         <run_address>0x73be</run_address>
         <size>0x1c</size>
         <input_file_ref idref="fl-11"/>
      </object_component>
      <object_component id="oc-144">
         <name>.cinit</name>
         <load_address>0x73da</load_address>
         <run_address>0x73da</run_address>
         <size>0x16</size>
         <input_file_ref idref="fl-52"/>
      </object_component>
      <object_component id="oc-15a">
         <name>.cinit</name>
         <load_address>0x73f0</load_address>
         <run_address>0x73f0</run_address>
         <size>0x14</size>
         <input_file_ref idref="fl-57"/>
      </object_component>
      <object_component id="oc-18e">
         <name>.cinit</name>
         <load_address>0x7404</load_address>
         <run_address>0x7404</run_address>
         <size>0x14</size>
         <input_file_ref idref="fl-65"/>
      </object_component>
      <object_component id="oc-1dc">
         <name>.cinit</name>
         <load_address>0x7418</load_address>
         <run_address>0x7418</run_address>
         <size>0x14</size>
         <input_file_ref idref="fl-75"/>
      </object_component>
      <object_component id="oc-1f6">
         <name>.cinit</name>
         <load_address>0x742c</load_address>
         <run_address>0x742c</run_address>
         <size>0x14</size>
         <input_file_ref idref="fl-7a"/>
      </object_component>
      <object_component id="oc-ef">
         <name>.cinit</name>
         <load_address>0x7440</load_address>
         <run_address>0x7440</run_address>
         <size>0x12</size>
         <input_file_ref idref="fl-3e"/>
      </object_component>
      <object_component id="oc-1ea">
         <name>.cinit</name>
         <load_address>0x7452</load_address>
         <run_address>0x7452</run_address>
         <size>0x10</size>
         <input_file_ref idref="fl-78"/>
      </object_component>
      <object_component id="oc-e5">
         <name>.cinit</name>
         <load_address>0x7462</load_address>
         <run_address>0x7462</run_address>
         <size>0xa</size>
         <input_file_ref idref="fl-3c"/>
      </object_component>
      <object_component id="oc-ac">
         <name>.cinit</name>
         <load_address>0x746c</load_address>
         <run_address>0x746c</run_address>
         <size>0xa</size>
         <input_file_ref idref="fl-2d"/>
      </object_component>
      <object_component id="oc-1f0">
         <name>.cinit</name>
         <load_address>0x7476</load_address>
         <run_address>0x7476</run_address>
         <size>0xa</size>
         <input_file_ref idref="fl-79"/>
      </object_component>
      <object_component id="oc-239">
         <name>.cinit</name>
         <load_address>0x7480</load_address>
         <run_address>0x7480</run_address>
         <size>0x8</size>
         <input_file_ref idref="fl-89"/>
      </object_component>
      <object_component id="oc-1ad">
         <name>.cinit</name>
         <load_address>0x7488</load_address>
         <run_address>0x7488</run_address>
         <size>0x8</size>
         <input_file_ref idref="fl-6b"/>
      </object_component>
      <object_component id="oc-58">
         <name>.cinit</name>
         <load_address>0x7490</load_address>
         <run_address>0x7490</run_address>
         <size>0x8</size>
         <input_file_ref idref="fl-a"/>
      </object_component>
      <object_component id="oc-167">
         <name>.pinit</name>
         <load_address>0xc440</load_address>
         <run_address>0xc440</run_address>
         <size>0x4</size>
         <input_file_ref idref="fl-5a"/>
      </object_component>
      <object_component id="oc-16a">
         <name>.pinit</name>
         <load_address>0xc444</load_address>
         <run_address>0xc444</run_address>
         <size>0x4</size>
         <input_file_ref idref="fl-5b"/>
      </object_component>
      <object_component id="oc-5e">
         <name>.gblinit</name>
         <load_address>0xc28c</load_address>
         <run_address>0xc28c</run_address>
         <size>0x62</size>
         <input_file_ref idref="fl-c"/>
      </object_component>
      <object_component id="oc-61">
         <name>.rtdx_data</name>
         <uninitialized>true</uninitialized>
         <run_address>0xbb50</run_address>
         <size>0x204</size>
         <input_file_ref idref="fl-c"/>
      </object_component>
      <object_component id="oc-15f">
         <name>.rtdx_data</name>
         <uninitialized>true</uninitialized>
         <run_address>0xbd98</run_address>
         <size>0x8</size>
         <input_file_ref idref="fl-58"/>
      </object_component>
      <object_component id="oc-165">
         <name>.rtdx_data</name>
         <uninitialized>true</uninitialized>
         <run_address>0xbd78</run_address>
         <size>0x20</size>
         <input_file_ref idref="fl-5a"/>
      </object_component>
      <object_component id="oc-168">
         <name>.rtdx_data</name>
         <uninitialized>true</uninitialized>
         <run_address>0xbd54</run_address>
         <size>0x24</size>
         <input_file_ref idref="fl-5b"/>
      </object_component>
      <object_component id="oc-6c">
         <name>.TSK_idle$stk</name>
         <uninitialized>true</uninitialized>
         <run_address>0x9400</run_address>
         <size>0xa00</size>
         <input_file_ref idref="fl-c"/>
      </object_component>
      <object_component id="oc-6f">
         <name>.TSK_AudioProcessing$stk</name>
         <uninitialized>true</uninitialized>
         <run_address>0x4438</run_address>
         <size>0x1200</size>
         <input_file_ref idref="fl-c"/>
      </object_component>
      <object_component id="oc-6e">
         <name>.TSK_OutputAudio$stk</name>
         <uninitialized>true</uninitialized>
         <run_address>0x5638</run_address>
         <size>0x1200</size>
         <input_file_ref idref="fl-c"/>
      </object_component>
      <object_component id="oc-72">
         <name>.LOG_system$buf</name>
         <uninitialized>true</uninitialized>
         <run_address>0xb000</run_address>
         <size>0x400</size>
         <input_file_ref idref="fl-c"/>
      </object_component>
      <object_component id="oc-74">
         <name>.trace$buf</name>
         <uninitialized>true</uninitialized>
         <run_address>0xa800</run_address>
         <size>0x800</size>
         <input_file_ref idref="fl-c"/>
      </object_component>
      <object_component id="oc-65">
         <name>.hst1</name>
         <uninitialized>true</uninitialized>
         <run_address>0xc420</run_address>
         <size>0x10</size>
         <input_file_ref idref="fl-c"/>
      </object_component>
      <object_component id="oc-68">
         <name>.hst0</name>
         <uninitialized>true</uninitialized>
         <run_address>0xa744</run_address>
         <size>0x80</size>
         <input_file_ref idref="fl-c"/>
      </object_component>
      <object_component id="oc-d7">
         <name>.args</name>
         <load_address>0xc410</load_address>
         <run_address>0xc410</run_address>
         <size>0x0</size>
         <input_file_ref idref="fl-39"/>
      </object_component>
      <object_component id="oc-32">
         <name>_SYS_PUTCBEG</name>
         <load_address>0xb400</load_address>
         <run_address>0xb400</run_address>
         <size>0x0</size>
      </object_component>
      <object_component id="oc-34">
         <name>_SYS_PUTCEND</name>
         <load_address>0xb800</load_address>
         <run_address>0xb800</run_address>
         <size>0x0</size>
      </object_component>
      <object_component id="oc-66">
         <name>.hst</name>
         <uninitialized>true</uninitialized>
         <run_address>0xa7c4</run_address>
         <size>0x34</size>
         <input_file_ref idref="fl-c"/>
      </object_component>
      <object_component id="oc-73">
         <name>.log</name>
         <uninitialized>true</uninitialized>
         <run_address>0xc398</run_address>
         <size>0x28</size>
         <input_file_ref idref="fl-c"/>
      </object_component>
      <object_component id="oc-67">
         <name>.pip</name>
         <uninitialized>true</uninitialized>
         <run_address>0xc1c4</run_address>
         <size>0xc8</size>
         <input_file_ref idref="fl-c"/>
      </object_component>
      <object_component id="oc-6b">
         <name>.sts</name>
         <uninitialized>true</uninitialized>
         <run_address>0xc348</run_address>
         <size>0x50</size>
         <input_file_ref idref="fl-c"/>
      </object_component>
      <object_component id="oc-3b">
         <name>GBL_sysstackbeg</name>
         <uninitialized>true</uninitialized>
         <run_address>0x8000</run_address>
         <size>0x0</size>
      </object_component>
      <object_component id="oc-24e">
         <name>.sysstack</name>
         <uninitialized>true</uninitialized>
         <run_address>0x8000</run_address>
         <size>0x0</size>
         <input_file_ref idref="fl-39"/>
      </object_component>
      <object_component id="oc-2a3">
         <name>.sysstack</name>
         <uninitialized>true</uninitialized>
         <run_address>0x8000</run_address>
         <size>0x0</size>
      </object_component>
      <object_component id="oc-3e">
         <name>GBL_stackbeg</name>
         <uninitialized>true</uninitialized>
         <run_address>0x8200</run_address>
         <size>0x0</size>
      </object_component>
      <object_component id="oc-d6">
         <name>.stack</name>
         <uninitialized>true</uninitialized>
         <run_address>0x8200</run_address>
         <size>0x0</size>
         <input_file_ref idref="fl-39"/>
      </object_component>
      <object_component id="oc-2a2">
         <name>.stack</name>
         <uninitialized>true</uninitialized>
         <run_address>0x8200</run_address>
         <size>0x0</size>
      </object_component>
      <object_component id="oc-251">
         <name>.const:_hp_taps</name>
         <load_address>0x10000</load_address>
         <run_address>0x10000</run_address>
         <size>0x296</size>
         <input_file_ref idref="fl-f"/>
      </object_component>
      <object_component id="oc-19e">
         <name>.const</name>
         <load_address>0x10298</load_address>
         <run_address>0x10298</run_address>
         <size>0x9e</size>
         <input_file_ref idref="fl-68"/>
      </object_component>
      <object_component id="oc-c2">
         <name>.const</name>
         <load_address>0x10338</load_address>
         <run_address>0x10338</run_address>
         <size>0x46</size>
         <input_file_ref idref="fl-34"/>
      </object_component>
      <object_component id="oc-c6">
         <name>.const</name>
         <load_address>0x10380</load_address>
         <run_address>0x10380</run_address>
         <size>0x44</size>
         <input_file_ref idref="fl-35"/>
      </object_component>
      <object_component id="oc-20a">
         <name>.const</name>
         <load_address>0x103c4</load_address>
         <run_address>0x103c4</run_address>
         <size>0x38</size>
         <input_file_ref idref="fl-7e"/>
      </object_component>
      <object_component id="oc-252">
         <name>.const:_int_taps</name>
         <load_address>0x103fc</load_address>
         <run_address>0x103fc</run_address>
         <size>0x2e</size>
         <input_file_ref idref="fl-f"/>
      </object_component>
      <object_component id="oc-242">
         <name>.const</name>
         <load_address>0x1042c</load_address>
         <run_address>0x1042c</run_address>
         <size>0x14</size>
         <input_file_ref idref="fl-8b"/>
      </object_component>
      <object_component id="oc-257">
         <name>.const:_initial_approx$1</name>
         <load_address>0x10440</load_address>
         <run_address>0x10440</run_address>
         <size>0x10</size>
         <input_file_ref idref="fl-80"/>
      </object_component>
      <object_component id="oc-23d">
         <name>.const</name>
         <load_address>0x10450</load_address>
         <run_address>0x10450</run_address>
         <size>0x10</size>
         <input_file_ref idref="fl-8a"/>
      </object_component>
      <object_component id="oc-22f">
         <name>.const</name>
         <load_address>0x10460</load_address>
         <run_address>0x10460</run_address>
         <size>0x10</size>
         <input_file_ref idref="fl-87"/>
      </object_component>
      <object_component id="oc-169">
         <name>.const</name>
         <load_address>0x10470</load_address>
         <run_address>0x10470</run_address>
         <size>0xc</size>
         <input_file_ref idref="fl-5b"/>
      </object_component>
      <object_component id="oc-247">
         <name>.const</name>
         <load_address>0x1047c</load_address>
         <run_address>0x1047c</run_address>
         <size>0xc</size>
         <input_file_ref idref="fl-8c"/>
      </object_component>
      <object_component id="oc-9b">
         <name>.const</name>
         <load_address>0x10488</load_address>
         <run_address>0x10488</run_address>
         <size>0x8</size>
         <input_file_ref idref="fl-12"/>
      </object_component>
      <object_component id="oc-93">
         <name>.const</name>
         <load_address>0x10490</load_address>
         <run_address>0x10490</run_address>
         <size>0x8</size>
         <input_file_ref idref="fl-11"/>
      </object_component>
      <object_component id="oc-166">
         <name>.const</name>
         <load_address>0x10498</load_address>
         <run_address>0x10498</run_address>
         <size>0x8</size>
         <input_file_ref idref="fl-5a"/>
      </object_component>
      <object_component id="oc-234">
         <name>.const</name>
         <load_address>0x104a0</load_address>
         <run_address>0x104a0</run_address>
         <size>0x8</size>
         <input_file_ref idref="fl-88"/>
      </object_component>
      <object_component id="oc-1d2">
         <name>.const</name>
         <load_address>0x104a8</load_address>
         <run_address>0x104a8</run_address>
         <size>0x4</size>
         <input_file_ref idref="fl-73"/>
      </object_component>
      <object_component id="oc-181">
[...]
         <value>0x3450</value>
         <object_component_ref idref="oc-145"/>
      </symbol>
      <symbol id="sm-642">
         <name>_KNL_post</name>
         <value>0x42c8</value>
         <object_component_ref idref="oc-149"/>
      </symbol>
      <symbol id="sm-64c">
         <name>_KNL_ipost</name>
         <value>0x3f94</value>
         <object_component_ref idref="oc-14d"/>
      </symbol>
      <symbol id="sm-656">
         <name>_MEM</name>
         <value>0x7ff4</value>
         <object_component_ref idref="oc-151"/>
      </symbol>
      <symbol id="sm-660">
         <name>_MEM_init</name>
         <value>0xb800</value>
         <object_component_ref idref="oc-155"/>
      </symbol>
      <symbol id="sm-66e">
         <name>_OBJ_table</name>
         <value>0x7f00</value>
         <object_component_ref idref="oc-159"/>
      </symbol>
      <symbol id="sm-66f">
         <name>_OBJ_init</name>
         <value>0xbb4c</value>
         <object_component_ref idref="oc-15b"/>
      </symbol>
      <symbol id="sm-670">
         <name>_OBJ_segtab</name>
         <value>0x7f38</value>
         <object_component_ref idref="oc-159"/>
      </symbol>
      <symbol id="sm-67a">
         <name>_RTDX_Buffer_Start</name>
         <value>0xbd98</value>
         <object_component_ref idref="oc-15f"/>
      </symbol>
      <symbol id="sm-67b">
         <name>_RTDX_Buffer_End</name>
         <value>0xbd9c</value>
         <object_component_ref idref="oc-15f"/>
      </symbol>
      <symbol id="sm-681">
         <name>_RTDX_Buffer_ReadCB</name>
         <value>0xa5da</value>
         <object_component_ref idref="oc-25d"/>
      </symbol>
      <symbol id="sm-682">
         <name>_RTDX_Buffer_Read</name>
         <value>0xa6c6</value>
         <object_component_ref idref="oc-253"/>
      </symbol>
      <symbol id="sm-69a">
         <name>_rtdx_buffer_state</name>
         <value>0xbd78</value>
         <object_component_ref idref="oc-165"/>
      </symbol>
      <symbol id="sm-69b">
         <name>_RTDX_Buffer_WriteCB</name>
         <value>0x9fdb</value>
         <object_component_ref idref="oc-25e"/>
      </symbol>
      <symbol id="sm-69c">
         <name>_rtdxNullChanCnt</name>
         <value>0x7fd4</value>
         <object_component_ref idref="oc-163"/>
      </symbol>
      <symbol id="sm-69d">
         <name>_RTDX_writing</name>
         <value>0xbd84</value>
         <object_component_ref idref="oc-165"/>
      </symbol>
      <symbol id="sm-69e">
         <name>_RTDX_Buffer_Initialize</name>
         <value>0xa587</value>
         <object_component_ref idref="oc-255"/>
      </symbol>
      <symbol id="sm-69f">
         <name>_RTDX_Buffer_Write</name>
         <value>0xa706</value>
         <object_component_ref idref="oc-254"/>
      </symbol>
      <symbol id="sm-6a0">
         <name>_rtdxNullFuncCnt</name>
         <value>0x7fd6</value>
         <object_component_ref idref="oc-163"/>
      </symbol>
      <symbol id="sm-6a1">
         <name>_RTDX_Buffer_Size</name>
         <value>0xa661</value>
         <object_component_ref idref="oc-261"/>
      </symbol>
      <symbol id="sm-6bb">
         <name>_RTDX_LMM</name>
         <value>0x1</value>
      </symbol>
      <symbol id="sm-6bc">
         <name>_RTDX_Mon_Queue</name>
         <value>0xa49a</value>
         <object_component_ref idref="oc-264"/>
      </symbol>
      <symbol id="sm-6bd">
         <name>_rtdx_mon_state</name>
         <value>0xbd54</value>
         <object_component_ref idref="oc-168"/>
      </symbol>
      <symbol id="sm-6be">
         <name>_RTDX_JTAGONLY</name>
         <value>0x3</value>
      </symbol>
      <symbol id="sm-6bf">
         <name>_RTDX_Final_RT_Monitor</name>
         <value>0xa625</value>
         <object_component_ref idref="oc-260"/>
      </symbol>
      <symbol id="sm-6c0">
         <name>_RTDX_Poll</name>
         <value>0xa266</value>
         <object_component_ref idref="oc-24f"/>
      </symbol>
      <symbol id="sm-6c1">
         <name>_RTDX_H2TPoll</name>
         <value>0xa522</value>
         <object_component_ref idref="oc-250"/>
      </symbol>
      <symbol id="sm-6c2">
         <name>_RTDX_Init_RT_Monitor</name>
         <value>0xa157</value>
         <object_component_ref idref="oc-256"/>
      </symbol>
      <symbol id="sm-6c8">
         <name>_RTDX_Set_IER</name>
         <value>0xa6e8</value>
         <object_component_ref idref="oc-25c"/>
      </symbol>
      <symbol id="sm-6c9">
         <name>_RTDX_Mask_IER</name>
         <value>0xa69c</value>
         <object_component_ref idref="oc-258"/>
      </symbol>
      <symbol id="sm-6d3">
         <name>_SEM_pend</name>
         <value>0x4099</value>
         <object_component_ref idref="oc-16b"/>
      </symbol>
      <symbol id="sm-6dd">
         <name>_SEM_pendEnterKnl</name>
         <value>0x2e80</value>
         <object_component_ref idref="oc-16f"/>
      </symbol>
      <symbol id="sm-6e7">
         <name>_SEM_postBinary</name>
         <value>0x3e47</value>
         <object_component_ref idref="oc-173"/>
      </symbol>
      <symbol id="sm-6e8">
         <name>_SEM_post</name>
         <value>0x3e47</value>
         <object_component_ref idref="oc-173"/>
      </symbol>
      <symbol id="sm-6f2">
         <name>_SEM_postEnterKnl</name>
         <value>0x40e8</value>
         <object_component_ref idref="oc-177"/>
      </symbol>
      <symbol id="sm-6fc">
         <name>_STS_set</name>
         <value>0x4420</value>
         <object_component_ref idref="oc-17b"/>
      </symbol>
      <symbol id="sm-70a">
         <name>_TSK_nTasks</name>
         <value>0x7e50</value>
         <object_component_ref idref="oc-17f"/>
      </symbol>
      <symbol id="sm-70b">
         <name>_TSK_config</name>
         <value>0x7e70</value>
         <object_component_ref idref="oc-17f"/>
      </symbol>
      <symbol id="sm-70c">
         <name>_TSK</name>
         <value>0x7e8c</value>
         <object_component_ref idref="oc-17f"/>
      </symbol>
      <symbol id="sm-70d">
         <name>_TSK_timerSem</name>
         <value>0x7e90</value>
         <object_component_ref idref="oc-17f"/>
      </symbol>
      <symbol id="sm-70e">
         <name>_TSK_pid</name>
         <value>0x7e52</value>
         <object_component_ref idref="oc-17f"/>
      </symbol>
      <symbol id="sm-70f">
         <name>_TSK_ATTRS</name>
         <value>0x7e54</value>
         <object_component_ref idref="oc-17f"/>
      </symbol>
      <symbol id="sm-719">
         <name>_TSK_exit</name>
         <value>0x38bc</value>
         <object_component_ref idref="oc-185"/>
      </symbol>
      <symbol id="sm-723">
         <name>_SYS_exit</name>
         <value>0x4178</value>
         <object_component_ref idref="oc-189"/>
      </symbol>
      <symbol id="sm-72f">
         <name>_SYS_exitStack</name>
         <value>0x7f48</value>
         <object_component_ref idref="oc-18d"/>
      </symbol>
      <symbol id="sm-730">
         <name>_SYS_exitStackPtr</name>
         <value>0x7f68</value>
         <object_component_ref idref="oc-18d"/>
      </symbol>
      <symbol id="sm-731">
         <name>_SYS_exitStackTop</name>
         <value>0x7f6c</value>
         <object_component_ref idref="oc-18d"/>
      </symbol>
      <symbol id="sm-73b">
         <name>_TSK_init</name>
         <value>0xb9e8</value>
         <object_component_ref idref="oc-192"/>
      </symbol>
      <symbol id="sm-745">
         <name>_TSK_setup</name>
         <value>0x39b4</value>
         <object_component_ref idref="oc-196"/>
      </symbol>
      <symbol id="sm-757">
         <name>__MEM_mutex</name>
         <value>0x7ed8</value>
         <object_component_ref idref="oc-19b"/>
      </symbol>
      <symbol id="sm-758">
         <name>_TSK_startup</name>
         <value>0x3b08</value>
         <object_component_ref idref="oc-19d"/>
      </symbol>
      <symbol id="sm-759">
         <name>__TSK_mutex</name>
         <value>0x7eb0</value>
         <object_component_ref idref="oc-19b"/>
      </symbol>
      <symbol id="sm-763">
         <name>_LCK_pend</name>
         <value>0x4010</value>
         <object_component_ref idref="oc-1a2"/>
      </symbol>
      <symbol id="sm-764">
         <name>_LCK_post</name>
         <value>0x3ff0</value>
         <object_component_ref idref="oc-1a2"/>
      </symbol>
      <symbol id="sm-76e">
         <name>_SYS_abort</name>
         <value>0x43f4</value>
         <object_component_ref idref="oc-1a6"/>
      </symbol>
      <symbol id="sm-796">
         <name>_USBSTK5515_I2C_reset</name>
         <value>0x1849</value>
         <object_component_ref idref="oc-1aa"/>
      </symbol>
      <symbol id="sm-797">
         <name>_USBSTK5515_I2C_read</name>
         <value>0x18e6</value>
         <object_component_ref idref="oc-1aa"/>
      </symbol>
      <symbol id="sm-798">
         <name>_USBSTK5515_I2C_write</name>
         <value>0x1857</value>
         <object_component_ref idref="oc-1aa"/>
      </symbol>
      <symbol id="sm-799">
         <name>_USBSTK5515_I2C_close</name>
         <value>0x1840</value>
         <object_component_ref idref="oc-1aa"/>
      </symbol>
      <symbol id="sm-79a">
         <name>_i2c_timeout</name>
         <value>0x7ffc</value>
         <object_component_ref idref="oc-1ab"/>
      </symbol>
      <symbol id="sm-79b">
         <name>_USBSTK5515_I2C_init</name>
         <value>0x1821</value>
         <object_component_ref idref="oc-1aa"/>
      </symbol>
      <symbol id="sm-7af">
         <name>_USBSTK5515_GPIO_setDirection</name>
         <value>0x143e</value>
         <object_component_ref idref="oc-1b1"/>
      </symbol>
      <symbol id="sm-7b0">
         <name>_USBSTK5515_GPIO_getInput</name>
         <value>0x1538</value>
         <object_component_ref idref="oc-1b1"/>
      </symbol>
      <symbol id="sm-7b1">
         <name>_USBSTK5515_GPIO_init</name>
         <value>0x143a</value>
         <object_component_ref idref="oc-1b1"/>
      </symbol>
      <symbol id="sm-7b2">
         <name>_USBSTK5515_GPIO_setOutput</name>
         <value>0x14bb</value>
         <object_component_ref idref="oc-1b1"/>
      </symbol>
      <symbol id="sm-7cf">
         <name>_USBSTK5515_LED_off</name>
         <value>0x128d</value>
         <object_component_ref idref="oc-1b6"/>
      </symbol>
      <symbol id="sm-7d0">
         <name>_USBSTK5515_ULED_toggle</name>
         <value>0x13f5</value>
         <object_component_ref idref="oc-1b6"/>
      </symbol>
      <symbol id="sm-7d1">
         <name>_USBSTK5515_ULED_getall</name>
         <value>0x12cd</value>
         <object_component_ref idref="oc-1b6"/>
      </symbol>
      <symbol id="sm-7d2">
         <name>_USBSTK5515_LED_on</name>
         <value>0x127c</value>
         <object_component_ref idref="oc-1b6"/>
      </symbol>
      <symbol id="sm-7d3">
         <name>_USBSTK5515_ULED_on</name>
         <value>0x138d</value>
         <object_component_ref idref="oc-1b6"/>
      </symbol>
      <symbol id="sm-7d4">
         <name>_USBSTK5515_LED_init</name>
         <value>0x1271</value>
         <object_component_ref idref="oc-1b6"/>
      </symbol>
      <symbol id="sm-7d5">
         <name>_USBSTK5515_ULED_off</name>
         <value>0x13c2</value>
         <object_component_ref idref="oc-1b6"/>
      </symbol>
      <symbol id="sm-7d6">
         <name>_USBSTK5515_ULED_setall</name>
         <value>0x131f</value>
         <object_component_ref idref="oc-1b6"/>
      </symbol>
      <symbol id="sm-7d7">
         <name>_USBSTK5515_ULED_init</name>
         <value>0x129e</value>
         <object_component_ref idref="oc-1b6"/>
      </symbol>
      <symbol id="sm-7e5">
         <name>_USBSTK5515_wait</name>
         <value>0x21b0</value>
         <object_component_ref idref="oc-1bb"/>
      </symbol>
      <symbol id="sm-7e6">
         <name>_USBSTK5515_init</name>
         <value>0x21f6</value>
         <object_component_ref idref="oc-1bb"/>
      </symbol>
      <symbol id="sm-7e7">
         <name>_USBSTK5515_waitusec</name>
         <value>0x21e4</value>
         <object_component_ref idref="oc-1bb"/>
      </symbol>
      <symbol id="sm-7f1">
         <name>__SEM_dopost</name>
         <value>0x37b8</value>
         <object_component_ref idref="oc-1c0"/>
      </symbol>
      <symbol id="sm-7fb">
         <name>__fixdu</name>
         <value>0x230a</value>
         <object_component_ref idref="oc-1c4"/>
      </symbol>
      <symbol id="sm-805">
         <name>__fixdul</name>
         <value>0x1dda</value>
         <object_component_ref idref="oc-1c8"/>
      </symbol>
      <symbol id="sm-80f">
         <name>__fltid</name>
         <value>0x2391</value>
         <object_component_ref idref="oc-1cc"/>
      </symbol>
      <symbol id="sm-81b">
         <name>__fltlid</name>
         <value>0x208d</value>
         <object_component_ref idref="oc-1d0"/>
      </symbol>
      <symbol id="sm-823">
         <name>__mpyli</name>
         <value>0x2339</value>
         <object_component_ref idref="oc-1d5"/>
      </symbol>
      <symbol id="sm-824">
         <name>I$$LMPY</name>
         <value>0x2339</value>
         <object_component_ref idref="oc-1d5"/>
      </symbol>
      <symbol id="sm-832">
         <name>__unlock</name>
         <value>0x7fe4</value>
         <object_component_ref idref="oc-1da"/>
      </symbol>
      <symbol id="sm-833">
         <name>__lock</name>
         <value>0x7fe0</value>
         <object_component_ref idref="oc-1da"/>
      </symbol>
      <symbol id="sm-834">
         <name>__register_lock</name>
         <value>0x2366</value>
         <object_component_ref idref="oc-1d9"/>
      </symbol>
      <symbol id="sm-835">
         <name>__nop</name>
         <value>0x236e</value>
         <object_component_ref idref="oc-1d9"/>
      </symbol>
      <symbol id="sm-836">
         <name>__register_unlock</name>
         <value>0x235e</value>
         <object_component_ref idref="oc-1d9"/>
      </symbol>
      <symbol id="sm-840">
         <name>__subd</name>
         <value>0x2325</value>
         <object_component_ref idref="oc-1df"/>
      </symbol>
      <symbol id="sm-84a">
         <name>__addd</name>
         <value>0xa32</value>
         <object_component_ref idref="oc-1e3"/>
      </symbol>
      <symbol id="sm-858">
         <name>_atexit</name>
         <value>0x1faf</value>
         <object_component_ref idref="oc-1e7"/>
      </symbol>
      <symbol id="sm-859">
         <name>___atexit_func_id__</name>
         <value>0x7ad8</value>
         <object_component_ref idref="oc-1e8"/>
      </symbol>
      <symbol id="sm-867">
         <name>_dtors</name>
         <value>0x7ff8</value>
         <object_component_ref idref="oc-1ee"/>
      </symbol>
      <symbol id="sm-868">
         <name>_call_dtors</name>
         <value>0x1ec7</value>
         <object_component_ref idref="oc-1ed"/>
      </symbol>
      <symbol id="sm-869">
         <name>___add_dtor</name>
         <value>0x1f1d</value>
         <object_component_ref idref="oc-1ed"/>
      </symbol>
      <symbol id="sm-879">
         <name>C$$EXIT</name>
         <value>0x239e</value>
         <object_component_ref idref="oc-1f7"/>
      </symbol>
      <symbol id="sm-87a">
         <name>_exit</name>
         <value>0x2284</value>
         <object_component_ref idref="oc-1f3"/>
      </symbol>
      <symbol id="sm-87b">
         <name>_abort</name>
         <value>0x239d</value>
         <object_component_ref idref="oc-1f7"/>
      </symbol>
      <symbol id="sm-87c">
         <name>__cleanup_ptr</name>
         <value>0x7fe8</value>
         <object_component_ref idref="oc-1f4"/>
      </symbol>
      <symbol id="sm-87d">
         <name>__dtors_ptr</name>
         <value>0x7fec</value>
         <object_component_ref idref="oc-1f4"/>
      </symbol>
      <symbol id="sm-887">
         <name>_auto_init</name>
         <value>0xba6c</value>
         <object_component_ref idref="oc-1fa"/>
      </symbol>
      <symbol id="sm-88f">
         <name>_memcpy</name>
         <value>0x2245</value>
         <object_component_ref idref="oc-1fe"/>
      </symbol>
      <symbol id="sm-899">
         <name>_memset</name>
         <value>0x2370</value>
         <object_component_ref idref="oc-202"/>
      </symbol>
      <symbol id="sm-8aa">
         <name>_pow</name>
         <value>0xc0</value>
         <object_component_ref idref="oc-206"/>
      </symbol>
      <symbol id="sm-8b4">
         <name>__eqld</name>
         <value>0x11e5</value>
         <object_component_ref idref="oc-20d"/>
      </symbol>
      <symbol id="sm-8b5">
         <name>__cmpd</name>
         <value>0x1219</value>
         <object_component_ref idref="oc-20d"/>
      </symbol>
      <symbol id="sm-8b6">
         <name>__neqd</name>
         <value>0x1087</value>
         <object_component_ref idref="oc-20d"/>
      </symbol>
      <symbol id="sm-8b7">
         <name>__gtrd</name>
         <value>0x1150</value>
         <object_component_ref idref="oc-20d"/>
      </symbol>
      <symbol id="sm-8b8">
         <name>__geqd</name>
         <value>0x119b</value>
         <object_component_ref idref="oc-20d"/>
      </symbol>
      <symbol id="sm-8b9">
         <name>__leqd</name>
         <value>0x1103</value>
         <object_component_ref idref="oc-20d"/>
      </symbol>
      <symbol id="sm-8ba">
         <name>__lssd</name>
         <value>0x10bb</value>
         <object_component_ref idref="oc-20d"/>
      </symbol>
      <symbol id="sm-8c6">
         <name>__divd</name>
         <value>0x666</value>
         <object_component_ref idref="oc-211"/>
      </symbol>
      <symbol id="sm-8d0">
         <name>__fixdi</name>
         <value>0x22c2</value>
         <object_component_ref idref="oc-215"/>
      </symbol>
      <symbol id="sm-8da">
         <name>__fixdli</name>
         <value>0x201e</value>
         <object_component_ref idref="oc-219"/>
      </symbol>
      <symbol id="sm-8e4">
         <name>__frcmpyd_div</name>
         <value>0x1f3c</value>
         <object_component_ref idref="oc-21d"/>
      </symbol>
      <symbol id="sm-8ee">
         <name>__mpyd</name>
         <value>0x1590</value>
         <object_component_ref idref="oc-221"/>
      </symbol>
      <symbol id="sm-8f8">
         <name>__frcmpyd</name>
         <value>0x1e51</value>
         <object_component_ref idref="oc-225"/>
      </symbol>
      <symbol id="sm-902">
         <name>__negd</name>
         <value>0x2381</value>
         <object_component_ref idref="oc-229"/>
      </symbol>
      <symbol id="sm-90e">
         <name>__nround</name>
         <value>0x20f4</value>
         <object_component_ref idref="oc-22d"/>
      </symbol>
      <symbol id="sm-91a">
         <name>__trunc</name>
         <value>0x2204</value>
         <object_component_ref idref="oc-232"/>
      </symbol>
      <symbol id="sm-924">
         <name>_errno</name>
         <value>0x7f46</value>
         <object_component_ref idref="oc-237"/>
      </symbol>
      <symbol id="sm-930">
         <name>_frexp</name>
         <value>0x1b2e</value>
         <object_component_ref idref="oc-23b"/>
      </symbol>
      <symbol id="sm-93c">
         <name>_ldexp</name>
         <value>0x195f</value>
         <object_component_ref idref="oc-240"/>
      </symbol>
      <symbol id="sm-948">
         <name>_modf</name>
         <value>0x1bfa</value>
         <object_component_ref idref="oc-245"/>
      </symbol>
      <symbol id="sm-952">
         <name>iRTA_F_or</name>
         <value>0x427a</value>
         <object_component_ref idref="oc-24a"/>
      </symbol>
      <symbol id="sm-953">
         <name>RTA_F_or</name>
         <value>0x4263</value>
         <object_component_ref idref="oc-24a"/>
      </symbol>
      <symbol id="sm-954">
         <name>RTA_F_andn</name>
         <value>0x424d</value>
         <object_component_ref idref="oc-24a"/>
      </symbol>
   </symbol_table>
</link_info>
