******************************************************************************
              TMS320C55x Linker PC v4.4.1                      
******************************************************************************
>> Linked Sun Apr 06 20:17:06 2014

OUTPUT FILE NAME:   <bios_proj3.out>
ENTRY POINT SYMBOL: "_c_int00"  address: 0000a6dd


MEMORY CONFIGURATION

         name            origin    length      used     unused   attr    fill
                        (bytes)   (bytes)    (bytes)   (bytes)
----------------------  --------  ---------  --------  --------  ----  --------
  DARAM                 000000c0   0000fe40  0000af84  00004ebc  RWIX
  VECT                  0000ff00   00000100  00000100  00000000  RWIX
  SARAM                 00010000   00040000  0000c036  00033fca  RWIX
  SRAM                  00050000   007b0000  00000000  007b0000  RWIX
  NOR                   00800000   00400000  00000000  00400000  RWIX
  NAND                  00e00000   00100000  00000000  00100000  RWIX


SECTION ALLOCATION MAP
(Addresses surrounded by []'s are displayed for convenience only!)

output                                                          attributes/
section   page  orgn(bytes) orgn(words) len(bytes) len(words)   input sections
--------  ----  ----------- ----------- ---------- ----------   --------------
.vers        0   [ 00000000 ]  00000000          *   00000038   COPY SECTION
                 [ 00000000 ]  00000000          *   00000038   tskcfg.obj (.vers)

.prd         0   [ 000000c0 ]  00000060          *   00000000   UNINITIALIZED

.bios        0     000000c0  [ 00000060 ] 000020f4          *   
                   000000c0  [ 00000060 ] 000003d4          *   bios.a55L : swi.o55L (.bios)
                   00000494  [ 0000024a ] 000003a3          *   lnkrtdx.a55L : rtdx.o55L (.bios)
                   00000837  [ 0000041b+] 0000035f          *   bios.a55L : hwi_disp_asm.o55L (.bios)
                   00000b96  [ 000005cb ] 00000002          *   --HOLE-- [fill = 20]
                   00000b98  [ 000005cc ] 0000018b          *             : sem_pend.o55L (.bios)
                   00000d23  [ 00000691+] 00000186          *             : prd.o55L (.bios)
                   00000ea9  [ 00000754 ] 00000003          *   --HOLE-- [fill = 20]
                   00000eac  [ 00000756 ] 00000185          *             : knl_run.o55L (.bios)
                   00001031  [ 00000818 ] 00000003          *   --HOLE-- [fill = 20]
                   00001034  [ 0000081a ] 00000144          *             : knl_tick.o55L (.bios)
                   00001178  [ 000008bc ] 00000130          *             : rta.o55L (.bios)
                   000012a8  [ 00000954 ] 00000119          *             : pip.o55L (.bios)
                   000013c1  [ 000009e0+] 0000010e          *             : knl_swit.o55L (.bios)
                   000014cf  [ 00000a67 ] 00000001          *   --HOLE-- [fill = 20]
                   000014d0  [ 00000a68 ] 00000104          *             : sem_dopo.o55L (.bios)
                   000015d4  [ 00000aea ] 000000f8          *             : tsk_exit.o55L (.bios)
                   000016cc  [ 00000b66 ] 000000f6          *             : tsk_setu.o55L (.bios)
                   000017c2  [ 00000be1 ] 00000002          *   --HOLE-- [fill = 20]
                   000017c4  [ 00000be2 ] 000000bf          *             : tsk_stup.o55L (.bios)
                   00001883  [ 00000c41+] 000000a2          *             : c55_c.o55L (.bios)
                   00001925  [ 00000c92 ] 00000003          *   --HOLE-- [fill = 20]
                   00001928  [ 00000c94 ] 00000090          *   bios5505.a55L : clk5505_start.o55L (.bios)
                   000019b8  [ 00000cdc ] 0000008d          *   bios.a55L : knl_chec.o55L (.bios)
                   00001a45  [ 00000d22 ] 00000003          *   --HOLE-- [fill = 20]
                   00001a48  [ 00000d24 ] 0000008d          *   bios5505.a55L : clk5505_isr.o55L (.bios)
                   00001ad5  [ 00000d6a ] 00000003          *   --HOLE-- [fill = 20]
                   00001ad8  [ 00000d6c ] 00000087          *                 : clk5505_htime.o55L (.bios)
                   00001b5f  [ 00000daf+] 00000082          *   bios.a55L : sem_post_asm.o55L (.bios)
                   00001be1  [ 00000df0 ] 00000003          *   --HOLE-- [fill = 20]
                   00001be4  [ 00000df2 ] 00000068          *   bios5505.a55L : clk5505_meas.o55L (.bios)
                   00001c4c  [ 00000e26 ] 00000062          *   bios.a55L : log_printf.o55L (.bios)
                   00001cae  [ 00000e57 ] 00000002          *   --HOLE-- [fill = 20]
                   00001cb0  [ 00000e58 ] 0000005f          *             : knl_exit.o55L (.bios)
                   00001d0f  [ 00000e87 ] 00000001          *   --HOLE-- [fill = 20]
                   00001d10  [ 00000e88 ] 0000005b          *             : knl_ipos.o55L (.bios)
                   00001d6b  [ 00000eb5 ] 00000001          *   --HOLE-- [fill = 20]
                   00001d6c  [ 00000eb6 ] 00000058          *             : lck.o55L (.bios)
                   00001dc4  [ 00000ee2 ] 00000051          *             : log.o55L (.bios)
                   00001e15  [ 00000f0a+] 0000004e          *             : sem_pend_counting.o55L (.bios)
                   00001e63  [ 00000f31 ] 00000001          *   --HOLE-- [fill = 20]
                   00001e64  [ 00000f32 ] 00000048          *             : sem_post.o55L (.bios)
                   00001eac  [ 00000f56 ] 00000048          *             : sts.o55L (.bios)
                   00001ef4  [ 00000f7a ] 00000048          *             : sys_exit.o55L (.bios)
                   00001f3c  [ 00000f9e ] 00000047          *             : idl_busy.o55L (.bios)
                   00001f83  [ 00000fc1+] 00000046          *             : idl_cal.o55L (.bios)
                   00001fc9  [ 00000fe4+] 00000043          *             : rta_andn.o55L (.bios)
                   0000200c  [ 00001006 ] 00000036          *             : utl_putc.o55L (.bios)
                   00002042  [ 00001021 ] 00000002          *   --HOLE-- [fill = 20]
                   00002044  [ 00001022 ] 00000034          *             : knl_post.o55L (.bios)
                   00002078  [ 0000103c ] 00000034          *   bios5505.a55L : clk_itime.o55L (.bios)
                   000020ac  [ 00001056 ] 00000025          *   bios.a55L : fxn.o55L (.bios)
                   000020d1  [ 00001068+] 00000024          *             : idl_stub.o55L (.bios)
                   000020f5  [ 0000107a ] 00000003          *   --HOLE-- [fill = 20]
                   000020f8  [ 0000107c ] 00000023          *             : utl_doab.o55L (.bios)
                   0000211b  [ 0000108d ] 00000001          *   --HOLE-- [fill = 20]
                   0000211c  [ 0000108e ] 00000020          *             : utl_doer.o55L (.bios)
                   0000213c  [ 0000109e ] 0000001a          *             : hwi_xable.o55L (.bios)
                   00002156  [ 000010ab ] 00000017          *             : clk_run.o55L (.bios)
                   0000216d  [ 000010b6 ] 00000003          *   --HOLE-- [fill = 20]
                   00002170  [ 000010b8 ] 00000017          *             : sys_abor.o55L (.bios)
                   00002187  [ 000010c3+] 0000000c          *             : idl.o55L (.bios)
                   00002193  [ 000010c9 ] 00000001          *   --HOLE-- [fill = 20]
                   00002194  [ 000010ca ] 00000008          *             : utl_halt.o55L (.bios)
                   0000219c  [ 000010ce ] 00000007          *             : sts_set.o55L (.bios)
                   000021a3  [ 000010d1+] 00000006          *             : gbl_vers.o55L (.bios)
                   000021a9  [ 000010d4 ] 00000003          *   --HOLE-- [fill = 20]
                   000021ac  [ 000010d6 ] 00000002          *             : fxn_c.o55L (.bios)
                   000021ae  [ 000010d7 ] 00000002          *   --HOLE-- [fill = 20]
                   000021b0  [ 000010d8 ] 00000002          *   bios5505.a55L : clk5505_wdog.o55L (.bios)
                   000021b2  [ 000010d9 ] 00000002          *   --HOLE-- [fill = 20]

.data        0   [ 000000c0 ]  00000060          *   00000000   UNINITIALIZED

.TSK_AudioProcessing$stk 
*            0   [ 000021b4 ]  000010da          *   00000900   UNINITIALIZED
                 [ 000021b4 ]  000010da          *   00000900   tskcfg.obj (.TSK_AudioProcessing$stk)

.TSK_OutputAudio$stk 
*            0   [ 000033b4 ]  000019da          *   00000900   UNINITIALIZED
                 [ 000033b4 ]  000019da          *   00000900   tskcfg.obj (.TSK_OutputAudio$stk)

.text        0     000045b4  [ 000022da ] 00000f84          *   
                   000045b4  [ 000022da ] 0000020e          *   aic3204.obj (.text)
                   000047c2  [ 000023e1 ] 000001ed          *   dma.obj (.text)
                   000049af  [ 000024d7+] 000001c9          *   usbstk5515bsl.lib : usbstk5515_led.obj (.text)
                   00004b78  [ 000025bc ] 000001b1          *   audio.obj (.text)
                   00004d29  [ 00002694+] 00000156          *   usbstk5515bsl.lib : usbstk5515_gpio.obj (.text)
                   00004e7f  [ 0000273f+] 0000013e          *                     : usbstk5515_i2c.obj (.text)
                   00004fbd  [ 000027de+] 000000c6          *   userInterface.obj (.text)
                   00005083  [ 00002841+] 000000a6          *   fir_filter.obj (.text)
                   00005129  [ 00002894+] 000000a1          *   rts55x.lib : divul.obj (.text)
                   000051ca  [ 000028e5 ] 0000007b          *   fir2.obj (.text)
                   00005245  [ 00002922+] 00000075          *   rts55x.lib : sinit.obj (.text)
                   000052ba  [ 0000295d ] 00000072          *              : remul.obj (.text)
                   0000532c  [ 00002996 ] 0000006f          *              : atexit.obj (.text)
                   0000539b  [ 000029cd ] 00000001          *   --HOLE-- [fill = 20]
                   0000539c  [ 000029ce ] 0000005c          *   bios.a55L : tsk_stup.o55L (.text)
                   000053f8  [ 000029fc ] 00000054          *   usbstk5515bsl.lib : usbstk5515.obj (.text)
                   0000544c  [ 00002a26 ] 0000003f          *   rts55x.lib : memcpy.obj (.text)
                   0000548b  [ 00002a45+] 0000003e          *              : exit.obj (.text)
                   000054c9  [ 00002a64+] 0000001e          *   main.obj (.text)
                   000054e7  [ 00002a73+] 00000013          *   rts55x.lib : lmpy.obj (.text)
                   000054fa  [ 00002a7d ] 00000012          *   i2s.obj (.text)
                   0000550c  [ 00002a86 ] 00000012          *   rts55x.lib : _lock.obj (.text)
                   0000551e  [ 00002a8f ] 00000011          *              : memset.obj (.text)
                   0000552f  [ 00002a97+] 00000007          *              : exit.obj (.text:CIO_breakpoint)
                   00005536  [ 00002a9b ] 00000002          *   --HOLE-- [fill = 20]

.cinit       0   [ 00005538 ]  00002a9c          *   000005e7   
                 [ 00005538 ]  00002a9c          *   0000037b   tskcfg.obj (.cinit)
                 [ 00005c2e ]  00002e17          *   000000af   bios.a55L : biosdata.o55L (.cinit)
                 [ 00005d8c ]  00002ec6          *   000000a0             : knl.o55L (.cinit)
                 [ 00005ecc ]  00002f66          *   00000031             : tsk.o55L (.cinit)
                 [ 00005f2e ]  00002f97          *   0000002e             : tsk_stup.o55L (.cinit)
                 [ 00005f8a ]  00002fc5          *   00000019             : rta.o55L (.cinit)
                 [ 00005fbc ]  00002fde          *   00000017   rtdxx.lib : buffer1.o55L (.cinit)
                 [ 00005fea ]  00002ff5          *   00000015   audio.obj (.cinit)
                 [ 00006014 ]  0000300a          *   0000000f   bios.a55L : utl_putc.o55L (.cinit)
                 [ 00006032 ]  00003019          *   0000000e   dma.obj (.cinit)
                 [ 0000604e ]  00003027          *   0000000b   bios.a55L : knl_tick.o55L (.cinit)
                 [ 00006064 ]  00003032          *   0000000a             : obj_init.o55L (.cinit)
                 [ 00006078 ]  0000303c          *   0000000a             : sys.o55L (.cinit)
                 [ 0000608c ]  00003046          *   0000000a   rts55x.lib : _lock.obj (.cinit)
                 [ 000060a0 ]  00003050          *   0000000a              : exit.obj (.cinit)
                 [ 000060b4 ]  0000305a          *   00000009   lnkrtdx.a55L : rtdx.o55L (.cinit)
                 [ 000060c6 ]  00003063          *   00000008   rts55x.lib : atexit.obj (.cinit)
                 [ 000060d6 ]  0000306b          *   00000005   bios.a55L : idl_busy.o55L (.cinit)
                 [ 000060e0 ]  00003070          *   00000005             : knl_swit.o55L (.cinit)
                 [ 000060ea ]  00003075          *   00000005   rts55x.lib : sinit.obj (.cinit)
                 [ 000060f4 ]  0000307a          *   00000004   usbstk5515bsl.lib : usbstk5515_i2c.obj (.cinit)
                 [ 000060fc ]  0000307e          *   00000004   userInterface.obj (.cinit)
                 [ 00006104 ]  00003082          *   00000001   --HOLE-- [fill = 0]

.mem         0   [ 00006106 ]  00003083          *   00000001   UNINITIALIZED
                 [ 00006106 ]  00003083          *   00000001   tskcfg.obj (.mem)

.bss         0   [ 00006108 ]  00003084          *   00000577   UNINITIALIZED
                 [ 00006108 ]  00003084          *   00000196   fir_filter.obj (.bss)
                 [ 00006434 ]  0000321a          *   00000188   dma.obj (.bss)
                 [ 00006744 ]  000033a2          *   000000c2   rts55x.lib : atexit.obj (.bss)
                 [ 000068c8 ]  00003464          *   0000008a   bios.a55L : knl.o55L (.bss)
                 [ 000069dc ]  000034ee          *   00000036   audio.obj (.bss)
                 [ 00006a48 ]  00003524          *   00000030   bios.a55L : tsk.o55L (.bss)
                 [ 00006aa8 ]  00003554          *   00000028             : tsk_stup.o55L (.bss)
                 [ 00006af8 ]  0000357c          *   00000023             : obj_init.o55L (.bss)
                 [ 00006b3e ]  0000359f          *   00000001   usbstk5515bsl.lib : usbstk5515_i2c.obj (.bss)
                 [ 00006b40 ]  000035a0          *   00000014   bios.a55L : sys.o55L (.bss)
                 [ 00006b68 ]  000035b4          *   00000014   tskcfg.obj (.bss)
                 [ 00006b90 ]  000035c8          *   0000000c   bios5505.a55L : clk5505_data.o55L (.bss)
                 [ 00006ba8 ]  000035d4          *   00000008   bios.a55L : knl_tick.o55L (.bss)
                 [ 00006bb8 ]  000035dc          *   00000006             : utl_putc.o55L (.bss)
                 [ 00006bc4 ]  000035e2          *   00000006   rtdxx.lib : buffer1.o55L (.bss)
                 [ 00006bd0 ]  000035e8          *   00000004   bios.a55L : clk_data.o55L (.bss)
                 [ 00006bd8 ]  000035ec          *   00000004   rts55x.lib : _lock.obj (.bss)
                 [ 00006be0 ]  000035f0          *   00000004              : exit.obj (.bss)
                 [ 00006be8 ]  000035f4          *   00000002   bios.a55L : clk_data2.o55L (.bss)
                 [ 00006bec ]  000035f6          *   00000002             : mem_asm.o55L (.bss)
                 [ 00006bf0 ]  000035f8          *   00000002   rts55x.lib : sinit.obj (.bss)
                 [ 00006bf4 ]  000035fa          *   00000001   userInterface.obj (.bss)

.sysstack 
*            0   [ 00006bf8 ]  000035fc          *   00000100   UNINITIALIZED
                 [ 00006bf8 ]  000035fc          *   00000100   --HOLE--

.stack       0   [ 00006df8 ]  000036fc          *   00000400   UNINITIALIZED
                 [ 00006df8 ]  000036fc          *   00000400   --HOLE--

.DARAM$heap 
*            0   [ 000075f8 ]  00003afc          *   00000500   UNINITIALIZED
                 [ 000075f8 ]  00003afc          *   00000500   --HOLE--

.TSK_idle$stk 
*            0   [ 00007ff8 ]  00003ffc          *   00000500   UNINITIALIZED
                 [ 00007ff8 ]  00003ffc          *   00000500   tskcfg.obj (.TSK_idle$stk)

.rtdx_text 
*            0     000089f8  [ 000044fc ] 00000942          *   
                   000089f8  [ 000044fc ] 000001db          *   rtdxx.lib : buffer1.o55L (.rtdx_text:_RTDX_write_next)
                   00008bd3  [ 000045e9+] 0000017c          *             : buffer1.o55L (.rtdx_text:_RTDX_Buffer_WriteCB)
                   00008d4f  [ 000046a7+] 0000010f          *             : rtdx_mon.o55L (.rtdx_text:_RTDX_Init_RT_Monitor)
                   00008e5e  [ 0000472f ] 000000ec          *             : rtdx_mon.o55L (.rtdx_text:_RTDX_Poll)
                   00008f4a  [ 000047a5 ] 000000b5          *             : buffer1.o55L (.rtdx_text:_claim)
                   00008fff  [ 000047ff+] 00000093          *             : rtdx_mon.o55L (.rtdx_text:_StartXFer)
                   00009092  [ 00004849 ] 00000088          *             : rtdx_mon.o55L (.rtdx_text:_RTDX_Mon_Queue)
                   0000911a  [ 0000488d ] 00000065          *             : rtdx_mon.o55L (.rtdx_text:_RTDX_H2TPoll)
                   0000917f  [ 000048bf+] 00000053          *             : buffer1.o55L (.rtdx_text:_RTDX_Buffer_Initialize)
                   000091d2  [ 000048e9 ] 0000004b          *             : buffer2.o55L (.rtdx_text:_RTDX_Buffer_ReadCB)
                   0000921d  [ 0000490e+] 0000003c          *             : rtdx_mon.o55L (.rtdx_text:_RTDX_Final_RT_Monitor)
                   00009259  [ 0000492c+] 0000003b          *             : buffer1.o55L (.rtdx_text:_RTDX_Buffer_Size)
                   00009294  [ 0000494a ] 0000002a          *             : intr_tgt.o55L (.rtdx_text:_RTDX_Mask_IER)
                   000092be  [ 0000495f ] 00000022          *             : buffer2.o55L (.rtdx_text:_RTDX_Buffer_Read)
                   000092e0  [ 00004970 ] 0000001e          *             : intr_tgt.o55L (.rtdx_text:_RTDX_Set_IER)
                   000092fe  [ 0000497f ] 0000001c          *             : buffer1.o55L (.rtdx_text:_RTDX_Buffer_Write)
                   0000931a  [ 0000498d ] 00000017          *             : rtdx_mon.o55L (.rtdx_text:_Allow_EmuAccess)
                   00009331  [ 00004998+] 00000004          *             : rtdx_mon.o55L (.rtdx_text:_Disallow_EmuAccess)
                   00009335  [ 0000499a+] 00000004          *             : rtdx_mon.o55L (.rtdx_text:_Wait)
                   00009339  [ 0000499c ] 00000001          *   --HOLE-- [fill = 20]

.hst0        0   [ 0000933c ]  0000499e          *   00000040   UNINITIALIZED
                 [ 0000933c ]  0000499e          *   00000040   tskcfg.obj (.hst0)

.hst         0   [ 000093bc ]  000049de          *   0000001a   UNINITIALIZED
                 [ 000093bc ]  000049de          *   0000001a   tskcfg.obj (.hst)

.args        0   [ 000093f0 ]  000049f8          *   00000008   
                 [ 000093f0 ]  000049f8          *   00000008   --HOLE-- [fill = 0]

.LOG_system$buf 
*            0   [ 00009400 ]  00004a00          *   00000200   UNINITIALIZED
                 [ 00009400 ]  00004a00          *   00000200   tskcfg.obj (.LOG_system$buf)

.trace$buf 
*            0   [ 00009800 ]  00004c00          *   00000400   UNINITIALIZED
                 [ 00009800 ]  00004c00          *   00000400   tskcfg.obj (.trace$buf)

.trace       0   [ 0000a000 ]  00005000          *   00000200   
                 [ 0000a000 ]  00005000          *   00000200   --HOLE-- [fill = 00]

.sysinit     0     0000a400  [ 00005200 ] 00000350          *   
                   0000a400  [ 00005200 ] 00000111          *   bios.a55L : mem_init.o55L (.sysinit)
                   0000a511  [ 00005288+] 000000d5          *   tskcfg.obj (.sysinit)
                   0000a5e6  [ 000052f3 ] 00000002          *   --HOLE-- [fill = 20]
                   0000a5e8  [ 000052f4 ] 00000084          *   bios.a55L : tsk_init.o55L (.sysinit)
                   0000a66c  [ 00005336 ] 00000071          *             : autoinit.o55L (.sysinit)
                   0000a6dd  [ 0000536e+] 0000006f          *             : boot.o55L (.sysinit)
                   0000a74c  [ 000053a6 ] 00000002          *             : obj_init.o55L (.sysinit)
                   0000a74e  [ 000053a7 ] 00000002          *   --HOLE-- [fill = 20]

.rtdx_data 
*            0   [ 0000a750 ]  000053a8          *   00000128   UNINITIALIZED
                 [ 0000a750 ]  000053a8          *   00000102   tskcfg.obj (.rtdx_data)
                 [ 0000a954 ]  000054aa          *   00000012   rtdxx.lib : rtdx_mon.o55L (.rtdx_data)
                 [ 0000a978 ]  000054bc          *   00000010             : buffer1.o55L (.rtdx_data)
                 [ 0000a998 ]  000054cc          *   00000004   bios.a55L : rtdx_data.o55L (.rtdx_data)

.sysdata     0   [ 0000a9a0 ]  000054d0          *   000000ce   UNINITIALIZED
                 [ 0000a9a0 ]  000054d0          *   000000b0   bios.a55L : biosdata.o55L (.sysdata)
                 [ 0000ab00 ]  00005580          *   00000016             : rta.o55L (.sysdata)
                 [ 0000ab2c ]  00005596          *   00000006   lnkrtdx.a55L : rtdx.o55L (.sysdata)
                 [ 0000ab38 ]  0000559c          *   00000002   bios.a55L : idl_busy.o55L (.sysdata)

.hwi_disp_sec 
*            0   [ 0000ab3c ]  0000559e          *   000000c0   UNINITIALIZED
                 [ 0000ab3c ]  0000559e          *   000000c0   bios.a55L : hwi_disp_asm.o55L (.hwi_disp_sec)

.tsk         0   [ 0000acbc ]  0000565e          *   00000084   UNINITIALIZED
                 [ 0000acbc ]  0000565e          *   00000084   tskcfg.obj (.tsk)

.pip         0   [ 0000adc4 ]  000056e2          *   00000064   UNINITIALIZED
                 [ 0000adc4 ]  000056e2          *   00000064   tskcfg.obj (.pip)

.gblinit     0   [ 0000ae8c ]  00005746          *   00000031   
                 [ 0000ae8c ]  00005746          *   00000031   tskcfg.obj (.gblinit)

.sem         0   [ 0000aef0 ]  00005778          *   0000002c   UNINITIALIZED
                 [ 0000aef0 ]  00005778          *   0000002c   tskcfg.obj (.sem)

.sts         0   [ 0000af48 ]  000057a4          *   00000028   UNINITIALIZED
                 [ 0000af48 ]  000057a4          *   00000028   tskcfg.obj (.sts)

.log         0   [ 0000af98 ]  000057cc          *   00000014   UNINITIALIZED
                 [ 0000af98 ]  000057cc          *   00000014   tskcfg.obj (.log)

.swi         0   [ 0000afc0 ]  000057e0          *   00000014   UNINITIALIZED
                 [ 0000afc0 ]  000057e0          *   00000014   tskcfg.obj (.swi)

.idl         0   [ 0000afe8 ]  000057f4          *   0000000a   UNINITIALIZED
                 [ 0000afe8 ]  000057f4          *   0000000a   tskcfg.obj (.idl)

.idlcal      0   [ 0000affc ]  000057fe          *   0000000a   UNINITIALIZED
                 [ 0000affc ]  000057fe          *   0000000a   tskcfg.obj (.idlcal)

.hst1        0   [ 0000b010 ]  00005808          *   00000008   UNINITIALIZED
                 [ 0000b010 ]  00005808          *   00000008   tskcfg.obj (.hst1)

.sys         0   [ 0000b020 ]  00005810          *   00000008   UNINITIALIZED
                 [ 0000b020 ]  00005810          *   00000008   tskcfg.obj (.sys)

.pinit       0   [ 0000b030 ]  00005818          *   00000006   
                 [ 0000b030 ]  00005818          *   00000002   rtdxx.lib : buffer1.o55L (.pinit)
                 [ 0000b034 ]  0000581a          *   00000002             : rtdx_mon.o55L (.pinit)
                 [ 0000b038 ]  0000581c          *   00000002   --HOLE-- [fill = 0]

.clk         0   [ 0000b03c ]  0000581e          *   00000004   UNINITIALIZED
                 [ 0000b03c ]  0000581e          *   00000004   tskcfg.obj (.clk)

.trcdata     0   [ 0000b044 ]  00005822          *   00000003   
                 [ 0000b044 ]  00005822          *   00000003   bios.a55L : trc.o55L (.trcdata)

.hwi_vec     0     0000ff00  [ 00007f80 ] 00000100          *   
                   0000ff00  [ 00007f80 ] 00000100          *   tskcfg.obj (.hwi_vec)

.const       0   [ 00010000 ]  00008000          *   0000601b   
                 [ 00010000 ]  00008000          *   00005dc0   audio.obj (.const:_TV02_8ksps)
                 [ 0001bb80 ]  0000ddc0          *   0000014b   fir_filter.obj (.const:_hp_taps)
                 [ 0001be16 ]  0000df0b          *   00000001   --HOLE-- [fill = 0]
                 [ 0001be18 ]  0000df0c          *   00000051   audio.obj (.const:.string)
                 [ 0001beba ]  0000df5d          *   00000001   --HOLE-- [fill = 0]
                 [ 0001bebc ]  0000df5e          *   0000004f   bios.a55L : tsk_stup.o55L (.const)
                 [ 0001bf5a ]  0000dfad          *   00000001   --HOLE-- [fill = 0]
                 [ 0001bf5c ]  0000dfae          *   00000023             : utl_doab.o55L (.const)
                 [ 0001bfa2 ]  0000dfd1          *   00000001   --HOLE-- [fill = 0]
                 [ 0001bfa4 ]  0000dfd2          *   00000022             : utl_doer.o55L (.const)
                 [ 0001bfe8 ]  0000dff4          *   00000017   fir_filter.obj (.const:_int_taps)
                 [ 0001c016 ]  0000e00b          *   00000001   --HOLE-- [fill = 0]
                 [ 0001c018 ]  0000e00c          *   00000006   rtdxx.lib : rtdx_mon.o55L (.const)
                 [ 0001c024 ]  0000e012          *   00000004   dma.obj (.const)
                 [ 0001c02c ]  0000e016          *   00000004   rtdxx.lib : buffer1.o55L (.const)
                 [ 0001c034 ]  0000e01a          *   00000001   bios.a55L : tsk.o55L (.const)

.printf      0   [ 0001c036 ]  0000e01b          *   0000007b   COPY SECTION
                 [ 0001c036 ]  0000e01b          *   0000007b   tskcfg.obj (.printf)


GLOBAL SYMBOLS: SORTED ALPHABETICALLY BY Name 

abs. value/
byte addr   word addr   name
---------   ---------   ----
00000002                $TI_capability$C5500$CallingConvention
00000002                $TI_capability$C5500$MemoryModel
00000001                $TI_capability_requires_rev3
            00003084    .bss
            00000060    .data
000045b4                .text
00000014                BIOSDATA_O_CLK_D_COUNTSPMS
0000000e                BIOSDATA_O_CLK_D_DIRTY
00000016                BIOSDATA_O_CLK_D_IDLETIME
00000018                BIOSDATA_O_CLK_D_ISRHOOK
00000010                BIOSDATA_O_CLK_D_PRD
0000001a                BIOSDATA_O_CLK_D_TABBEG
00000012                BIOSDATA_O_CLK_D_TDDR
0000001c                BIOSDATA_O_CLK_D_TIMEFXN
00000006                BIOSDATA_O_CLK_HTIMEDIV
00000008                BIOSDATA_O_CLK_HTIMEMULT
0000000a                BIOSDATA_O_CLK_LTIMEDIV
0000000c                BIOSDATA_O_CLK_LTIMEMULT
0000001e                BIOSDATA_O_CLK_R_TIMH
0000001f                BIOSDATA_O_CLK_R_TIML
00000020                BIOSDATA_O_HST_D_CHANMASK
000000a0                BIOSDATA_O_HST_D_TABBEGADDR
000000a2                BIOSDATA_O_HST_D_TABENDADDR
00000088                BIOSDATA_O_HWI_D_SPSAVE
0000008a                BIOSDATA_O_HWI_D_SSPSAVE
0000008c                BIOSDATA_O_HWI_D_STKBOTADDR
00000090                BIOSDATA_O_HWI_D_STKTOPADDR
0000008e                BIOSDATA_O_HWI_D_SYSTKBOTADDR
00000092                BIOSDATA_O_HWI_D_SYSTKTOPADDR
00000022                BIOSDATA_O_IDL_D_CALBEG
00000024                BIOSDATA_O_IDL_D_CALIBRATE
00000026                BIOSDATA_O_IDL_D_TABBEG
00000028                BIOSDATA_O_LOG_D_SYSTEM
00000098                BIOSDATA_O_MEM_D_FREELIST
0000009a                BIOSDATA_O_MEM_D_LOCKADDR
00000096                BIOSDATA_O_MEM_D_MEMTAB
00000095                BIOSDATA_O_MEM_D_NUMSEGMENTS
0000009c                BIOSDATA_O_MEM_D_UNLOCKADDR
0000002a                BIOSDATA_O_PIP_D_TABBEG
0000002c                BIOSDATA_O_PIP_D_TABLEN
0000002e                BIOSDATA_O_PRD_D_CUR
00000030                BIOSDATA_O_PRD_D_ELAPSED
00000031                BIOSDATA_O_PRD_D_PREVTIM
00000032                BIOSDATA_O_PRD_D_SCALAR
00000034                BIOSDATA_O_PRD_D_SWIHANDLE
00000036                BIOSDATA_O_PRD_D_TABBEG
00000038                BIOSDATA_O_PRD_D_TABLEN
0000003a                BIOSDATA_O_PRD_D_THOOK
0000003c                BIOSDATA_O_PRD_D_TICKH
0000003d                BIOSDATA_O_PRD_D_TICKL
000000a8                BIOSDATA_O_RTDX_D_BUFREAD
000000aa                BIOSDATA_O_RTDX_D_BUFWRITE
00000046                BIOSDATA_O_SWI_D_CURFXN
00000042                BIOSDATA_O_SWI_D_CURMASK
00000045                BIOSDATA_O_SWI_D_CURMBOX
00000043                BIOSDATA_O_SWI_D_CURSET
00000040                BIOSDATA_O_SWI_D_EXECADDR
00000044                BIOSDATA_O_SWI_D_LOCK
00000048                BIOSDATA_O_SWI_D_RDYBEG
0000004a                BIOSDATA_O_SWI_D_RDYTAB
0000003e                BIOSDATA_O_SWI_D_RUNADDR
0000009e                BIOSDATA_O_SYS
000000a4                BIOSDATA_O_TSK_D_IDLSTKADDR
000000a6                BIOSDATA_O_TSK_D_IDLSYSTKADDR
0000a511                BIOS_init
0000a5a2                BIOS_start
00000000                BUF$
00000001                BUF_ENABLED
00005530                C$$EXIT
            000054d0    C55_BIOSDATAOBJ
00000001                CLK$
0000581e                CLK_A_TABBEG
0000b03c                CLK_A_TABBEGb
00000001                CLK_CALDIV
00000004                CLK_CALMULT
0000c350                CLK_COUNTSPMS
00000000                CLK_COUNTSPMSHIGH
            000054e6    CLK_D_idletime
            000054e8    CLK_D_isrhook
            000054ea    CLK_D_tabbeg
            000054ec    CLK_D_timefxn
00002161                CLK_F_dispRun
00001b18                CLK_F_gethtime
00002078                CLK_F_itime
00002161                CLK_HOOKFXN
00000001                CLK_HTIMEDIV
00000002                CLK_HTIMEMULT
0000c350                CLK_HTIMEPERLTIME
00000010                CLK_IMR0TINTMASK
00000000                CLK_IMR1TINTMASK
00000000                CLK_INTBIT
00000004                CLK_INTID
00000001                CLK_LTIMEDIV
000186a0                CLK_LTIMEMULT
000003e8                CLK_MICROSECS
            00005820    CLK_NULL
0000c34f                CLK_PRD
00000000                CLK_PRDHIGH
00001810                CLK_REGS
            000054ee    CLK_R_timh
            000054ef    CLK_R_timl
00000020                CLK_TCR
00000000                CLK_TDDR
00000000                CLK_TDDRHIGH
00001b18                CLK_TIMEFXN
00000001                CLK_TIMER0ARG
00001a90                CLK_TIMER0FUNC
00000000                CLK_TIMER1ARG
000020ac                CLK_TIMER1FUNC
00000000                CLK_TIMER2ARG
000020ac                CLK_TIMER2FUNC
00000046                CLK_TIMERIFR
00000045                CLK_TIMERIMR
00000010                CLK_TIMERIMRMASK
00000000                CLK_TIMERNUM
00000001                CLK_USETIMER
            000035ba    DARAM
00003afc                DARAM$B
000075f8                DARAM$Bb
00000a00                DARAM$L
00000000                DEV$
00000000                DGN$
00000000                DHL$
00000000                DHL_gChannelsAvailable
00000000                DIO$
00000000                DIO_NUMSWIBASE
00000000                DIO_NUMTSKBASE
00000000                DIO_STATIC
00000000                DPI$
000020ac                FXN_F_nop
000020ae                FXN_F_run
000020cf                FXN_F_selfLoop
000020cb                FXN_F_zero
00000001                GBL$
00005205                GBL_A_VERSION
000021ac                GBL_BIOS_BOOTFXN
00f80000                GBL_CACHEICRTAG1
00f81000                GBL_CACHEICRTAG2
00000002                GBL_CACHETYPE
00000000                GBL_CALLCSLCFGINIT
00004e20                GBL_CLKIN
00000001                GBL_CLKMD
00001581                GBL_CLKTYPE
00000001                GBL_DCRPOSTEDWRITE
00001581                GBL_DSPSUBTYPE
00000037                GBL_DSPTYPE
00000000                GBL_ENABLEICACHE
00000001                GBL_ENABLEINST
00000042                GBL_FOOTPRINT
000186a0                GBL_FREQ
00000001                GBL_LARGEMODEL
00000000                GBL_MODIFYCLKMD
00000000                GBL_NULL
00008000                GBL_PLLDIV0
00008003                GBL_PLLDIV1
0000000f                GBL_PLLM
00000000                GBL_PROCID
00000000                GBL_ROM
00000000                GBL_SUPPORTCSL
0000dbef                GBL_TRCMASKVALUE
00000000                GBL_USERINIT
000021ac                GBL_USERINITFXN
00000001                GBL_boot
            00005824    GBL_initdone
            000036fc    GBL_stackbeg
            00003afb    GBL_stackend
            000035fc    GBL_sysstackbeg
            000036fb    GBL_sysstackend
00000000                GIO$
000021ac                GIO_CREATEFXN
000021ac                GIO_DELETEFXN
000021ac                GIO_PENDFXN
000021ac                GIO_POSTFXN
00000000                HOOK$
00000000                HOOK_KNLID
00000001                HST$
000049de                HST_A_TABBEG
000093bc                HST_A_TABBEGb
000049f8                HST_A_TABEND
000093f0                HST_A_TABENDb
00000000                HST_BIOSLINK
00000000                HST_DSM
            000035ba    HST_DSMBUFSEG
00000400                HST_DSMMEMSIZE
            000054f0    HST_D_chanmask
            00005570    HST_D_tabbegaddr
            00005572    HST_D_tabendaddr
000000ff                HST_MAXFRAMEALLOWED
00000040                HST_MAXFRAMESET
00000000                HST_NONE
00000001                HST_RTDX
00000001                HWI$
0000ff00                HWI_A_VECS
00000018                HWI_BERR
00000019                HWI_DLOG
            00005564    HWI_D_inhwi
            00005558    HWI_D_spsave
            0000555a    HWI_D_sspsave
            0000555c    HWI_D_stkbotaddr
            00005560    HWI_D_stktopaddr
            0000555e    HWI_D_systkbotaddr
            00005562    HWI_D_systktopaddr
00000837                HWI_F_dispatch
0000000a                HWI_INT10
0000000b                HWI_INT11
0000000c                HWI_INT12
0000000d                HWI_INT13
0000000e                HWI_INT14
0000000f                HWI_INT15
00000010                HWI_INT16
00000011                HWI_INT17
00000012                HWI_INT18
00000013                HWI_INT19
00000002                HWI_INT2
00000014                HWI_INT20
00000015                HWI_INT21
00000016                HWI_INT22
00000017                HWI_INT23
00000003                HWI_INT3
00000004                HWI_INT4
00000005                HWI_INT5
00000006                HWI_INT6
00000007                HWI_INT7
00000008                HWI_INT8
00000009                HWI_INT9
00000001                HWI_NMI
00000000                HWI_RESET
0000001a                HWI_RTOS
0000001b                HWI_SINT27
0000001c                HWI_SINT28
0000001d                HWI_SINT29
0000001e                HWI_SINT30
0000001f                HWI_SINT31
00000004                HWI_TINT
00000000                HWI_ZEROTAB
000054e7                I$$LMPY
00000001                IDL$
000057fe                IDL_A_CALBEG
0000affc                IDL_A_CALBEGb
000057f4                IDL_A_TABBEG
0000afe8                IDL_A_TABBEGb
            000057fa    IDL_ButtonMonitor
            00005804    IDL_ButtonMonitor$
00000000                IDL_CALIBRERROR
000020d1                IDL_CALIBRFXN
            0000559c    IDL_D_busyObj
            000054f2    IDL_D_calbeg
            000054f4    IDL_D_calibrate
            000054f6    IDL_D_tabbeg
            000057fc    IDL_END
            00005806    IDL_END$
00001f3c                IDL_F_busy
00002187                IDL_F_loop
00000001                IDL_USECLKIDLTIME
            000057c6    IDL_busyObj
            0000e091    IDL_busyObj$avgfmt
00000001                IDL_busyObj$filter
00000001                IDL_busyObj$iA
00000000                IDL_busyObj$iB
00000001                IDL_busyObj$iC
            0000e08b    IDL_busyObj$maxfmt
00000000                IDL_busyObj$operation
            000057c4    IDL_busyObj$stsobj
            0000e08e    IDL_busyObj$sumfmt
00000002                IDL_busyObj$unittype
            000057f4    IDL_cpuLoad
            000057fe    IDL_cpuLoad$
00000001                ISRC$
0000140f                KNL_glue
            000057e0    KNL_swi
00000001                KNL_swi$dorta
00000000                KNL_swi$ord
00000000                KNL_swi$pri
            000057a6    KNL_swi$sts
            0000e033    KNL_swi$sts$avgfmt
00000002                KNL_swi$sts$filter
00000001                KNL_swi$sts$filtmaxmult
00000001                KNL_swi$sts$filtsummult
            0000e023    KNL_swi$sts$maxfmt
            000057a4    KNL_swi$sts$stsobj
            0000e02b    KNL_swi$sts$sumfmt
00000000                KNL_swi$sts$unittype
00000000                KNL_swi$swi
0000144e                KNL_tick_stub
00000001                LCK$
            00005596    LNKCTRL
            00005597    LNK_D_dataReadyMask
            00005596    LNK_D_fromHostMask
            00005599    LNK_D_readDone
            0000559a    LNK_D_readFail
            00005598    LNK_D_readPend
            0000559b    LNK_D_writeFail
00000496                LNK_F_checkChanEnabled
000004ef                LNK_F_dataPump
000004bd                LNK_F_getChanPtr
000004a4                LNK_F_getNextChan
00000494                LNK_F_init
00000812                LNK_F_readCallBack
            000057f6    LNK_dataPump
            00005800    LNK_dataPump$
0000065a                LNK_newin
0000073e                LNK_newout
000004ef                LNK_rcloop
00000543                LNK_rdrtry
0000054d                LNK_rrloop
000005cd                LNK_wrloop
000005c3                LNK_wrrtry
00000001                LOG$
000057cc                LOG_A_TABBEG
0000af98                LOG_A_TABBEGb
000057e0                LOG_A_TABEND
0000afc0                LOG_A_TABENDb
00000002                LOG_A_TABLEN
            000054f8    LOG_D_system
00000001                LOG_ENABLED
00001dc4                LOG_F_event
            000057cc    LOG_system
            00004a00    LOG_system$buf
00000000                LOG_system$datatype
00000000                LOG_system$log
00000200                LOG_system$size
00000000                MBX$
00000001                MEM$
            000035ba    MEM_MALLOCSEG
00000000                MEM_NULL
            000035ba    MEM_SEGZERO
00000001                MEM_gNumHeap
00000000                MSGQ$
00000000                MSGQ_USEMSGQ
ffffffff                NAND
ffffffff                NOR
00000000                OBJ$
00000000                PIP$
000056e2                PIP_A_TABBEG
0000adc4                PIP_A_TABBEGb
00005746                PIP_A_TABEND
0000ae8c                PIP_A_TABENDb
00000002                PIP_A_TABLEN
            000054fa    PIP_D_tabbeg
            000054fc    PIP_D_tablen
000012fe                PIP_F_give
000012fc                PIP_F_probe
00001370                PIP_F_start
000012a8                PIP_F_take
00000064                PIP_OBJSIZE
00000000                PIP_gNextId
00000002                PIP_gNumEmbed
00000000                POOL$
00000000                POOL_USEPOOL
00000001                PRD$
00000060                PRD_A_TABBEG
000000c0                PRD_A_TABBEGb
00000060                PRD_A_TABEND
000000c0                PRD_A_TABENDb
00000000                PRD_A_TABLEN
            000054fe    PRD_D_cur
            00005500    PRD_D_elapsed
            00005501    PRD_D_prevtim
            00005502    PRD_D_scalar
            00005504    PRD_D_swihandle
            00005506    PRD_D_tabbeg
            00005508    PRD_D_tablen
            0000550a    PRD_D_thook
            0000550c    PRD_D_tickh
            0000550d    PRD_D_tickl
00000d23                PRD_F_swi
00000e48                PRD_F_tick
00004000                PRD_SCALAR
00000000                PRD_SWIHANDLE
0000144e                PRD_THOOKFXN
            0000581e    PRD_clock
00000001                PWRM$
00000000                PWRM_PWRM_ADAPTCLK
000021ac                PWRM_PWRM_BOOTHOOKFXN
00000023                PWRM_PWRM_CAPSMASK
0000003f                PWRM_PWRM_DS_IDLEMASK
00000000                PWRM_PWRM_ENABLE
00000005                PWRM_PWRM_IDLEMASK
00000000                PWRM_PWRM_IER0
00000000                PWRM_PWRM_IER1
00000640                PWRM_PWRM_INITMILVOLTS
0000000f                PWRM_PWRM_INITSP
00000000                PWRM_PWRM_SCALING
00000001                QUE$
            00005580    RTA_D_fromHost
            00005584    RTA_D_logval
            0000558e    RTA_D_stsval
            00005582    RTA_D_toHost
00001fc9                RTA_F_andn
00001201                RTA_F_dispatch
00001178                RTA_F_getlog
000011a4                RTA_F_getsts
00001fdf                RTA_F_or
000011d3                RTA_F_readblk
000011e6                RTA_F_resetmem
000011e2                RTA_F_writeword
            000057f8    RTA_dispatcher
            00005802    RTA_dispatcher$
            000049e0    RTA_fromHost
            00005808    RTA_fromHost$buf
00000008                RTA_fromHost$framesize
00000000                RTA_fromHost$hst
00000001                RTA_fromHost$id
00000000                RTA_fromHost$mode
            000056e2    RTA_fromHost$pipe
            000035bc    RTA_fromHost$pipe$dtab
            000056e4    RTA_fromHost$pipe$rd
            000056e6    RTA_fromHost$pipe$rdaddr
            000056ea    RTA_fromHost$pipe$rdcurdesc
            000056e8    RTA_fromHost$pipe$rdsize
            000056fa    RTA_fromHost$pipe$rdstshdl
            000056fc    RTA_fromHost$pipe$wr
            000056fe    RTA_fromHost$pipe$wraddr
            00005702    RTA_fromHost$pipe$wrcurdesc
            00005700    RTA_fromHost$pipe$wrsize
            00005712    RTA_fromHost$pipe$wrstshdl
            000049e4    RTA_fromHost$rtdx
            000049ec    RTA_toHost
            0000499e    RTA_toHost$buf
00000040                RTA_toHost$framesize
00000000                RTA_toHost$hst
00000000                RTA_toHost$id
00000001                RTA_toHost$mode
            00005714    RTA_toHost$pipe
            000035c2    RTA_toHost$pipe$dtab
            00005716    RTA_toHost$pipe$rd
            00005718    RTA_toHost$pipe$rdaddr
            0000571c    RTA_toHost$pipe$rdcurdesc
            0000571a    RTA_toHost$pipe$rdsize
            0000572c    RTA_toHost$pipe$rdstshdl
            0000572e    RTA_toHost$pipe$wr
            00005730    RTA_toHost$pipe$wraddr
            00005734    RTA_toHost$pipe$wrcurdesc
            00005732    RTA_toHost$pipe$wrsize
            00005744    RTA_toHost$pipe$wrstshdl
            000049f0    RTA_toHost$rtdx
00000001                RTDX$
00000102                RTDX_BUFMEMSIZE
            000035ba    RTDX_DATAMEMSEG
            00005578    RTDX_D_BufRead
            0000557a    RTDX_D_BufWrite
00000000                RTDX_MODE
00000001                RTDX_USERTDX
00000000                RTDX_USERTEXECUTION
ffffffff                SARAM
00000001                SEM$
            0000577e    SEM_AudioProcessor
            00005794    SEM_OutputAudio
00000000                SIO$
ffffffff                SRAM
00000001                STS$
000057a4                STS_A_TABBEG
0000af48                STS_A_TABBEGb
000057cc                STS_A_TABEND
0000af98                STS_A_TABENDb
00001ece                STS_F_add
00001eac                STS_F_delta
00001ee6                STS_F_reset
00000001                SWI$
000057e0                SWI_A_TABBEG
0000afc0                SWI_A_TABBEGb
000057f4                SWI_A_TABEND
0000afe8                SWI_A_TABENDb
00000001                SWI_A_TABLEN
            00005516    SWI_D_curfxn
            00005512    SWI_D_curmask
            00005515    SWI_D_curmbox
            00005513    SWI_D_curset
            00005510    SWI_D_execaddr
            00005556    SWI_D_inswi
            00005514    SWI_D_lock
            00005518    SWI_D_rdybeg
            0000551a    SWI_D_rdytab
            0000550e    SWI_D_runaddr
00000000                SWI_EHOOKFXN
00000206                SWI_EXECFXN
000000c0                SWI_F_enable
00000206                SWI_F_exec
0000017e                SWI_F_exec_sync
000000f3                SWI_F_post
000002f2                SWI_F_run
00000000                SWI_IHOOKFXN
000002f2                SWI_RUNFXN
00000001                SYS$
            00005810    SYS$config
000020f8                SYS_ABORTFXN
0000211c                SYS_ERRORFXN
00002194                SYS_EXITFXN
0000200c                SYS_PUTCFXN
00004000                TRC_GBLTARG
            00005823    TRC_R_mask
            00005822    TRC_cinit
00000001                TSK$
            000056bc    TSK_AudioProcessing
00000003                TSK_AudioProcessing$ord
00000001                TSK_AudioProcessing$pri
            000010da    TSK_AudioProcessing$stack
            000018bc    TSK_AudioProcessing$stkptr
            000057be    TSK_AudioProcessing$sts
            0000e081    TSK_AudioProcessing$sts$avgfmt
00000002                TSK_AudioProcessing$sts$filter
00000001                TSK_AudioProcessing$sts$filtmaxmult
00000001                TSK_AudioProcessing$sts$filtsummult
            0000e071    TSK_AudioProcessing$sts$maxfmt
            000057bc    TSK_AudioProcessing$sts$stsobj
            0000e079    TSK_AudioProcessing$sts$sumfmt
00000000                TSK_AudioProcessing$sts$unittype
            000018da    TSK_AudioProcessing$sysstack
            000019bc    TSK_AudioProcessing$sysstkptr
00000000                TSK_AudioProcessing$tsk
            000056d4    TSK_AudioProcessing$tskobj
            00005574    TSK_D_idlstkaddr
            00005576    TSK_D_idlsystkaddr
00000000                TSK_NUM_HOOKS
            00005690    TSK_OutputAudio
00000002                TSK_OutputAudio$ord
00000001                TSK_OutputAudio$pri
            000019da    TSK_OutputAudio$stack
            000021bc    TSK_OutputAudio$stkptr
            000057b6    TSK_OutputAudio$sts
            0000e067    TSK_OutputAudio$sts$avgfmt
00000002                TSK_OutputAudio$sts$filter
00000001                TSK_OutputAudio$sts$filtmaxmult
00000001                TSK_OutputAudio$sts$filtsummult
            0000e057    TSK_OutputAudio$sts$maxfmt
            000057b4    TSK_OutputAudio$sts$stsobj
            0000e05f    TSK_OutputAudio$sts$sumfmt
00000000                TSK_OutputAudio$sts$unittype
            000021da    TSK_OutputAudio$sysstack
            000022bc    TSK_OutputAudio$sysstkptr
00000000                TSK_OutputAudio$tsk
            000056a8    TSK_OutputAudio$tskobj
00000001                TSK_PRIORITY
00000000                TSK_READYFXN
00000000                TSK_STACKSEG
00000400                TSK_STACKSIZE
00000000                TSK_SWITCHFXN
00000100                TSK_SYSTACKSIZE
000021ac                TSK_VCREATEFXN
000021ac                TSK_VDELETEFXN
000021ac                TSK_VEXITFXN
            00005664    TSK_idle
00000001                TSK_idle$ord
00000000                TSK_idle$pri
            00003ffc    TSK_idle$stack
            000043de    TSK_idle$stkptr
            000057ae    TSK_idle$sts
            0000e04d    TSK_idle$sts$avgfmt
00000002                TSK_idle$sts$filter
00000001                TSK_idle$sts$filtmaxmult
00000001                TSK_idle$sts$filtsummult
            0000e03d    TSK_idle$sts$maxfmt
            000057ac    TSK_idle$sts$stsobj
            0000e045    TSK_idle$sts$sumfmt
00000000                TSK_idle$sts$unittype
            000043fc    TSK_idle$sysstack
            000044de    TSK_idle$sysstkptr
00000000                TSK_idle$tsk
            0000567c    TSK_idle$tskobj
00000000                UDEV$
ffffffff                VECT
000045b4                _AIC3204_rget
000045ff                _AIC3204_rset
00004bdf                _AudioProcessingTsk
00004b78                _AudioTransmitTsk
0000a511                _BIOS_init
0000a5a2                _BIOS_start
000018fb                _C55_clearIFR0
00001910                _C55_clearIFR1
00001883                _C55_disableIMR0
000018a6                _C55_disableIMR1
000018c9                _C55_enableIMR0
000018e2                _C55_enableIMR1
0000c350                _CLK_COUNTSPMS
            000035e8    _CLK_DFLTMICROSECS
            000054e4    _CLK_D_countspms
            000054de    _CLK_D_dirty
            000035ea    _CLK_D_microseconds
            000054e0    _CLK_D_prd
            000054e2    _CLK_D_tddr
0000c34f                _CLK_PRD
00001810                _CLK_REGS
00000020                _CLK_TCR
00000000                _CLK_TDDR
00000000                _CLK_TIMERNUM
00000001                _CLK_USETIMER
00002161                _CLK_dispRun
00001a48                _CLK_dispatch
00001b0c                _CLK_getfhtime
00001b18                _CLK_getshtime
            000054d6    _CLK_htimeDiv
            000054d8    _CLK_htimeMult
            000035f4    _CLK_htimePerLtime
00001a90                _CLK_isr
            000054e8    _CLK_isrhook
00002078                _CLK_itime
            000054da    _CLK_ltimeDiv
            000054dc    _CLK_ltimeMult
00001be4                _CLK_measure
00002156                _CLK_run
00001928                _CLK_start
000019b0                _CLK_stop
            000054ee    _CLK_time
            000035ce    _CLK_timer0arg
            000035c8    _CLK_timer0func
            000035d0    _CLK_timer1arg
            000035ca    _CLK_timer1func
            000035d2    _CLK_timer2arg
            000035cc    _CLK_timer2func
00001810                _CLK_timer5505
00001c14                _CLK_timerIAFR
00000000                _CLK_timerNum
000021b0                _CLK_wdogdisable
00004631                _ConfigureAic3204
            000035ba    _DARAM
00003afc                _DARAM_base
000075f8                _DARAM_baseb
00000a00                _DARAM_length
000047c2                _DmaInitialize
000048b2                _DmaInterrupt
000054fa                _EnableI2sPort
000021ac                _FXN_F_nop
            000054d2    _GBL_clkIn
            000054d4    _GBL_freq
000021a3                _GBL_getVersion
            000054d0    _GBL_procId
000049de                _HST_A_TABBEG
000049f8                _HST_A_TABEND
            0000e01b    _HST_HOST_CHANNEL_DRIVER
00000018                _HWI_BERR
00000019                _HWI_DLOG
            00005564    _HWI_D_inhwi
            00005558    _HWI_D_spsave
            0000555a    _HWI_D_sspsave
00000ab6                _HWI_F_DispIsr0
00000837                _HWI_F_dispatch
0000000a                _HWI_INT10
0000000b                _HWI_INT11
0000000c                _HWI_INT12
0000000d                _HWI_INT13
0000000e                _HWI_INT14
0000000f                _HWI_INT15
00000010                _HWI_INT16
00000011                _HWI_INT17
00000012                _HWI_INT18
00000013                _HWI_INT19
00000002                _HWI_INT2
00000014                _HWI_INT20
00000015                _HWI_INT21
00000016                _HWI_INT22
00000017                _HWI_INT23
00000003                _HWI_INT3
00000004                _HWI_INT4
00000005                _HWI_INT5
00000006                _HWI_INT6
00000007                _HWI_INT7
00000008                _HWI_INT8
00000009                _HWI_INT9
00000001                _HWI_NMI
00000000                _HWI_RESET
0000001a                _HWI_RTOS
0000001b                _HWI_SINT27
0000001c                _HWI_SINT28
0000001d                _HWI_SINT29
0000001e                _HWI_SINT30
0000001f                _HWI_SINT31
            00003afc    _HWI_STKBOTTOM
            000036fc    _HWI_STKTOP
            000036fc    _HWI_SYSSTKBOTTOM
            000035fc    _HWI_SYSSTKTOP
00000004                _HWI_TINT
            00005558    _HWI_data
0000213c                _HWI_disable
            0000559e    _HWI_dispatchTab
0000214c                _HWI_enable
00002150                _HWI_restore
00004feb                _IDLButtonMonitor
            000057fa    _IDL_ButtonMonitor
00001f3c                _IDL_busy
            000057c6    _IDL_busyObj
00001f83                _IDL_calibrate
            000057f4    _IDL_cpuLoad
00001f68                _IDL_init
00002187                _IDL_loop
000020d1                _IDL_stub
00005083                _InitializeFIR
00004fbd                _InitializeUI
            000034b8    _KNL_alarm
000019b8                _KNL_check
            000034e0    _KNL_curqueue
            000034d8    _KNL_curtask
            000034dc    _KNL_curtime
            000034c0    _KNL_dummy
00001cb0                _KNL_enter
00001cf0                _KNL_exit
00001a13                _KNL_idle
            000034ec    _KNL_idlefxn
            000034bc    _KNL_inactive
00001d10                _KNL_ipost
00001a30                _KNL_max
            000034e2    _KNL_maxqueue
00002044                _KNL_post
            000034da    _KNL_prevtask
            000034be    _KNL_priority
            00003466    _KNL_queues
00000eac                _KNL_run
0000146e                _KNL_saveIsrFrame
            00003465    _KNL_set
            000034ba    _KNL_setpri
            000057e0    _KNL_swi
            000034de    _KNL_swiptr
000013c1                _KNL_switch
            000034e6    _KNL_tcreatefxn
            000034e8    _KNL_tdeletefxn
00001168                _KNL_tick
            000034ea    _KNL_treadyfxn
            000034e4    _KNL_tswitchfxn
            00003464    _KNL_wFlag
            000034b6    _KNL_wList
00001d8c                _LCK_pend
00001d6c                _LCK_post
00000812                _LNK_F_readCallBack
            000057f6    _LNK_dataPump
000057cc                _LOG_A_TABBEG
000057e0                _LOG_A_TABEND
00000002                _LOG_A_TABLEN
            000054f8    _LOG_D_system
00001dc4                _LOG_event
00001c4c                _LOG_printf
            000057cc    _LOG_system
            000035f6    _MEM
            00005565    _MEM_D_NUMSEGMENTS
            00005568    _MEM_D_freelist
            0000556a    _MEM_D_lockaddr
            00005566    _MEM_D_memtab
            0000556c    _MEM_D_unlockaddr
0000a400                _MEM_init
            000035b4    _MEM_memtab
ffffffff                _NAND
ffffffff                _NOR
0000a74c                _OBJ_init
            00003598    _OBJ_segtab
            0000357c    _OBJ_table
000056e2                _PIP_A_TABBEG
00005746                _PIP_A_TABEND
            0000550d    _PRD_D_tick
            0000581e    _PRD_clock
00001178                _RTA_F_getlog
            000057f8    _RTA_dispatcher
            000049e0    _RTA_fromHost
            000049ec    _RTA_toHost
            000053a8    _RTDX_Buffer
            000054ce    _RTDX_Buffer_End
0000917f                _RTDX_Buffer_Initialize
000092be                _RTDX_Buffer_Read
000091d2                _RTDX_Buffer_ReadCB
00009259                _RTDX_Buffer_Size
            000054cc    _RTDX_Buffer_Start
000092fe                _RTDX_Buffer_Write
00008bd3                _RTDX_Buffer_WriteCB
0000921d                _RTDX_Final_RT_Monitor
0000911a                _RTDX_H2TPoll
00008d4f                _RTDX_Init_RT_Monitor
00000003                _RTDX_JTAGONLY
00000001                _RTDX_LMM
00009294                _RTDX_Mask_IER
00009092                _RTDX_Mon_Queue
00008e5e                _RTDX_Poll
000092e0                _RTDX_Set_IER
00000000                _RTDX_interrupt_mask
            000054c2    _RTDX_writing
ffffffff                _SARAM
            000035ba    _SEG0
            0000577e    _SEM_AudioProcessor
            00005794    _SEM_OutputAudio
00001e15                _SEM_pend
00000b98                _SEM_pendEnterKnl
00001b5f                _SEM_post
00001b5f                _SEM_postBinary
00001e64                _SEM_postEnterKnl
ffffffff                _SRAM
000057a4                _STS_A_TABBEG
000057cc                _STS_A_TABEND
00001ece                _STS_add
00001eac                _STS_delta
00001ee6                _STS_reset
0000219c                _STS_set
            00005516    _SWI_D_curfxn
            00005512    _SWI_D_curmask
            00005556    _SWI_D_inswi
            00005514    _SWI_D_lock
            00005518    _SWI_D_rdybeg
            0000550e    _SWI_data
000000c0                _SWI_enable
000000f3                _SWI_post
            0000556e    _SYS
            00005000    _SYS_PUTCBEG
            000051ff    _SYS_PUTCEND
00002170                _SYS_abort
00001ef4                _SYS_exit
            000035a0    _SYS_exitStack
            000035b0    _SYS_exitStackPtr
            000035b2    _SYS_exitStackTop
00004898                _StartDma
            00005823    _TRC_R_mask
            00003542    _TSK
            00003526    _TSK_ATTRS
            000056bc    _TSK_AudioProcessing
            00005690    _TSK_OutputAudio
            00003534    _TSK_config
000015d4                _TSK_exit
            00005664    _TSK_idle
0000a5e8                _TSK_init
            00003524    _TSK_nTasks
            00003525    _TSK_pid
000016cc                _TSK_setup
00001820                _TSK_startup
            00003544    _TSK_timerSem
            00008000    _TV02_8ksps
00004e27                _USBSTK5515_GPIO_getInput
00004d29                _USBSTK5515_GPIO_init
00004d2d                _USBSTK5515_GPIO_setDirection
00004daa                _USBSTK5515_GPIO_setOutput
00004e9e                _USBSTK5515_I2C_close
00004e7f                _USBSTK5515_I2C_init
00004f44                _USBSTK5515_I2C_read
00004ea7                _USBSTK5515_I2C_reset
00004eb5                _USBSTK5515_I2C_write
000049af                _USBSTK5515_LED_init
000049cb                _USBSTK5515_LED_off
000049ba                _USBSTK5515_LED_on
00004a0b                _USBSTK5515_ULED_getall
000049dc                _USBSTK5515_ULED_init
00004b00                _USBSTK5515_ULED_off
00004acb                _USBSTK5515_ULED_on
00004a5d                _USBSTK5515_ULED_setall
00004b33                _USBSTK5515_ULED_toggle
0000543e                _USBSTK5515_init
000053f8                _USBSTK5515_wait
0000542c                _USBSTK5515_waitusec
000020f8                _UTL_doAbort
0000211c                _UTL_doError
0000200c                _UTL_doPutc
00002194                _UTL_halt
ffffffff                _VECT
            0000557e    __HOOK_NUMHOOKS
            0000557c    __HOOK_knlId
            00003568    __MEM_mutex
000014d0                __SEM_dopost
            00003afc    __STACK_END
00000800                __STACK_SIZE
00000200                __SYSSTACK_SIZE
            00003554    __TSK_mutex
0000529b                ___add_dtor
            000033a2    ___atexit_func_id__
ffffffff                ___binit__
            00003084    ___bss__
ffffffff                ___c_args__
            00002a9c    ___cinit__
            00000060    ___data__
            00000060    ___edata__
            000035fb    ___end__
00005538                ___etext__
            00005818    ___pinit__
000045b4                ___text__
            000035f0    __cleanup_ptr
00005129                __divul
            000035f2    __dtors_ptr
            000035ec    __lock
000054e7                __mpyli
0000551c                __nop
00005514                __register_lock
0000550c                __register_unlock
000052ba                __remul
            000036fc    __stack
            000035fc    __sysstack
            000035ee    __unlock
0000552f                _abort
00004621                _aic3204_init
0000532c                _atexit
0000a66c                _auto_init
0000a6dd                _c_int00
00005245                _call_dtors
            000035f8    _dtors
            000034f0    _enableFilter
0000548b                _exit
000050b9                _filter
0000510d                _filterBuffer
            000034f4    _filteredSigBuff
000051ca                _fir2
            000032da    _g_dmaInputBuffer
            0000321a    _g_dmaOutputBuffer
            00003084    _hpDelayLine
            0000ddc0    _hp_taps
            0000359f    _i2c_timeout
            000031d1    _intDelayLine
            0000dff4    _int_taps
0000511b                _interpolateBuffer
            000034f2    _interpolateIndex
            000034f1    _isInterpolating
            000035fa    _isPressed
            000034ee    _isReceivePong
            000034ef    _isTransmitPong
000054c9                _main
0000544c                _memcpy
0000551e                _memset
            000031ea    _output
            000035e6    _rtdxNullChanCnt
            000035e7    _rtdxNullFuncCnt
            000054bc    _rtdx_buffer_state
            000054aa    _rtdx_mon_state
            000057d6    _trace
ffffffff                binit
            00002a9c    cinit
            00000060    edata
            000035fb    end
00005538                etext
            00005746    gblinit
0000ff00                hwi0
0000ff08                hwi1
0000ff50                hwi10
0000ff58                hwi11
0000ff60                hwi12
0000ff68                hwi13
0000ff70                hwi14
0000ff78                hwi15
0000ff80                hwi16
0000ff88                hwi17
0000ff90                hwi18
0000ff98                hwi19
0000ff10                hwi2
0000ffa0                hwi20
0000ffa8                hwi21
0000ffb0                hwi22
0000ffb8                hwi23
0000ffc0                hwi24
0000ffc8                hwi25
0000ffd0                hwi26
0000ffd8                hwi27
0000ffe0                hwi28
0000ffe8                hwi29
0000ff18                hwi3
0000fff0                hwi30
0000fff8                hwi31
0000ff20                hwi4
0000ff28                hwi5
0000ff30                hwi6
0000ff38                hwi7
0000ff40                hwi8
0000ff48                hwi9
00001ff6                iRTA_F_or
000003f8                logPost
            00005818    pinit
0000044a                stsPost
            000057d6    trace
            00004c00    trace$buf
00000001                trace$datatype
00000000                trace$log
00000400                trace$size


GLOBAL SYMBOLS: SORTED BY Symbol Address 

abs. value/
byte addr   word addr   name
---------   ---------   ----
00000000                BUF$
00000000                CLK_COUNTSPMSHIGH
00000000                CLK_IMR1TINTMASK
00000000                CLK_INTBIT
00000000                CLK_PRDHIGH
00000000                CLK_TDDR
00000000                CLK_TDDRHIGH
00000000                CLK_TIMER1ARG
00000000                CLK_TIMER2ARG
00000000                CLK_TIMERNUM
00000000                DEV$
00000000                DGN$
00000000                DHL$
00000000                DHL_gChannelsAvailable
00000000                DIO$
00000000                DIO_NUMSWIBASE
00000000                DIO_NUMTSKBASE
00000000                DIO_STATIC
00000000                DPI$
00000000                GBL_CALLCSLCFGINIT
00000000                GBL_ENABLEICACHE
00000000                GBL_MODIFYCLKMD
00000000                GBL_NULL
00000000                GBL_PROCID
00000000                GBL_ROM
00000000                GBL_SUPPORTCSL
00000000                GBL_USERINIT
00000000                GIO$
00000000                HOOK$
00000000                HOOK_KNLID
00000000                HST_BIOSLINK
00000000                HST_DSM
00000000                HST_NONE
00000000                HWI_RESET
00000000                HWI_ZEROTAB
00000000                IDL_CALIBRERROR
00000000                IDL_busyObj$iB
00000000                IDL_busyObj$operation
00000000                KNL_swi$ord
00000000                KNL_swi$pri
00000000                KNL_swi$sts$unittype
00000000                KNL_swi$swi
00000000                LOG_system$datatype
00000000                LOG_system$log
00000000                MBX$
00000000                MEM_NULL
00000000                MSGQ$
00000000                MSGQ_USEMSGQ
00000000                OBJ$
00000000                PIP$
00000000                PIP_gNextId
00000000                POOL$
00000000                POOL_USEPOOL
00000000                PRD_A_TABLEN
00000000                PRD_SWIHANDLE
00000000                PWRM_PWRM_ADAPTCLK
00000000                PWRM_PWRM_ENABLE
00000000                PWRM_PWRM_IER0
00000000                PWRM_PWRM_IER1
00000000                PWRM_PWRM_SCALING
00000000                RTA_fromHost$hst
00000000                RTA_fromHost$mode
00000000                RTA_toHost$hst
00000000                RTA_toHost$id
00000000                RTDX_MODE
00000000                RTDX_USERTEXECUTION
00000000                SIO$
00000000                SWI_EHOOKFXN
00000000                SWI_IHOOKFXN
00000000                TSK_AudioProcessing$sts$unittype
00000000                TSK_AudioProcessing$tsk
00000000                TSK_NUM_HOOKS
00000000                TSK_OutputAudio$sts$unittype
00000000                TSK_OutputAudio$tsk
00000000                TSK_READYFXN
00000000                TSK_STACKSEG
00000000                TSK_SWITCHFXN
00000000                TSK_idle$pri
00000000                TSK_idle$sts$unittype
00000000                TSK_idle$tsk
00000000                UDEV$
00000000                _CLK_TDDR
00000000                _CLK_TIMERNUM
00000000                _CLK_timerNum
00000000                _HWI_RESET
00000000                _RTDX_interrupt_mask
00000000                trace$log
00000001                $TI_capability_requires_rev3
00000001                BUF_ENABLED
00000001                CLK$
00000001                CLK_CALDIV
00000001                CLK_HTIMEDIV
00000001                CLK_LTIMEDIV
00000001                CLK_TIMER0ARG
00000001                CLK_USETIMER
00000001                GBL$
00000001                GBL_CLKMD
00000001                GBL_DCRPOSTEDWRITE
00000001                GBL_ENABLEINST
00000001                GBL_LARGEMODEL
00000001                GBL_boot
00000001                HST$
00000001                HST_RTDX
00000001                HWI$
00000001                HWI_NMI
00000001                IDL$
00000001                IDL_USECLKIDLTIME
00000001                IDL_busyObj$filter
00000001                IDL_busyObj$iA
00000001                IDL_busyObj$iC
00000001                ISRC$
00000001                KNL_swi$dorta
00000001                KNL_swi$sts$filtmaxmult
00000001                KNL_swi$sts$filtsummult
00000001                LCK$
00000001                LOG$
00000001                LOG_ENABLED
00000001                MEM$
00000001                MEM_gNumHeap
00000001                PRD$
00000001                PWRM$
00000001                QUE$
00000001                RTA_fromHost$id
00000001                RTA_toHost$mode
00000001                RTDX$
00000001                RTDX_USERTDX
00000001                SEM$
00000001                STS$
00000001                SWI$
00000001                SWI_A_TABLEN
00000001                SYS$
00000001                TSK$
00000001                TSK_AudioProcessing$pri
00000001                TSK_AudioProcessing$sts$filtmaxmult
00000001                TSK_AudioProcessing$sts$filtsummult
00000001                TSK_OutputAudio$pri
00000001                TSK_OutputAudio$sts$filtmaxmult
00000001                TSK_OutputAudio$sts$filtsummult
00000001                TSK_PRIORITY
00000001                TSK_idle$ord
00000001                TSK_idle$sts$filtmaxmult
00000001                TSK_idle$sts$filtsummult
00000001                _CLK_USETIMER
00000001                _HWI_NMI
00000001                _RTDX_LMM
00000001                trace$datatype
00000002                $TI_capability$C5500$CallingConvention
00000002                $TI_capability$C5500$MemoryModel
00000002                CLK_HTIMEMULT
00000002                GBL_CACHETYPE
00000002                HWI_INT2
00000002                IDL_busyObj$unittype
00000002                KNL_swi$sts$filter
00000002                LOG_A_TABLEN
00000002                PIP_A_TABLEN
00000002                PIP_gNumEmbed
00000002                TSK_AudioProcessing$sts$filter
00000002                TSK_OutputAudio$ord
00000002                TSK_OutputAudio$sts$filter
00000002                TSK_idle$sts$filter
00000002                _HWI_INT2
00000002                _LOG_A_TABLEN
00000003                HWI_INT3
00000003                TSK_AudioProcessing$ord
00000003                _HWI_INT3
00000003                _RTDX_JTAGONLY
00000004                CLK_CALMULT
00000004                CLK_INTID
00000004                HWI_INT4
00000004                HWI_TINT
00000004                _HWI_INT4
00000004                _HWI_TINT
00000005                HWI_INT5
00000005                PWRM_PWRM_IDLEMASK
00000005                _HWI_INT5
00000006                BIOSDATA_O_CLK_HTIMEDIV
00000006                HWI_INT6
00000006                _HWI_INT6
00000007                HWI_INT7
00000007                _HWI_INT7
00000008                BIOSDATA_O_CLK_HTIMEMULT
00000008                HWI_INT8
00000008                RTA_fromHost$framesize
00000008                _HWI_INT8
00000009                HWI_INT9
00000009                _HWI_INT9
0000000a                BIOSDATA_O_CLK_LTIMEDIV
0000000a                HWI_INT10
0000000a                _HWI_INT10
0000000b                HWI_INT11
0000000b                _HWI_INT11
0000000c                BIOSDATA_O_CLK_LTIMEMULT
0000000c                HWI_INT12
0000000c                _HWI_INT12
0000000d                HWI_INT13
0000000d                _HWI_INT13
0000000e                BIOSDATA_O_CLK_D_DIRTY
0000000e                HWI_INT14
0000000e                _HWI_INT14
0000000f                GBL_PLLM
0000000f                HWI_INT15
0000000f                PWRM_PWRM_INITSP
0000000f                _HWI_INT15
00000010                BIOSDATA_O_CLK_D_PRD
00000010                CLK_IMR0TINTMASK
00000010                CLK_TIMERIMRMASK
00000010                HWI_INT16
00000010                _HWI_INT16
00000011                HWI_INT17
00000011                _HWI_INT17
00000012                BIOSDATA_O_CLK_D_TDDR
00000012                HWI_INT18
00000012                _HWI_INT18
00000013                HWI_INT19
00000013                _HWI_INT19
00000014                BIOSDATA_O_CLK_D_COUNTSPMS
00000014                HWI_INT20
00000014                _HWI_INT20
00000015                HWI_INT21
00000015                _HWI_INT21
00000016                BIOSDATA_O_CLK_D_IDLETIME
00000016                HWI_INT22
00000016                _HWI_INT22
00000017                HWI_INT23
00000017                _HWI_INT23
00000018                BIOSDATA_O_CLK_D_ISRHOOK
00000018                HWI_BERR
00000018                _HWI_BERR
00000019                HWI_DLOG
00000019                _HWI_DLOG
0000001a                BIOSDATA_O_CLK_D_TABBEG
0000001a                HWI_RTOS
0000001a                _HWI_RTOS
0000001b                HWI_SINT27
0000001b                _HWI_SINT27
0000001c                BIOSDATA_O_CLK_D_TIMEFXN
0000001c                HWI_SINT28
0000001c                _HWI_SINT28
0000001d                HWI_SINT29
0000001d                _HWI_SINT29
0000001e                BIOSDATA_O_CLK_R_TIMH
0000001e                HWI_SINT30
0000001e                _HWI_SINT30
0000001f                BIOSDATA_O_CLK_R_TIML
0000001f                HWI_SINT31
0000001f                _HWI_SINT31
00000020                BIOSDATA_O_HST_D_CHANMASK
00000020                CLK_TCR
00000020                _CLK_TCR
00000022                BIOSDATA_O_IDL_D_CALBEG
00000023                PWRM_PWRM_CAPSMASK
00000024                BIOSDATA_O_IDL_D_CALIBRATE
00000026                BIOSDATA_O_IDL_D_TABBEG
00000028                BIOSDATA_O_LOG_D_SYSTEM
0000002a                BIOSDATA_O_PIP_D_TABBEG
0000002c                BIOSDATA_O_PIP_D_TABLEN
0000002e                BIOSDATA_O_PRD_D_CUR
00000030                BIOSDATA_O_PRD_D_ELAPSED
00000031                BIOSDATA_O_PRD_D_PREVTIM
00000032                BIOSDATA_O_PRD_D_SCALAR
00000034                BIOSDATA_O_PRD_D_SWIHANDLE
00000036                BIOSDATA_O_PRD_D_TABBEG
00000037                GBL_DSPTYPE
00000038                BIOSDATA_O_PRD_D_TABLEN
0000003a                BIOSDATA_O_PRD_D_THOOK
0000003c                BIOSDATA_O_PRD_D_TICKH
0000003d                BIOSDATA_O_PRD_D_TICKL
0000003e                BIOSDATA_O_SWI_D_RUNADDR
0000003f                PWRM_PWRM_DS_IDLEMASK
00000040                BIOSDATA_O_SWI_D_EXECADDR
00000040                HST_MAXFRAMESET
00000040                RTA_toHost$framesize
00000042                BIOSDATA_O_SWI_D_CURMASK
00000042                GBL_FOOTPRINT
00000043                BIOSDATA_O_SWI_D_CURSET
00000044                BIOSDATA_O_SWI_D_LOCK
00000045                BIOSDATA_O_SWI_D_CURMBOX
00000045                CLK_TIMERIMR
00000046                BIOSDATA_O_SWI_D_CURFXN
00000046                CLK_TIMERIFR
00000048                BIOSDATA_O_SWI_D_RDYBEG
0000004a                BIOSDATA_O_SWI_D_RDYTAB
00000060                PRD_A_TABBEG
00000060                PRD_A_TABEND
00000064                PIP_OBJSIZE
00000088                BIOSDATA_O_HWI_D_SPSAVE
0000008a                BIOSDATA_O_HWI_D_SSPSAVE
0000008c                BIOSDATA_O_HWI_D_STKBOTADDR
0000008e                BIOSDATA_O_HWI_D_SYSTKBOTADDR
00000090                BIOSDATA_O_HWI_D_STKTOPADDR
00000092                BIOSDATA_O_HWI_D_SYSTKTOPADDR
00000095                BIOSDATA_O_MEM_D_NUMSEGMENTS
00000096                BIOSDATA_O_MEM_D_MEMTAB
00000098                BIOSDATA_O_MEM_D_FREELIST
0000009a                BIOSDATA_O_MEM_D_LOCKADDR
0000009c                BIOSDATA_O_MEM_D_UNLOCKADDR
0000009e                BIOSDATA_O_SYS
000000a0                BIOSDATA_O_HST_D_TABBEGADDR
000000a2                BIOSDATA_O_HST_D_TABENDADDR
000000a4                BIOSDATA_O_TSK_D_IDLSTKADDR
000000a6                BIOSDATA_O_TSK_D_IDLSYSTKADDR
000000a8                BIOSDATA_O_RTDX_D_BUFREAD
000000aa                BIOSDATA_O_RTDX_D_BUFWRITE
            00000060    .data
000000c0                PRD_A_TABBEGb
000000c0                PRD_A_TABENDb
000000c0                SWI_F_enable
000000c0                _SWI_enable
            00000060    ___data__
            00000060    ___edata__
            00000060    edata
000000f3                SWI_F_post
000000f3                _SWI_post
000000ff                HST_MAXFRAMEALLOWED
00000100                TSK_SYSTACKSIZE
00000102                RTDX_BUFMEMSIZE
0000017e                SWI_F_exec_sync
00000200                LOG_system$size
00000200                __SYSSTACK_SIZE
00000206                SWI_EXECFXN
00000206                SWI_F_exec
000002f2                SWI_F_run
000002f2                SWI_RUNFXN
000003e8                CLK_MICROSECS
000003f8                logPost
00000400                HST_DSMMEMSIZE
00000400                TSK_STACKSIZE
00000400                trace$size
0000044a                stsPost
00000494                LNK_F_init
00000496                LNK_F_checkChanEnabled
000004a4                LNK_F_getNextChan
000004bd                LNK_F_getChanPtr
000004ef                LNK_F_dataPump
000004ef                LNK_rcloop
00000543                LNK_rdrtry
0000054d                LNK_rrloop
000005c3                LNK_wrrtry
000005cd                LNK_wrloop
00000640                PWRM_PWRM_INITMILVOLTS
0000065a                LNK_newin
0000073e                LNK_newout
00000800                __STACK_SIZE
00000812                LNK_F_readCallBack
00000812                _LNK_F_readCallBack
00000837                HWI_F_dispatch
00000837                _HWI_F_dispatch
00000a00                DARAM$L
00000a00                _DARAM_length
00000ab6                _HWI_F_DispIsr0
00000b98                _SEM_pendEnterKnl
00000d23                PRD_F_swi
00000e48                PRD_F_tick
00000eac                _KNL_run
00001168                _KNL_tick
00001178                RTA_F_getlog
00001178                _RTA_F_getlog
000011a4                RTA_F_getsts
000011d3                RTA_F_readblk
000011e2                RTA_F_writeword
000011e6                RTA_F_resetmem
00001201                RTA_F_dispatch
000012a8                PIP_F_take
000012fc                PIP_F_probe
000012fe                PIP_F_give
00001370                PIP_F_start
000013c1                _KNL_switch
0000140f                KNL_glue
0000144e                KNL_tick_stub
0000144e                PRD_THOOKFXN
0000146e                _KNL_saveIsrFrame
000014d0                __SEM_dopost
00001581                GBL_CLKTYPE
00001581                GBL_DSPSUBTYPE
000015d4                _TSK_exit
000016cc                _TSK_setup
00001810                CLK_REGS
00001810                _CLK_REGS
00001810                _CLK_timer5505
00001820                _TSK_startup
00001883                _C55_disableIMR0
000018a6                _C55_disableIMR1
000018c9                _C55_enableIMR0
000018e2                _C55_enableIMR1
000018fb                _C55_clearIFR0
00001910                _C55_clearIFR1
00001928                _CLK_start
000019b0                _CLK_stop
000019b8                _KNL_check
00001a13                _KNL_idle
00001a30                _KNL_max
00001a48                _CLK_dispatch
00001a90                CLK_TIMER0FUNC
00001a90                _CLK_isr
00001b0c                _CLK_getfhtime
00001b18                CLK_F_gethtime
00001b18                CLK_TIMEFXN
00001b18                _CLK_getshtime
00001b5f                _SEM_post
00001b5f                _SEM_postBinary
00001be4                _CLK_measure
00001c14                _CLK_timerIAFR
00001c4c                _LOG_printf
00001cb0                _KNL_enter
00001cf0                _KNL_exit
00001d10                _KNL_ipost
00001d6c                _LCK_post
00001d8c                _LCK_pend
00001dc4                LOG_F_event
00001dc4                _LOG_event
00001e15                _SEM_pend
00001e64                _SEM_postEnterKnl
00001eac                STS_F_delta
00001eac                _STS_delta
00001ece                STS_F_add
00001ece                _STS_add
00001ee6                STS_F_reset
00001ee6                _STS_reset
00001ef4                _SYS_exit
00001f3c                IDL_F_busy
00001f3c                _IDL_busy
00001f68                _IDL_init
00001f83                _IDL_calibrate
00001fc9                RTA_F_andn
00001fdf                RTA_F_or
00001ff6                iRTA_F_or
0000200c                SYS_PUTCFXN
0000200c                _UTL_doPutc
00002044                _KNL_post
00002078                CLK_F_itime
00002078                _CLK_itime
000020ac                CLK_TIMER1FUNC
000020ac                CLK_TIMER2FUNC
000020ac                FXN_F_nop
000020ae                FXN_F_run
000020cb                FXN_F_zero
000020cf                FXN_F_selfLoop
000020d1                IDL_CALIBRFXN
000020d1                _IDL_stub
000020f8                SYS_ABORTFXN
000020f8                _UTL_doAbort
0000211c                SYS_ERRORFXN
0000211c                _UTL_doError
0000213c                _HWI_disable
0000214c                _HWI_enable
00002150                _HWI_restore
00002156                _CLK_run
00002161                CLK_F_dispRun
00002161                CLK_HOOKFXN
00002161                _CLK_dispRun
00002170                _SYS_abort
00002187                IDL_F_loop
00002187                _IDL_loop
00002194                SYS_EXITFXN
00002194                _UTL_halt
0000219c                _STS_set
000021a3                _GBL_getVersion
000021ac                GBL_BIOS_BOOTFXN
000021ac                GBL_USERINITFXN
000021ac                GIO_CREATEFXN
000021ac                GIO_DELETEFXN
000021ac                GIO_PENDFXN
000021ac                GIO_POSTFXN
000021ac                PWRM_PWRM_BOOTHOOKFXN
000021ac                TSK_VCREATEFXN
000021ac                TSK_VDELETEFXN
000021ac                TSK_VEXITFXN
000021ac                _FXN_F_nop
000021b0                _CLK_wdogdisable
            000010da    TSK_AudioProcessing$stack
            000018bc    TSK_AudioProcessing$stkptr
            000018da    TSK_AudioProcessing$sysstack
            000019bc    TSK_AudioProcessing$sysstkptr
            000019da    TSK_OutputAudio$stack
00003afc                DARAM$B
00003afc                _DARAM_base
00004000                PRD_SCALAR
00004000                TRC_GBLTARG
            000021bc    TSK_OutputAudio$stkptr
            000021da    TSK_OutputAudio$sysstack
            000022bc    TSK_OutputAudio$sysstkptr
000045b4                .text
000045b4                _AIC3204_rget
000045b4                ___text__
000045ff                _AIC3204_rset
00004621                _aic3204_init
00004631                _ConfigureAic3204
000047c2                _DmaInitialize
00004898                _StartDma
000048b2                _DmaInterrupt
000049af                _USBSTK5515_LED_init
000049ba                _USBSTK5515_LED_on
000049cb                _USBSTK5515_LED_off
000049dc                _USBSTK5515_ULED_init
000049de                HST_A_TABBEG
000049de                _HST_A_TABBEG
000049f8                HST_A_TABEND
000049f8                _HST_A_TABEND
00004a0b                _USBSTK5515_ULED_getall
00004a5d                _USBSTK5515_ULED_setall
00004acb                _USBSTK5515_ULED_on
00004b00                _USBSTK5515_ULED_off
00004b33                _USBSTK5515_ULED_toggle
00004b78                _AudioTransmitTsk
00004bdf                _AudioProcessingTsk
00004d29                _USBSTK5515_GPIO_init
00004d2d                _USBSTK5515_GPIO_setDirection
00004daa                _USBSTK5515_GPIO_setOutput
00004e20                GBL_CLKIN
00004e27                _USBSTK5515_GPIO_getInput
00004e7f                _USBSTK5515_I2C_init
00004e9e                _USBSTK5515_I2C_close
00004ea7                _USBSTK5515_I2C_reset
00004eb5                _USBSTK5515_I2C_write
00004f44                _USBSTK5515_I2C_read
00004fbd                _InitializeUI
00004feb                _IDLButtonMonitor
00005083                _InitializeFIR
000050b9                _filter
0000510d                _filterBuffer
0000511b                _interpolateBuffer
00005129                __divul
000051ca                _fir2
00005205                GBL_A_VERSION
00005245                _call_dtors
0000529b                ___add_dtor
000052ba                __remul
0000532c                _atexit
000053f8                _USBSTK5515_wait
0000542c                _USBSTK5515_waitusec
0000543e                _USBSTK5515_init
0000544c                _memcpy
0000548b                _exit
000054c9                _main
000054e7                I$$LMPY
000054e7                __mpyli
000054fa                _EnableI2sPort
0000550c                __register_unlock
00005514                __register_lock
0000551c                __nop
0000551e                _memset
0000552f                _abort
00005530                C$$EXIT
            00002a9c    ___cinit__
00005538                ___etext__
            00002a9c    cinit
00005538                etext
000056e2                PIP_A_TABBEG
000056e2                _PIP_A_TABBEG
00005746                PIP_A_TABEND
00005746                _PIP_A_TABEND
000057a4                STS_A_TABBEG
000057a4                _STS_A_TABBEG
000057cc                LOG_A_TABBEG
000057cc                STS_A_TABEND
000057cc                _LOG_A_TABBEG
000057cc                _STS_A_TABEND
000057e0                LOG_A_TABEND
000057e0                SWI_A_TABBEG
000057e0                _LOG_A_TABEND
000057f4                IDL_A_TABBEG
000057f4                SWI_A_TABEND
000057fe                IDL_A_CALBEG
0000581e                CLK_A_TABBEG
            00003084    .bss
            00003084    ___bss__
            00003084    _hpDelayLine
            000031d1    _intDelayLine
            000031ea    _output
            0000321a    _g_dmaOutputBuffer
            000032da    _g_dmaInputBuffer
            000033a2    ___atexit_func_id__
            00003464    _KNL_wFlag
            00003465    _KNL_set
            00003466    _KNL_queues
            000034b6    _KNL_wList
            000034b8    _KNL_alarm
            000034ba    _KNL_setpri
            000034bc    _KNL_inactive
            000034be    _KNL_priority
            000034c0    _KNL_dummy
            000034d8    _KNL_curtask
            000034da    _KNL_prevtask
            000034dc    _KNL_curtime
            000034de    _KNL_swiptr
            000034e0    _KNL_curqueue
            000034e2    _KNL_maxqueue
            000034e4    _KNL_tswitchfxn
            000034e6    _KNL_tcreatefxn
            000034e8    _KNL_tdeletefxn
            000034ea    _KNL_treadyfxn
            000034ec    _KNL_idlefxn
            000034ee    _isReceivePong
            000034ef    _isTransmitPong
            000034f0    _enableFilter
            000034f1    _isInterpolating
            000034f2    _interpolateIndex
            000034f4    _filteredSigBuff
            00003524    _TSK_nTasks
            00003525    _TSK_pid
            00003526    _TSK_ATTRS
            00003534    _TSK_config
            00003542    _TSK
            00003544    _TSK_timerSem
            00003554    __TSK_mutex
            00003568    __MEM_mutex
            0000357c    _OBJ_table
            00003598    _OBJ_segtab
            0000359f    _i2c_timeout
            000035a0    _SYS_exitStack
            000035b0    _SYS_exitStackPtr
            000035b2    _SYS_exitStackTop
            000035b4    _MEM_memtab
            000035ba    DARAM
            000035ba    HST_DSMBUFSEG
            000035ba    MEM_MALLOCSEG
            000035ba    MEM_SEGZERO
            000035ba    RTDX_DATAMEMSEG
            000035ba    _DARAM
            000035ba    _SEG0
            000035bc    RTA_fromHost$pipe$dtab
            000035c2    RTA_toHost$pipe$dtab
            000035c8    _CLK_timer0func
            000035ca    _CLK_timer1func
            000035cc    _CLK_timer2func
            000035ce    _CLK_timer0arg
            000035d0    _CLK_timer1arg
            000035d2    _CLK_timer2arg
            000035e6    _rtdxNullChanCnt
            000035e7    _rtdxNullFuncCnt
            000035e8    _CLK_DFLTMICROSECS
            000035ea    _CLK_D_microseconds
            000035ec    __lock
            000035ee    __unlock
            000035f0    __cleanup_ptr
            000035f2    __dtors_ptr
            000035f4    _CLK_htimePerLtime
            000035f6    _MEM
            000035f8    _dtors
            000035fa    _isPressed
            000035fb    ___end__
            000035fb    end
            000035fc    GBL_sysstackbeg
            000035fc    _HWI_SYSSTKTOP
            000035fc    __sysstack
            000036fb    GBL_sysstackend
            000036fc    GBL_stackbeg
            000036fc    _HWI_STKTOP
            000036fc    _HWI_SYSSTKBOTTOM
            000036fc    __stack
            00003afb    GBL_stackend
000075f8                DARAM$Bb
000075f8                _DARAM_baseb
            00003afc    _HWI_STKBOTTOM
            00003afc    __STACK_END
            00003ffc    TSK_idle$stack
00008000                GBL_PLLDIV0
00008003                GBL_PLLDIV1
            000043de    TSK_idle$stkptr
            000043fc    TSK_idle$sysstack
            000044de    TSK_idle$sysstkptr
00008bd3                _RTDX_Buffer_WriteCB
00008d4f                _RTDX_Init_RT_Monitor
00008e5e                _RTDX_Poll
00009092                _RTDX_Mon_Queue
0000911a                _RTDX_H2TPoll
0000917f                _RTDX_Buffer_Initialize
000091d2                _RTDX_Buffer_ReadCB
0000921d                _RTDX_Final_RT_Monitor
00009259                _RTDX_Buffer_Size
00009294                _RTDX_Mask_IER
000092be                _RTDX_Buffer_Read
000092e0                _RTDX_Set_IER
000092fe                _RTDX_Buffer_Write
            0000499e    RTA_toHost$buf
000093bc                HST_A_TABBEGb
            000049e0    RTA_fromHost
            000049e0    _RTA_fromHost
            000049e4    RTA_fromHost$rtdx
            000049ec    RTA_toHost
            000049ec    _RTA_toHost
            000049f0    RTA_toHost$rtdx
000093f0                HST_A_TABENDb
            00004a00    LOG_system$buf
            00004c00    trace$buf
            00005000    _SYS_PUTCBEG
            000051ff    _SYS_PUTCEND
0000a400                _MEM_init
0000a511                BIOS_init
0000a511                _BIOS_init
0000a5a2                BIOS_start
0000a5a2                _BIOS_start
0000a5e8                _TSK_init
0000a66c                _auto_init
0000a6dd                _c_int00
0000a74c                _OBJ_init
            000053a8    _RTDX_Buffer
            000054aa    _rtdx_mon_state
            000054bc    _rtdx_buffer_state
            000054c2    _RTDX_writing
            000054cc    _RTDX_Buffer_Start
            000054ce    _RTDX_Buffer_End
            000054d0    C55_BIOSDATAOBJ
            000054d0    _GBL_procId
            000054d2    _GBL_clkIn
            000054d4    _GBL_freq
            000054d6    _CLK_htimeDiv
            000054d8    _CLK_htimeMult
            000054da    _CLK_ltimeDiv
            000054dc    _CLK_ltimeMult
            000054de    _CLK_D_dirty
            000054e0    _CLK_D_prd
            000054e2    _CLK_D_tddr
            000054e4    _CLK_D_countspms
            000054e6    CLK_D_idletime
            000054e8    CLK_D_isrhook
            000054e8    _CLK_isrhook
            000054ea    CLK_D_tabbeg
            000054ec    CLK_D_timefxn
            000054ee    CLK_R_timh
            000054ee    _CLK_time
            000054ef    CLK_R_timl
            000054f0    HST_D_chanmask
            000054f2    IDL_D_calbeg
            000054f4    IDL_D_calibrate
            000054f6    IDL_D_tabbeg
            000054f8    LOG_D_system
            000054f8    _LOG_D_system
            000054fa    PIP_D_tabbeg
            000054fc    PIP_D_tablen
            000054fe    PRD_D_cur
            00005500    PRD_D_elapsed
            00005501    PRD_D_prevtim
            00005502    PRD_D_scalar
            00005504    PRD_D_swihandle
            00005506    PRD_D_tabbeg
            00005508    PRD_D_tablen
            0000550a    PRD_D_thook
            0000550c    PRD_D_tickh
            0000550d    PRD_D_tickl
            0000550d    _PRD_D_tick
            0000550e    SWI_D_runaddr
            0000550e    _SWI_data
            00005510    SWI_D_execaddr
            00005512    SWI_D_curmask
            00005512    _SWI_D_curmask
            00005513    SWI_D_curset
            00005514    SWI_D_lock
            00005514    _SWI_D_lock
            00005515    SWI_D_curmbox
            00005516    SWI_D_curfxn
            00005516    _SWI_D_curfxn
            00005518    SWI_D_rdybeg
            00005518    _SWI_D_rdybeg
            0000551a    SWI_D_rdytab
            00005556    SWI_D_inswi
            00005556    _SWI_D_inswi
            00005558    HWI_D_spsave
            00005558    _HWI_D_spsave
            00005558    _HWI_data
            0000555a    HWI_D_sspsave
            0000555a    _HWI_D_sspsave
            0000555c    HWI_D_stkbotaddr
            0000555e    HWI_D_systkbotaddr
            00005560    HWI_D_stktopaddr
            00005562    HWI_D_systktopaddr
            00005564    HWI_D_inhwi
            00005564    _HWI_D_inhwi
            00005565    _MEM_D_NUMSEGMENTS
            00005566    _MEM_D_memtab
            00005568    _MEM_D_freelist
            0000556a    _MEM_D_lockaddr
            0000556c    _MEM_D_unlockaddr
            0000556e    _SYS
            00005570    HST_D_tabbegaddr
            00005572    HST_D_tabendaddr
            00005574    TSK_D_idlstkaddr
            00005576    TSK_D_idlsystkaddr
            00005578    RTDX_D_BufRead
            0000557a    RTDX_D_BufWrite
            0000557c    __HOOK_knlId
            0000557e    __HOOK_NUMHOOKS
            00005580    RTA_D_fromHost
            00005582    RTA_D_toHost
            00005584    RTA_D_logval
            0000558e    RTA_D_stsval
            00005596    LNKCTRL
            00005596    LNK_D_fromHostMask
            00005597    LNK_D_dataReadyMask
            00005598    LNK_D_readPend
            00005599    LNK_D_readDone
            0000559a    LNK_D_readFail
            0000559b    LNK_D_writeFail
            0000559c    IDL_D_busyObj
            0000559e    _HWI_dispatchTab
            00005664    TSK_idle
            00005664    _TSK_idle
            0000567c    TSK_idle$tskobj
            00005690    TSK_OutputAudio
            00005690    _TSK_OutputAudio
            000056a8    TSK_OutputAudio$tskobj
            000056bc    TSK_AudioProcessing
            000056bc    _TSK_AudioProcessing
            000056d4    TSK_AudioProcessing$tskobj
0000adc4                PIP_A_TABBEGb
            000056e2    RTA_fromHost$pipe
            000056e4    RTA_fromHost$pipe$rd
            000056e6    RTA_fromHost$pipe$rdaddr
            000056e8    RTA_fromHost$pipe$rdsize
            000056ea    RTA_fromHost$pipe$rdcurdesc
            000056fa    RTA_fromHost$pipe$rdstshdl
            000056fc    RTA_fromHost$pipe$wr
            000056fe    RTA_fromHost$pipe$wraddr
            00005700    RTA_fromHost$pipe$wrsize
            00005702    RTA_fromHost$pipe$wrcurdesc
            00005712    RTA_fromHost$pipe$wrstshdl
            00005714    RTA_toHost$pipe
            00005716    RTA_toHost$pipe$rd
            00005718    RTA_toHost$pipe$rdaddr
            0000571a    RTA_toHost$pipe$rdsize
            0000571c    RTA_toHost$pipe$rdcurdesc
            0000572c    RTA_toHost$pipe$rdstshdl
            0000572e    RTA_toHost$pipe$wr
            00005730    RTA_toHost$pipe$wraddr
            00005732    RTA_toHost$pipe$wrsize
            00005734    RTA_toHost$pipe$wrcurdesc
            00005744    RTA_toHost$pipe$wrstshdl
0000ae8c                PIP_A_TABENDb
            00005746    gblinit
            0000577e    SEM_AudioProcessor
            0000577e    _SEM_AudioProcessor
            00005794    SEM_OutputAudio
            00005794    _SEM_OutputAudio
            000057a4    KNL_swi$sts$stsobj
0000af48                STS_A_TABBEGb
            000057a6    KNL_swi$sts
            000057ac    TSK_idle$sts$stsobj
            000057ae    TSK_idle$sts
            000057b4    TSK_OutputAudio$sts$stsobj
            000057b6    TSK_OutputAudio$sts
            000057bc    TSK_AudioProcessing$sts$stsobj
            000057be    TSK_AudioProcessing$sts
            000057c4    IDL_busyObj$stsobj
            000057c6    IDL_busyObj
            000057c6    _IDL_busyObj
0000af98                LOG_A_TABBEGb
            000057cc    LOG_system
0000af98                STS_A_TABENDb
            000057cc    _LOG_system
            000057d6    _trace
            000057d6    trace
            000057e0    KNL_swi
0000afc0                LOG_A_TABENDb
0000afc0                SWI_A_TABBEGb
            000057e0    _KNL_swi
0000afe8                IDL_A_TABBEGb
            000057f4    IDL_cpuLoad
0000afe8                SWI_A_TABENDb
            000057f4    _IDL_cpuLoad
            000057f6    LNK_dataPump
            000057f6    _LNK_dataPump
            000057f8    RTA_dispatcher
            000057f8    _RTA_dispatcher
            000057fa    IDL_ButtonMonitor
            000057fa    _IDL_ButtonMonitor
            000057fc    IDL_END
0000affc                IDL_A_CALBEGb
            000057fe    IDL_cpuLoad$
            00005800    LNK_dataPump$
            00005802    RTA_dispatcher$
            00005804    IDL_ButtonMonitor$
            00005806    IDL_END$
            00005808    RTA_fromHost$buf
            00005810    SYS$config
            00005818    ___pinit__
            00005818    pinit
0000b03c                CLK_A_TABBEGb
            0000581e    PRD_clock
            0000581e    _PRD_clock
            00005820    CLK_NULL
            00005822    TRC_cinit
            00005823    TRC_R_mask
            00005823    _TRC_R_mask
            00005824    GBL_initdone
0000c34f                CLK_PRD
0000c34f                _CLK_PRD
0000c350                CLK_COUNTSPMS
0000c350                CLK_HTIMEPERLTIME
0000c350                _CLK_COUNTSPMS
0000dbef                GBL_TRCMASKVALUE
0000ff00                HWI_A_VECS
0000ff00                hwi0
0000ff08                hwi1
0000ff10                hwi2
0000ff18                hwi3
0000ff20                hwi4
0000ff28                hwi5
0000ff30                hwi6
0000ff38                hwi7
0000ff40                hwi8
0000ff48                hwi9
0000ff50                hwi10
0000ff58                hwi11
0000ff60                hwi12
0000ff68                hwi13
0000ff70                hwi14
0000ff78                hwi15
0000ff80                hwi16
0000ff88                hwi17
0000ff90                hwi18
0000ff98                hwi19
0000ffa0                hwi20
0000ffa8                hwi21
0000ffb0                hwi22
0000ffb8                hwi23
0000ffc0                hwi24
0000ffc8                hwi25
0000ffd0                hwi26
0000ffd8                hwi27
0000ffe0                hwi28
0000ffe8                hwi29
0000fff0                hwi30
0000fff8                hwi31
            00008000    _TV02_8ksps
000186a0                CLK_LTIMEMULT
000186a0                GBL_FREQ
            0000ddc0    _hp_taps
            0000dff4    _int_taps
            0000e01b    _HST_HOST_CHANNEL_DRIVER
            0000e023    KNL_swi$sts$maxfmt
            0000e02b    KNL_swi$sts$sumfmt
            0000e033    KNL_swi$sts$avgfmt
            0000e03d    TSK_idle$sts$maxfmt
            0000e045    TSK_idle$sts$sumfmt
            0000e04d    TSK_idle$sts$avgfmt
            0000e057    TSK_OutputAudio$sts$maxfmt
            0000e05f    TSK_OutputAudio$sts$sumfmt
            0000e067    TSK_OutputAudio$sts$avgfmt
            0000e071    TSK_AudioProcessing$sts$maxfmt
            0000e079    TSK_AudioProcessing$sts$sumfmt
            0000e081    TSK_AudioProcessing$sts$avgfmt
            0000e08b    IDL_busyObj$maxfmt
            0000e08e    IDL_busyObj$sumfmt
            0000e091    IDL_busyObj$avgfmt
00f80000                GBL_CACHEICRTAG1
00f81000                GBL_CACHEICRTAG2
ffffffff                NAND
ffffffff                NOR
ffffffff                SARAM
ffffffff                SRAM
ffffffff                VECT
ffffffff                _NAND
ffffffff                _NOR
ffffffff                _SARAM
ffffffff                _SRAM
ffffffff                _VECT
ffffffff                ___binit__
ffffffff                ___c_args__
ffffffff                binit

[959 symbols]
