<?xml version="1.0"?>
<link_info>
   <banner>TMS320C55x Linker PC v4.4.1</banner>
   <copyright>Copyright (c) 1996-2012 Texas Instruments Incorporated</copyright>
   <link_time>0x533c178e</link_time>
   <output_file>bios_rtfilt.out</output_file>
   <entry_point>
      <name>_c_int00</name>
      <address>0x7ec1</address>
   </entry_point>
   <input_file_list>
      <input_file id="fl-a">
         <path>.\</path>
         <kind>object</kind>
         <file>userInterface.obj</file>
         <name>userInterface.obj</name>
      </input_file>
      <input_file id="fl-b">
         <path>.\</path>
         <kind>object</kind>
         <file>tskcfg_c.obj</file>
         <name>tskcfg_c.obj</name>
      </input_file>
      <input_file id="fl-c">
         <path>.\</path>
         <kind>object</kind>
         <file>tskcfg.obj</file>
         <name>tskcfg.obj</name>
      </input_file>
      <input_file id="fl-d">
         <path>.\</path>
         <kind>object</kind>
         <file>main.obj</file>
         <name>main.obj</name>
      </input_file>
      <input_file id="fl-e">
         <path>.\</path>
         <kind>object</kind>
         <file>i2s.obj</file>
         <name>i2s.obj</name>
      </input_file>
      <input_file id="fl-f">
         <path>.\</path>
         <kind>object</kind>
         <file>fir_filter.obj</file>
         <name>fir_filter.obj</name>
      </input_file>
      <input_file id="fl-10">
         <path>.\</path>
         <kind>object</kind>
         <file>fir2.obj</file>
         <name>fir2.obj</name>
      </input_file>
      <input_file id="fl-11">
         <path>.\</path>
         <kind>object</kind>
         <file>dma.obj</file>
         <name>dma.obj</name>
      </input_file>
      <input_file id="fl-12">
         <path>.\</path>
         <kind>object</kind>
         <file>aic3204.obj</file>
         <name>aic3204.obj</name>
      </input_file>
      <input_file id="fl-2a">
         <path>E:\Apps\Texas Instruments\bios_5_42_01_09\packages\ti\bios\lib\</path>
         <kind>archive</kind>
         <file>bios.a55L</file>
         <name>fxn.o55L</name>
      </input_file>
      <input_file id="fl-2b">
         <path>E:\Apps\Texas Instruments\bios_5_42_01_09\packages\ti\bios\lib\</path>
         <kind>archive</kind>
         <file>bios.a55L</file>
         <name>biosdata.o55L</name>
      </input_file>
      <input_file id="fl-2c">
         <path>E:\Apps\Texas Instruments\bios_5_42_01_09\packages\ti\bios\lib\</path>
         <kind>archive</kind>
         <file>bios.a55L</file>
         <name>knl_swit.o55L</name>
      </input_file>
      <input_file id="fl-2d">
         <path>E:\Apps\Texas Instruments\bios_5_42_01_09\packages\ti\bios\lib\</path>
         <kind>archive</kind>
         <file>bios.a55L</file>
         <name>swi.o55L</name>
      </input_file>
      <input_file id="fl-2e">
         <path>E:\Apps\Texas Instruments\bios_5_42_01_09\packages\ti\bios\lib\</path>
         <kind>archive</kind>
         <file>bios.a55L</file>
         <name>clk_run.o55L</name>
      </input_file>
      <input_file id="fl-2f">
         <path>E:\Apps\Texas Instruments\bios_5_42_01_09\packages\ti\bios\lib\</path>
         <kind>archive</kind>
         <file>bios5505.a55L</file>
         <name>clk5505_htime.o55L</name>
      </input_file>
      <input_file id="fl-30">
         <path>E:\Apps\Texas Instruments\bios_5_42_01_09\packages\ti\bios\lib\</path>
         <kind>archive</kind>
         <file>bios5505.a55L</file>
         <name>clk5505_isr.o55L</name>
      </input_file>
      <input_file id="fl-31">
         <path>E:\Apps\Texas Instruments\bios_5_42_01_09\packages\ti\bios\lib\</path>
         <kind>archive</kind>
         <file>bios.a55L</file>
         <name>fxn_c.o55L</name>
      </input_file>
      <input_file id="fl-32">
         <path>E:\Apps\Texas Instruments\bios_5_42_01_09\packages\ti\bios\lib\</path>
         <kind>archive</kind>
         <file>bios.a55L</file>
         <name>idl_stub.o55L</name>
      </input_file>
      <input_file id="fl-33">
         <path>E:\Apps\Texas Instruments\bios_5_42_01_09\packages\ti\bios\lib\</path>
         <kind>archive</kind>
         <file>bios.a55L</file>
         <name>utl_doab.o55L</name>
      </input_file>
      <input_file id="fl-34">
         <path>E:\Apps\Texas Instruments\bios_5_42_01_09\packages\ti\bios\lib\</path>
         <kind>archive</kind>
         <file>bios.a55L</file>
         <name>utl_doer.o55L</name>
      </input_file>
      <input_file id="fl-35">
         <path>E:\Apps\Texas Instruments\bios_5_42_01_09\packages\ti\bios\lib\</path>
         <kind>archive</kind>
         <file>bios.a55L</file>
         <name>utl_putc.o55L</name>
      </input_file>
      <input_file id="fl-36">
         <path>E:\Apps\Texas Instruments\bios_5_42_01_09\packages\ti\bios\lib\</path>
         <kind>archive</kind>
         <file>bios.a55L</file>
         <name>utl_halt.o55L</name>
      </input_file>
      <input_file id="fl-37">
         <path>E:\Apps\Texas Instruments\bios_5_42_01_09\packages\ti\bios\lib\</path>
         <kind>archive</kind>
         <file>bios5505.a55L</file>
         <name>clk_itime.o55L</name>
      </input_file>
      <input_file id="fl-38">
         <path>E:\Apps\Texas Instruments\bios_5_42_01_09\packages\ti\bios\lib\</path>
         <kind>archive</kind>
         <file>bios.a55L</file>
         <name>boot.o55L</name>
      </input_file>
      <input_file id="fl-39">
         <path>E:\Apps\Texas Instruments\bios_5_42_01_09\packages\ti\bios\lib\</path>
         <kind>archive</kind>
         <file>bios.a55L</file>
         <name>trc.o55L</name>
      </input_file>
      <input_file id="fl-3a">
         <path>E:\Apps\Texas Instruments\bios_5_42_01_09\packages\ti\bios\lib\</path>
         <kind>archive</kind>
         <file>bios.a55L</file>
         <name>hwi_disp_asm.o55L</name>
      </input_file>
      <input_file id="fl-3b">
         <path>E:\Apps\Texas Instruments\bios_5_42_01_09\packages\ti\bios\lib\</path>
         <kind>archive</kind>
         <file>bios.a55L</file>
         <name>idl_busy.o55L</name>
      </input_file>
      <input_file id="fl-3c">
         <path>E:\Apps\Texas Instruments\bios_5_42_01_09\packages\ti\bios\lib\</path>
         <kind>archive</kind>
         <file>bios.a55L</file>
         <name>idl.o55L</name>
      </input_file>
      <input_file id="fl-3d">
         <path>E:\Apps\Texas Instruments\bios_5_42_01_09\packages\ti\bios\lib\</path>
         <kind>archive</kind>
         <file>lnkrtdx.a55L</file>
         <name>rtdx.o55L</name>
      </input_file>
      <input_file id="fl-3e">
         <path>E:\Apps\Texas Instruments\bios_5_42_01_09\packages\ti\bios\lib\</path>
         <kind>archive</kind>
         <file>bios.a55L</file>
         <name>log.o55L</name>
      </input_file>
      <input_file id="fl-3f">
         <path>E:\Apps\Texas Instruments\bios_5_42_01_09\packages\ti\bios\lib\</path>
         <kind>archive</kind>
         <file>bios.a55L</file>
         <name>pip.o55L</name>
      </input_file>
      <input_file id="fl-40">
         <path>E:\Apps\Texas Instruments\bios_5_42_01_09\packages\ti\bios\lib\</path>
         <kind>archive</kind>
         <file>bios.a55L</file>
         <name>prd.o55L</name>
      </input_file>
      <input_file id="fl-41">
         <path>E:\Apps\Texas Instruments\bios_5_42_01_09\packages\ti\bios\lib\</path>
         <kind>archive</kind>
         <file>bios.a55L</file>
         <name>rta.o55L</name>
      </input_file>
      <input_file id="fl-42">
         <path>E:\Apps\Texas Instruments\bios_5_42_01_09\packages\ti\bios\lib\</path>
         <kind>archive</kind>
         <file>bios.a55L</file>
         <name>sts.o55L</name>
      </input_file>
      <input_file id="fl-43">
         <path>E:\Apps\Texas Instruments\bios_5_42_01_09\packages\ti\bios\lib\</path>
         <kind>archive</kind>
         <file>bios.a55L</file>
         <name>c55_c.o55L</name>
      </input_file>
      <input_file id="fl-44">
         <path>E:\Apps\Texas Instruments\bios_5_42_01_09\packages\ti\bios\lib\</path>
         <kind>archive</kind>
         <file>bios.a55L</file>
         <name>clk_data.o55L</name>
      </input_file>
      <input_file id="fl-45">
         <path>E:\Apps\Texas Instruments\bios_5_42_01_09\packages\ti\bios\lib\</path>
         <kind>archive</kind>
         <file>bios.a55L</file>
         <name>clk_data2.o55L</name>
      </input_file>
      <input_file id="fl-46">
         <path>E:\Apps\Texas Instruments\bios_5_42_01_09\packages\ti\bios\lib\</path>
         <kind>archive</kind>
         <file>bios5505.a55L</file>
         <name>clk5505_start.o55L</name>
      </input_file>
      <input_file id="fl-47">
         <path>E:\Apps\Texas Instruments\bios_5_42_01_09\packages\ti\bios\lib\</path>
         <kind>archive</kind>
         <file>bios5505.a55L</file>
         <name>clk5505_data.o55L</name>
      </input_file>
      <input_file id="fl-48">
         <path>E:\Apps\Texas Instruments\bios_5_42_01_09\packages\ti\bios\lib\</path>
         <kind>archive</kind>
         <file>bios5505.a55L</file>
         <name>clk5505_wdog.o55L</name>
      </input_file>
      <input_file id="fl-49">
         <path>E:\Apps\Texas Instruments\bios_5_42_01_09\packages\ti\bios\lib\</path>
         <kind>archive</kind>
         <file>bios.a55L</file>
         <name>gbl_vers.o55L</name>
      </input_file>
      <input_file id="fl-4a">
         <path>E:\Apps\Texas Instruments\bios_5_42_01_09\packages\ti\bios\lib\</path>
         <kind>archive</kind>
         <file>bios.a55L</file>
         <name>hwi_xable.o55L</name>
      </input_file>
      <input_file id="fl-4b">
         <path>E:\Apps\Texas Instruments\bios_5_42_01_09\packages\ti\bios\lib\</path>
         <kind>archive</kind>
         <file>bios.a55L</file>
         <name>idl_cal.o55L</name>
      </input_file>
      <input_file id="fl-4c">
         <path>E:\Apps\Texas Instruments\bios_5_42_01_09\packages\ti\bios\lib\</path>
         <kind>archive</kind>
         <file>bios5505.a55L</file>
         <name>clk5505_meas.o55L</name>
      </input_file>
      <input_file id="fl-4d">
         <path>E:\Apps\Texas Instruments\bios_5_42_01_09\packages\ti\bios\lib\</path>
         <kind>archive</kind>
         <file>bios.a55L</file>
         <name>knl_exit.o55L</name>
      </input_file>
      <input_file id="fl-4e">
         <path>E:\Apps\Texas Instruments\bios_5_42_01_09\packages\ti\bios\lib\</path>
         <kind>archive</kind>
         <file>bios.a55L</file>
         <name>knl_chec.o55L</name>
      </input_file>
      <input_file id="fl-4f">
         <path>E:\Apps\Texas Instruments\bios_5_42_01_09\packages\ti\bios\lib\</path>
         <kind>archive</kind>
         <file>bios.a55L</file>
         <name>knl.o55L</name>
      </input_file>
      <input_file id="fl-50">
         <path>E:\Apps\Texas Instruments\bios_5_42_01_09\packages\ti\bios\lib\</path>
         <kind>archive</kind>
         <file>bios.a55L</file>
         <name>knl_run.o55L</name>
      </input_file>
      <input_file id="fl-51">
         <path>E:\Apps\Texas Instruments\bios_5_42_01_09\packages\ti\bios\lib\</path>
         <kind>archive</kind>
         <file>bios.a55L</file>
         <name>knl_tick.o55L</name>
      </input_file>
      <input_file id="fl-52">
         <path>E:\Apps\Texas Instruments\bios_5_42_01_09\packages\ti\bios\lib\</path>
         <kind>archive</kind>
         <file>bios.a55L</file>
         <name>knl_post.o55L</name>
      </input_file>
      <input_file id="fl-53">
         <path>E:\Apps\Texas Instruments\bios_5_42_01_09\packages\ti\bios\lib\</path>
         <kind>archive</kind>
         <file>bios.a55L</file>
         <name>knl_ipos.o55L</name>
      </input_file>
      <input_file id="fl-54">
         <path>E:\Apps\Texas Instruments\bios_5_42_01_09\packages\ti\bios\lib\</path>
         <kind>archive</kind>
         <file>bios.a55L</file>
         <name>mem_asm.o55L</name>
      </input_file>
      <input_file id="fl-55">
         <path>E:\Apps\Texas Instruments\bios_5_42_01_09\packages\ti\bios\lib\</path>
         <kind>archive</kind>
         <file>bios.a55L</file>
         <name>mem_init.o55L</name>
      </input_file>
      <input_file id="fl-56">
         <path>E:\Apps\Texas Instruments\bios_5_42_01_09\packages\ti\bios\lib\</path>
         <kind>archive</kind>
         <file>bios.a55L</file>
         <name>obj_init.o55L</name>
      </input_file>
      <input_file id="fl-57">
         <path>E:\Apps\Texas Instruments\bios_5_42_01_09\packages\ti\bios\lib\</path>
         <kind>archive</kind>
         <file>bios.a55L</file>
         <name>rtdx_data.o55L</name>
      </input_file>
      <input_file id="fl-58">
         <path>E:\Apps\Texas Instruments\bios_5_42_01_09\packages\ti\rtdx\lib\c5500\</path>
         <kind>archive</kind>
         <file>rtdxx.lib</file>
         <name>buffer2.o55L</name>
      </input_file>
      <input_file id="fl-59">
         <path>E:\Apps\Texas Instruments\bios_5_42_01_09\packages\ti\rtdx\lib\c5500\</path>
         <kind>archive</kind>
         <file>rtdxx.lib</file>
         <name>buffer1.o55L</name>
      </input_file>
      <input_file id="fl-5a">
         <path>E:\Apps\Texas Instruments\bios_5_42_01_09\packages\ti\rtdx\lib\c5500\</path>
         <kind>archive</kind>
         <file>rtdxx.lib</file>
         <name>rtdx_mon.o55L</name>
      </input_file>
      <input_file id="fl-5b">
         <path>E:\Apps\Texas Instruments\bios_5_42_01_09\packages\ti\rtdx\lib\c5500\</path>
         <kind>archive</kind>
         <file>rtdxx.lib</file>
         <name>intr_tgt.o55L</name>
      </input_file>
      <input_file id="fl-5c">
         <path>E:\Apps\Texas Instruments\bios_5_42_01_09\packages\ti\bios\lib\</path>
         <kind>archive</kind>
         <file>bios.a55L</file>
         <name>sts_set.o55L</name>
      </input_file>
      <input_file id="fl-5d">
         <path>E:\Apps\Texas Instruments\bios_5_42_01_09\packages\ti\bios\lib\</path>
         <kind>archive</kind>
         <file>bios.a55L</file>
         <name>tsk.o55L</name>
      </input_file>
      <input_file id="fl-5e">
         <path>E:\Apps\Texas Instruments\bios_5_42_01_09\packages\ti\bios\lib\</path>
         <kind>archive</kind>
         <file>bios.a55L</file>
         <name>tsk_exit.o55L</name>
      </input_file>
      <input_file id="fl-5f">
         <path>E:\Apps\Texas Instruments\bios_5_42_01_09\packages\ti\bios\lib\</path>
         <kind>archive</kind>
         <file>bios.a55L</file>
         <name>sys_exit.o55L</name>
      </input_file>
      <input_file id="fl-60">
         <path>E:\Apps\Texas Instruments\bios_5_42_01_09\packages\ti\bios\lib\</path>
         <kind>archive</kind>
         <file>bios.a55L</file>
         <name>sys.o55L</name>
      </input_file>
      <input_file id="fl-61">
         <path>E:\Apps\Texas Instruments\bios_5_42_01_09\packages\ti\bios\lib\</path>
         <kind>archive</kind>
         <file>bios.a55L</file>
         <name>tsk_init.o55L</name>
      </input_file>
      <input_file id="fl-62">
         <path>E:\Apps\Texas Instruments\bios_5_42_01_09\packages\ti\bios\lib\</path>
         <kind>archive</kind>
         <file>bios.a55L</file>
         <name>tsk_setu.o55L</name>
      </input_file>
      <input_file id="fl-63">
         <path>E:\Apps\Texas Instruments\bios_5_42_01_09\packages\ti\bios\lib\</path>
         <kind>archive</kind>
         <file>bios.a55L</file>
         <name>tsk_stup.o55L</name>
      </input_file>
      <input_file id="fl-64">
         <path>E:\Apps\Texas Instruments\bios_5_42_01_09\packages\ti\bios\lib\</path>
         <kind>archive</kind>
         <file>bios.a55L</file>
         <name>lck.o55L</name>
      </input_file>
      <input_file id="fl-65">
         <path>E:\Apps\Texas Instruments\bios_5_42_01_09\packages\ti\bios\lib\</path>
         <kind>archive</kind>
         <file>bios.a55L</file>
         <name>sem_pend_counting.o55L</name>
      </input_file>
      <input_file id="fl-66">
         <path>E:\Apps\Texas Instruments\bios_5_42_01_09\packages\ti\bios\lib\</path>
         <kind>archive</kind>
         <file>bios.a55L</file>
         <name>sem_pend.o55L</name>
      </input_file>
      <input_file id="fl-67">
         <path>E:\Apps\Texas Instruments\bios_5_42_01_09\packages\ti\bios\lib\</path>
         <kind>archive</kind>
         <file>bios.a55L</file>
         <name>sem_post_asm.o55L</name>
      </input_file>
      <input_file id="fl-68">
         <path>E:\Apps\Texas Instruments\bios_5_42_01_09\packages\ti\bios\lib\</path>
         <kind>archive</kind>
         <file>bios.a55L</file>
         <name>sem_post.o55L</name>
      </input_file>
      <input_file id="fl-69">
         <path>E:\Apps\Texas Instruments\bios_5_42_01_09\packages\ti\bios\lib\</path>
         <kind>archive</kind>
         <file>bios.a55L</file>
         <name>sys_abor.o55L</name>
      </input_file>
      <input_file id="fl-6a">
         <path>..\include\</path>
         <kind>archive</kind>
         <file>usbstk5515bsl.lib</file>
         <name>usbstk5515_i2c.obj</name>
      </input_file>
      <input_file id="fl-6b">
         <path>..\include\</path>
         <kind>archive</kind>
         <file>usbstk5515bsl.lib</file>
         <name>usbstk5515_gpio.obj</name>
      </input_file>
      <input_file id="fl-6c">
         <path>..\include\</path>
         <kind>archive</kind>
         <file>usbstk5515bsl.lib</file>
         <name>usbstk5515.obj</name>
      </input_file>
      <input_file id="fl-6d">
         <path>E:\Apps\Texas Instruments\bios_5_42_01_09\packages\ti\bios\lib\</path>
         <kind>archive</kind>
         <file>bios.a55L</file>
         <name>sem_dopo.o55L</name>
      </input_file>
      <input_file id="fl-6e">
         <path>E:\Apps\Texas Instruments\ccsv5\tools\compiler\c5500_4.4.1\lib\</path>
         <kind>archive</kind>
         <file>rts55x.lib</file>
         <name>lmpy.obj</name>
      </input_file>
      <input_file id="fl-6f">
         <path>E:\Apps\Texas Instruments\ccsv5\tools\compiler\c5500_4.4.1\lib\</path>
         <kind>archive</kind>
         <file>rts55x.lib</file>
         <name>_lock.obj</name>
      </input_file>
      <input_file id="fl-70">
         <path>E:\Apps\Texas Instruments\ccsv5\tools\compiler\c5500_4.4.1\lib\</path>
         <kind>archive</kind>
         <file>rts55x.lib</file>
         <name>atexit.obj</name>
      </input_file>
      <input_file id="fl-71">
         <path>E:\Apps\Texas Instruments\ccsv5\tools\compiler\c5500_4.4.1\lib\</path>
         <kind>archive</kind>
         <file>rts55x.lib</file>
         <name>sinit.obj</name>
      </input_file>
      <input_file id="fl-72">
         <path>E:\Apps\Texas Instruments\ccsv5\tools\compiler\c5500_4.4.1\lib\</path>
         <kind>archive</kind>
         <file>rts55x.lib</file>
         <name>exit.obj</name>
      </input_file>
      <input_file id="fl-73">
         <path>E:\Apps\Texas Instruments\bios_5_42_01_09\packages\ti\bios\lib\</path>
         <kind>archive</kind>
         <file>bios.a55L</file>
         <name>autoinit.o55L</name>
      </input_file>
      <input_file id="fl-74">
         <path>E:\Apps\Texas Instruments\ccsv5\tools\compiler\c5500_4.4.1\lib\</path>
         <kind>archive</kind>
         <file>rts55x.lib</file>
         <name>memcpy.obj</name>
      </input_file>
      <input_file id="fl-75">
         <path>E:\Apps\Texas Instruments\ccsv5\tools\compiler\c5500_4.4.1\lib\</path>
         <kind>archive</kind>
         <file>rts55x.lib</file>
         <name>memset.obj</name>
      </input_file>
      <input_file id="fl-76">
         <path>E:\Apps\Texas Instruments\bios_5_42_01_09\packages\ti\bios\lib\</path>
         <kind>archive</kind>
         <file>bios.a55L</file>
         <name>rta_andn.o55L</name>
      </input_file>
   </input_file_list>
   <object_component_list>
      <object_component id="oc-6f">
         <name>.vers</name>
         <load_address>0x0</load_address>
         <run_address>0x0</run_address>
         <size>0x70</size>
         <input_file_ref idref="fl-c"/>
      </object_component>
      <object_component id="oc-5f">
         <name>.clk</name>
         <uninitialized>true</uninitialized>
         <run_address>0x877c</run_address>
         <size>0x8</size>
         <input_file_ref idref="fl-c"/>
      </object_component>
      <object_component id="oc-65">
         <name>.swi</name>
         <uninitialized>true</uninitialized>
         <run_address>0x8710</run_address>
         <size>0x28</size>
         <input_file_ref idref="fl-c"/>
      </object_component>
      <object_component id="oc-68">
         <name>.tsk</name>
         <uninitialized>true</uninitialized>
         <run_address>0x85e8</run_address>
         <size>0x58</size>
         <input_file_ref idref="fl-c"/>
      </object_component>
      <object_component id="oc-6a">
         <name>.idl</name>
         <uninitialized>true</uninitialized>
         <run_address>0x67e0</run_address>
         <size>0x14</size>
         <input_file_ref idref="fl-c"/>
      </object_component>
      <object_component id="oc-69">
         <name>.idlcal</name>
         <uninitialized>true</uninitialized>
         <run_address>0x8738</run_address>
         <size>0x14</size>
         <input_file_ref idref="fl-c"/>
      </object_component>
      <object_component id="oc-45">
         <name>.bss</name>
         <uninitialized>true</uninitialized>
         <run_address>0x36ac</run_address>
         <size>0x28</size>
         <input_file_ref idref="fl-c"/>
      </object_component>
      <object_component id="oc-51">
         <name>.bss</name>
         <uninitialized>true</uninitialized>
         <run_address>0x3738</run_address>
         <size>0x2</size>
         <input_file_ref idref="fl-a"/>
      </object_component>
      <object_component id="oc-7e">
         <name>.bss</name>
         <uninitialized>true</uninitialized>
         <run_address>0x3098</run_address>
         <size>0x25c</size>
         <input_file_ref idref="fl-f"/>
      </object_component>
      <object_component id="oc-88">
         <name>.bss</name>
         <uninitialized>true</uninitialized>
         <run_address>0x2cc4</run_address>
         <size>0x3d4</size>
         <input_file_ref idref="fl-11"/>
      </object_component>
      <object_component id="oc-ba">
         <name>.bss</name>
         <uninitialized>true</uninitialized>
         <run_address>0x36fc</run_address>
         <size>0xc</size>
         <input_file_ref idref="fl-35"/>
      </object_component>
      <object_component id="oc-fe">
         <name>.bss</name>
         <uninitialized>true</uninitialized>
         <run_address>0x3714</run_address>
         <size>0x8</size>
         <input_file_ref idref="fl-44"/>
      </object_component>
      <object_component id="oc-102">
         <name>.bss</name>
         <uninitialized>true</uninitialized>
         <run_address>0x372c</run_address>
         <size>0x4</size>
         <input_file_ref idref="fl-45"/>
      </object_component>
      <object_component id="oc-10a">
         <name>.bss</name>
         <uninitialized>true</uninitialized>
         <run_address>0x36d4</run_address>
         <size>0x18</size>
         <input_file_ref idref="fl-47"/>
      </object_component>
      <object_component id="oc-12a">
         <name>.bss</name>
         <uninitialized>true</uninitialized>
         <run_address>0x3478</run_address>
         <size>0x114</size>
         <input_file_ref idref="fl-4f"/>
      </object_component>
      <object_component id="oc-133">
         <name>.bss</name>
         <uninitialized>true</uninitialized>
         <run_address>0x36ec</run_address>
         <size>0x10</size>
         <input_file_ref idref="fl-51"/>
      </object_component>
      <object_component id="oc-141">
         <name>.bss</name>
         <uninitialized>true</uninitialized>
         <run_address>0x3730</run_address>
         <size>0x4</size>
         <input_file_ref idref="fl-54"/>
      </object_component>
      <object_component id="oc-149">
         <name>.bss</name>
         <uninitialized>true</uninitialized>
         <run_address>0x363c</run_address>
         <size>0x46</size>
         <input_file_ref idref="fl-56"/>
      </object_component>
      <object_component id="oc-153">
         <name>.bss</name>
         <uninitialized>true</uninitialized>
         <run_address>0x3708</run_address>
         <size>0xc</size>
         <input_file_ref idref="fl-59"/>
      </object_component>
      <object_component id="oc-15f">
         <name>.bss</name>
         <uninitialized>true</uninitialized>
         <run_address>0x358c</run_address>
         <size>0x60</size>
         <input_file_ref idref="fl-5d"/>
      </object_component>
      <object_component id="oc-16d">
         <name>.bss</name>
         <uninitialized>true</uninitialized>
         <run_address>0x3684</run_address>
         <size>0x28</size>
         <input_file_ref idref="fl-60"/>
      </object_component>
      <object_component id="oc-17b">
         <name>.bss</name>
         <uninitialized>true</uninitialized>
         <run_address>0x35ec</run_address>
         <size>0x50</size>
         <input_file_ref idref="fl-63"/>
      </object_component>
      <object_component id="oc-19b">
         <name>.bss</name>
         <uninitialized>true</uninitialized>
         <run_address>0x3682</run_address>
         <size>0x2</size>
         <input_file_ref idref="fl-6a"/>
      </object_component>
      <object_component id="oc-1b4">
         <name>.bss</name>
         <uninitialized>true</uninitialized>
         <run_address>0x371c</run_address>
         <size>0x8</size>
         <input_file_ref idref="fl-6f"/>
      </object_component>
      <object_component id="oc-1ba">
         <name>.bss</name>
         <uninitialized>true</uninitialized>
         <run_address>0x32f4</run_address>
         <size>0x184</size>
         <input_file_ref idref="fl-70"/>
      </object_component>
      <object_component id="oc-1c0">
         <name>.bss</name>
         <uninitialized>true</uninitialized>
         <run_address>0x3734</run_address>
         <size>0x4</size>
         <input_file_ref idref="fl-71"/>
      </object_component>
      <object_component id="oc-1c6">
         <name>.bss</name>
         <uninitialized>true</uninitialized>
         <run_address>0x3724</run_address>
         <size>0x8</size>
         <input_file_ref idref="fl-72"/>
      </object_component>
      <object_component id="oc-cf">
         <name>.hwi_disp_sec</name>
         <uninitialized>true</uninitialized>
         <run_address>0x8320</run_address>
         <size>0x180</size>
         <input_file_ref idref="fl-3a"/>
      </object_component>
      <object_component id="oc-97">
         <name>.sysdata</name>
         <uninitialized>true</uninitialized>
         <run_address>0x8184</run_address>
         <size>0x160</size>
         <input_file_ref idref="fl-2b"/>
      </object_component>
      <object_component id="oc-d4">
         <name>.sysdata</name>
         <uninitialized>true</uninitialized>
         <run_address>0x831c</run_address>
         <size>0x4</size>
         <input_file_ref idref="fl-3b"/>
      </object_component>
      <object_component id="oc-de">
         <name>.sysdata</name>
         <uninitialized>true</uninitialized>
         <run_address>0x8310</run_address>
         <size>0xc</size>
         <input_file_ref idref="fl-3d"/>
      </object_component>
      <object_component id="oc-f0">
         <name>.sysdata</name>
         <uninitialized>true</uninitialized>
         <run_address>0x82e4</run_address>
         <size>0x2c</size>
         <input_file_ref idref="fl-41"/>
      </object_component>
      <object_component id="oc-5a">
         <name>.mem</name>
         <uninitialized>true</uninitialized>
         <run_address>0x2cc2</run_address>
         <size>0x2</size>
         <input_file_ref idref="fl-c"/>
      </object_component>
      <object_component id="oc-47">
         <name>.bios</name>
         <load_address>0xc0</load_address>
         <run_address>0xc0</run_address>
         <size>0x3d4</size>
         <input_file_ref idref="fl-2d"/>
      </object_component>
      <object_component id="oc-e0">
         <name>.bios</name>
         <load_address>0x494</load_address>
         <run_address>0x494</run_address>
         <size>0x3a3</size>
         <input_file_ref idref="fl-3d"/>
      </object_component>
      <object_component id="oc-d0">
         <name>.bios</name>
         <load_address>0x837</load_address>
         <run_address>0x837</run_address>
         <size>0x35f</size>
         <input_file_ref idref="fl-3a"/>
      </object_component>
      <object_component id="oc-18a">
         <name>.bios</name>
         <load_address>0xb98</load_address>
         <run_address>0xb98</run_address>
         <size>0x18b</size>
         <input_file_ref idref="fl-66"/>
      </object_component>
      <object_component id="oc-ec">
         <name>.bios</name>
         <load_address>0xd23</load_address>
         <run_address>0xd23</run_address>
         <size>0x186</size>
         <input_file_ref idref="fl-40"/>
      </object_component>
      <object_component id="oc-12f">
         <name>.bios</name>
         <load_address>0xeac</load_address>
         <run_address>0xeac</run_address>
         <size>0x185</size>
         <input_file_ref idref="fl-50"/>
      </object_component>
      <object_component id="oc-135">
         <name>.bios</name>
         <load_address>0x1034</load_address>
         <run_address>0x1034</run_address>
         <size>0x144</size>
         <input_file_ref idref="fl-51"/>
      </object_component>
      <object_component id="oc-f2">
         <name>.bios</name>
         <load_address>0x1178</load_address>
         <run_address>0x1178</run_address>
         <size>0x130</size>
         <input_file_ref idref="fl-41"/>
      </object_component>
      <object_component id="oc-e8">
         <name>.bios</name>
         <load_address>0x12a8</load_address>
         <run_address>0x12a8</run_address>
         <size>0x119</size>
         <input_file_ref idref="fl-3f"/>
      </object_component>
      <object_component id="oc-42">
         <name>.bios</name>
         <load_address>0x13c1</load_address>
         <run_address>0x13c1</run_address>
         <size>0x10e</size>
         <input_file_ref idref="fl-2c"/>
      </object_component>
      <object_component id="oc-1ab">
         <name>.bios</name>
         <load_address>0x14d0</load_address>
         <run_address>0x14d0</run_address>
         <size>0x104</size>
         <input_file_ref idref="fl-6d"/>
      </object_component>
      <object_component id="oc-165">
         <name>.bios</name>
         <load_address>0x15d4</load_address>
         <run_address>0x15d4</run_address>
         <size>0xf8</size>
         <input_file_ref idref="fl-5e"/>
      </object_component>
      <object_component id="oc-176">
         <name>.bios</name>
         <load_address>0x16cc</load_address>
         <run_address>0x16cc</run_address>
         <size>0xf6</size>
         <input_file_ref idref="fl-62"/>
      </object_component>
      <object_component id="oc-17d">
         <name>.bios</name>
         <load_address>0x17c4</load_address>
         <run_address>0x17c4</run_address>
         <size>0xbf</size>
         <input_file_ref idref="fl-63"/>
      </object_component>
      <object_component id="oc-fa">
         <name>.bios</name>
         <load_address>0x1883</load_address>
         <run_address>0x1883</run_address>
         <size>0xa2</size>
         <input_file_ref idref="fl-43"/>
      </object_component>
      <object_component id="oc-106">
         <name>.bios</name>
         <load_address>0x1928</load_address>
         <run_address>0x1928</run_address>
         <size>0x90</size>
         <input_file_ref idref="fl-46"/>
      </object_component>
      <object_component id="oc-126">
         <name>.bios</name>
         <load_address>0x19b8</load_address>
         <run_address>0x19b8</run_address>
         <size>0x8d</size>
         <input_file_ref idref="fl-4e"/>
      </object_component>
      <object_component id="oc-48">
         <name>.bios</name>
         <load_address>0x1a48</load_address>
         <run_address>0x1a48</run_address>
         <size>0x8d</size>
         <input_file_ref idref="fl-30"/>
      </object_component>
      <object_component id="oc-4a">
         <name>.bios</name>
         <load_address>0x1ad8</load_address>
         <run_address>0x1ad8</run_address>
         <size>0x87</size>
         <input_file_ref idref="fl-2f"/>
      </object_component>
      <object_component id="oc-18e">
         <name>.bios</name>
         <load_address>0x1b5f</load_address>
         <run_address>0x1b5f</run_address>
         <size>0x82</size>
         <input_file_ref idref="fl-67"/>
      </object_component>
      <object_component id="oc-11e">
         <name>.bios</name>
         <load_address>0x1be4</load_address>
         <run_address>0x1be4</run_address>
         <size>0x68</size>
         <input_file_ref idref="fl-4c"/>
      </object_component>
      <object_component id="oc-122">
         <name>.bios</name>
         <load_address>0x1c4c</load_address>
         <run_address>0x1c4c</run_address>
         <size>0x5f</size>
         <input_file_ref idref="fl-4d"/>
      </object_component>
      <object_component id="oc-13d">
         <name>.bios</name>
         <load_address>0x1cac</load_address>
         <run_address>0x1cac</run_address>
         <size>0x5b</size>
         <input_file_ref idref="fl-53"/>
      </object_component>
      <object_component id="oc-182">
         <name>.bios</name>
         <load_address>0x1d08</load_address>
         <run_address>0x1d08</run_address>
         <size>0x58</size>
         <input_file_ref idref="fl-64"/>
      </object_component>
      <object_component id="oc-e4">
         <name>.bios</name>
         <load_address>0x1d60</load_address>
         <run_address>0x1d60</run_address>
         <size>0x51</size>
         <input_file_ref idref="fl-3e"/>
      </object_component>
      <object_component id="oc-186">
         <name>.bios</name>
         <load_address>0x1db1</load_address>
         <run_address>0x1db1</run_address>
         <size>0x4e</size>
         <input_file_ref idref="fl-65"/>
      </object_component>
      <object_component id="oc-192">
         <name>.bios</name>
         <load_address>0x1e00</load_address>
         <run_address>0x1e00</run_address>
         <size>0x48</size>
         <input_file_ref idref="fl-68"/>
      </object_component>
      <object_component id="oc-f6">
         <name>.bios</name>
         <load_address>0x1e48</load_address>
         <run_address>0x1e48</run_address>
         <size>0x48</size>
         <input_file_ref idref="fl-42"/>
      </object_component>
      <object_component id="oc-169">
         <name>.bios</name>
         <load_address>0x1e90</load_address>
         <run_address>0x1e90</run_address>
         <size>0x48</size>
         <input_file_ref idref="fl-5f"/>
      </object_component>
      <object_component id="oc-d6">
         <name>.bios</name>
         <load_address>0x1ed8</load_address>
         <run_address>0x1ed8</run_address>
         <size>0x47</size>
         <input_file_ref idref="fl-3b"/>
      </object_component>
      <object_component id="oc-11a">
         <name>.bios</name>
         <load_address>0x1f1f</load_address>
         <run_address>0x1f1f</run_address>
         <size>0x46</size>
         <input_file_ref idref="fl-4b"/>
      </object_component>
      <object_component id="oc-1d8">
         <name>.bios</name>
         <load_address>0x1f65</load_address>
         <run_address>0x1f65</run_address>
         <size>0x43</size>
         <input_file_ref idref="fl-76"/>
      </object_component>
      <object_component id="oc-4b">
         <name>.bios</name>
         <load_address>0x1fa8</load_address>
         <run_address>0x1fa8</run_address>
         <size>0x36</size>
         <input_file_ref idref="fl-35"/>
      </object_component>
      <object_component id="oc-139">
         <name>.bios</name>
         <load_address>0x1fe0</load_address>
         <run_address>0x1fe0</run_address>
         <size>0x34</size>
         <input_file_ref idref="fl-52"/>
      </object_component>
      <object_component id="oc-c2">
         <name>.bios</name>
         <load_address>0x2014</load_address>
         <run_address>0x2014</run_address>
         <size>0x34</size>
         <input_file_ref idref="fl-37"/>
      </object_component>
      <object_component id="oc-44">
         <name>.bios</name>
         <load_address>0x2048</load_address>
         <run_address>0x2048</run_address>
         <size>0x25</size>
         <input_file_ref idref="fl-2a"/>
      </object_component>
      <object_component id="oc-4f">
         <name>.bios</name>
         <load_address>0x206d</load_address>
         <run_address>0x206d</run_address>
         <size>0x24</size>
         <input_file_ref idref="fl-32"/>
      </object_component>
      <object_component id="oc-43">
         <name>.bios</name>
         <load_address>0x2094</load_address>
         <run_address>0x2094</run_address>
         <size>0x23</size>
         <input_file_ref idref="fl-33"/>
      </object_component>
      <object_component id="oc-4d">
         <name>.bios</name>
         <load_address>0x20b8</load_address>
         <run_address>0x20b8</run_address>
         <size>0x20</size>
         <input_file_ref idref="fl-34"/>
      </object_component>
      <object_component id="oc-116">
         <name>.bios</name>
         <load_address>0x20d8</load_address>
         <run_address>0x20d8</run_address>
         <size>0x1a</size>
         <input_file_ref idref="fl-4a"/>
      </object_component>
      <object_component id="oc-49">
         <name>.bios</name>
         <load_address>0x20f2</load_address>
         <run_address>0x20f2</run_address>
         <size>0x17</size>
         <input_file_ref idref="fl-2e"/>
      </object_component>
      <object_component id="oc-196">
         <name>.bios</name>
         <load_address>0x210c</load_address>
         <run_address>0x210c</run_address>
         <size>0x17</size>
         <input_file_ref idref="fl-69"/>
      </object_component>
      <object_component id="oc-da">
         <name>.bios</name>
         <load_address>0x2123</load_address>
         <run_address>0x2123</run_address>
         <size>0xc</size>
         <input_file_ref idref="fl-3c"/>
      </object_component>
      <object_component id="oc-4c">
         <name>.bios</name>
         <load_address>0x2130</load_address>
         <run_address>0x2130</run_address>
         <size>0x8</size>
         <input_file_ref idref="fl-36"/>
      </object_component>
      <object_component id="oc-15b">
         <name>.bios</name>
         <load_address>0x2138</load_address>
         <run_address>0x2138</run_address>
         <size>0x7</size>
         <input_file_ref idref="fl-5c"/>
      </object_component>
      <object_component id="oc-112">
         <name>.bios</name>
         <load_address>0x213f</load_address>
         <run_address>0x213f</run_address>
         <size>0x6</size>
         <input_file_ref idref="fl-49"/>
      </object_component>
      <object_component id="oc-4e">
         <name>.bios</name>
         <load_address>0x2148</load_address>
         <run_address>0x2148</run_address>
         <size>0x2</size>
         <input_file_ref idref="fl-31"/>
      </object_component>
      <object_component id="oc-10e">
         <name>.bios</name>
         <load_address>0x214c</load_address>
         <run_address>0x214c</run_address>
         <size>0x2</size>
         <input_file_ref idref="fl-48"/>
      </object_component>
      <object_component id="oc-87">
         <name>.text</name>
         <load_address>0x2150</load_address>
         <run_address>0x2150</run_address>
         <size>0x2cd</size>
         <input_file_ref idref="fl-11"/>
      </object_component>
      <object_component id="oc-8f">
         <name>.text</name>
         <load_address>0x241d</load_address>
         <run_address>0x241d</run_address>
         <size>0x20e</size>
         <input_file_ref idref="fl-12"/>
      </object_component>
      <object_component id="oc-1a1">
         <name>.text</name>
         <load_address>0x262b</load_address>
         <run_address>0x262b</run_address>
         <size>0x156</size>
         <input_file_ref idref="fl-6b"/>
      </object_component>
      <object_component id="oc-19a">
         <name>.text</name>
         <load_address>0x2781</load_address>
         <run_address>0x2781</run_address>
         <size>0x13e</size>
         <input_file_ref idref="fl-6a"/>
      </object_component>
      <object_component id="oc-50">
         <name>.text</name>
         <load_address>0x28bf</load_address>
         <run_address>0x28bf</run_address>
         <size>0xb6</size>
         <input_file_ref idref="fl-a"/>
      </object_component>
      <object_component id="oc-83">
         <name>.text</name>
         <load_address>0x2975</load_address>
         <run_address>0x2975</run_address>
         <size>0x7b</size>
         <input_file_ref idref="fl-10"/>
      </object_component>
      <object_component id="oc-1bf">
         <name>.text</name>
         <load_address>0x29f0</load_address>
         <run_address>0x29f0</run_address>
         <size>0x75</size>
         <input_file_ref idref="fl-71"/>
      </object_component>
      <object_component id="oc-1b9">
         <name>.text</name>
         <load_address>0x2a65</load_address>
         <run_address>0x2a65</run_address>
         <size>0x6f</size>
         <input_file_ref idref="fl-70"/>
      </object_component>
      <object_component id="oc-17a">
         <name>.text</name>
         <load_address>0x2ad4</load_address>
         <run_address>0x2ad4</run_address>
         <size>0x5c</size>
         <input_file_ref idref="fl-63"/>
      </object_component>
      <object_component id="oc-1a6">
         <name>.text</name>
         <load_address>0x2b30</load_address>
         <run_address>0x2b30</run_address>
         <size>0x54</size>
         <input_file_ref idref="fl-6c"/>
      </object_component>
      <object_component id="oc-7d">
         <name>.text</name>
         <load_address>0x2b84</load_address>
         <run_address>0x2b84</run_address>
         <size>0x53</size>
         <input_file_ref idref="fl-f"/>
      </object_component>
      <object_component id="oc-1d0">
         <name>.text</name>
         <load_address>0x2bd7</load_address>
         <run_address>0x2bd7</run_address>
         <size>0x3f</size>
         <input_file_ref idref="fl-74"/>
      </object_component>
      <object_component id="oc-1c5">
         <name>.text</name>
         <load_address>0x2c16</load_address>
         <run_address>0x2c16</run_address>
         <size>0x3e</size>
         <input_file_ref idref="fl-72"/>
      </object_component>
      <object_component id="oc-73">
         <name>.text</name>
         <load_address>0x2c54</load_address>
         <run_address>0x2c54</run_address>
         <size>0x1e</size>
         <input_file_ref idref="fl-d"/>
      </object_component>
      <object_component id="oc-1af">
         <name>.text</name>
         <load_address>0x2c72</load_address>
         <run_address>0x2c72</run_address>
         <size>0x13</size>
         <input_file_ref idref="fl-6e"/>
      </object_component>
      <object_component id="oc-78">
         <name>.text</name>
         <load_address>0x2c85</load_address>
         <run_address>0x2c85</run_address>
         <size>0x12</size>
         <input_file_ref idref="fl-e"/>
      </object_component>
      <object_component id="oc-1b3">
         <name>.text</name>
         <load_address>0x2c97</load_address>
         <run_address>0x2c97</run_address>
         <size>0x12</size>
         <input_file_ref idref="fl-6f"/>
      </object_component>
      <object_component id="oc-1d4">
         <name>.text</name>
         <load_address>0x2ca9</load_address>
         <run_address>0x2ca9</run_address>
         <size>0x11</size>
         <input_file_ref idref="fl-75"/>
      </object_component>
      <object_component id="oc-1c9">
         <name>.text:CIO_breakpoint</name>
         <load_address>0x2cba</load_address>
         <run_address>0x2cba</run_address>
         <size>0x7</size>
         <input_file_ref idref="fl-72"/>
      </object_component>
      <object_component id="oc-145">
         <name>.sysinit</name>
         <load_address>0x7be4</load_address>
         <run_address>0x7be4</run_address>
         <size>0x111</size>
         <input_file_ref idref="fl-55"/>
      </object_component>
      <object_component id="oc-6e">
         <name>.sysinit</name>
         <load_address>0x7cf5</load_address>
         <run_address>0x7cf5</run_address>
         <size>0xd5</size>
         <input_file_ref idref="fl-c"/>
      </object_component>
      <object_component id="oc-172">
         <name>.sysinit</name>
         <load_address>0x7dcc</load_address>
         <run_address>0x7dcc</run_address>
         <size>0x84</size>
         <input_file_ref idref="fl-61"/>
      </object_component>
      <object_component id="oc-1cc">
         <name>.sysinit</name>
         <load_address>0x7e50</load_address>
         <run_address>0x7e50</run_address>
         <size>0x71</size>
         <input_file_ref idref="fl-73"/>
      </object_component>
      <object_component id="oc-46">
         <name>.sysinit</name>
         <load_address>0x7ec1</load_address>
         <run_address>0x7ec1</run_address>
         <size>0x6f</size>
         <input_file_ref idref="fl-38"/>
      </object_component>
      <object_component id="oc-14b">
         <name>.sysinit</name>
         <load_address>0x7f30</load_address>
         <run_address>0x7f30</run_address>
         <size>0x2</size>
         <input_file_ref idref="fl-56"/>
      </object_component>
      <object_component id="oc-cb">
         <name>.trcdata</name>
         <load_address>0x8784</load_address>
         <run_address>0x8784</run_address>
         <size>0x6</size>
         <input_file_ref idref="fl-39"/>
      </object_component>
      <object_component id="oc-1ef">
         <name>.rtdx_text:_RTDX_write_next</name>
         <load_address>0x5e9c</load_address>
         <run_address>0x5e9c</run_address>
         <size>0x1db</size>
         <input_file_ref idref="fl-59"/>
      </object_component>
      <object_component id="oc-1ea">
         <name>.rtdx_text:_RTDX_Buffer_WriteCB</name>
         <load_address>0x6077</load_address>
         <run_address>0x6077</run_address>
         <size>0x17c</size>
         <input_file_ref idref="fl-59"/>
      </object_component>
      <object_component id="oc-1e3">
         <name>.rtdx_text:_RTDX_Init_RT_Monitor</name>
         <load_address>0x61f3</load_address>
         <run_address>0x61f3</run_address>
         <size>0x10f</size>
         <input_file_ref idref="fl-5a"/>
      </object_component>
      <object_component id="oc-1dd">
         <name>.rtdx_text:_RTDX_Poll</name>
         <load_address>0x6302</load_address>
         <run_address>0x6302</run_address>
         <size>0xec</size>
         <input_file_ref idref="fl-5a"/>
      </object_component>
      <object_component id="oc-1ee">
         <name>.rtdx_text:_claim</name>
         <load_address>0x63ee</load_address>
         <run_address>0x63ee</run_address>
         <size>0xb5</size>
         <input_file_ref idref="fl-59"/>
      </object_component>
      <object_component id="oc-1e7">
         <name>.rtdx_text:_StartXFer</name>
         <load_address>0x64a3</load_address>
         <run_address>0x64a3</run_address>
         <size>0x93</size>
         <input_file_ref idref="fl-5a"/>
      </object_component>
      <object_component id="oc-1f0">
         <name>.rtdx_text:_RTDX_Mon_Queue</name>
         <load_address>0x6536</load_address>
         <run_address>0x6536</run_address>
         <size>0x88</size>
         <input_file_ref idref="fl-5a"/>
      </object_component>
      <object_component id="oc-1de">
         <name>.rtdx_text:_RTDX_H2TPoll</name>
         <load_address>0x65be</load_address>
         <run_address>0x65be</run_address>
         <size>0x65</size>
         <input_file_ref idref="fl-5a"/>
      </object_component>
      <object_component id="oc-1e2">
         <name>.rtdx_text:_RTDX_Buffer_Initialize</name>
         <load_address>0x6623</load_address>
         <run_address>0x6623</run_address>
         <size>0x53</size>
         <input_file_ref idref="fl-59"/>
      </object_component>
      <object_component id="oc-1e9">
         <name>.rtdx_text:_RTDX_Buffer_ReadCB</name>
         <load_address>0x6676</load_address>
         <run_address>0x6676</run_address>
         <size>0x4b</size>
         <input_file_ref idref="fl-58"/>
      </object_component>
      <object_component id="oc-1ec">
         <name>.rtdx_text:_RTDX_Final_RT_Monitor</name>
         <load_address>0x66c1</load_address>
         <run_address>0x66c1</run_address>
         <size>0x3c</size>
         <input_file_ref idref="fl-5a"/>
      </object_component>
      <object_component id="oc-1ed">
         <name>.rtdx_text:_RTDX_Buffer_Size</name>
         <load_address>0x66fd</load_address>
         <run_address>0x66fd</run_address>
         <size>0x3b</size>
         <input_file_ref idref="fl-59"/>
      </object_component>
      <object_component id="oc-1e4">
         <name>.rtdx_text:_RTDX_Mask_IER</name>
         <load_address>0x6738</load_address>
         <run_address>0x6738</run_address>
         <size>0x2a</size>
         <input_file_ref idref="fl-5b"/>
      </object_component>
      <object_component id="oc-1e0">
         <name>.rtdx_text:_RTDX_Buffer_Read</name>
         <load_address>0x6762</load_address>
         <run_address>0x6762</run_address>
         <size>0x22</size>
         <input_file_ref idref="fl-58"/>
      </object_component>
      <object_component id="oc-1e8">
         <name>.rtdx_text:_RTDX_Set_IER</name>
         <load_address>0x6784</load_address>
         <run_address>0x6784</run_address>
         <size>0x1e</size>
         <input_file_ref idref="fl-5b"/>
      </object_component>
      <object_component id="oc-1e1">
         <name>.rtdx_text:_RTDX_Buffer_Write</name>
         <load_address>0x67a2</load_address>
         <run_address>0x67a2</run_address>
         <size>0x1c</size>
         <input_file_ref idref="fl-59"/>
      </object_component>
      <object_component id="oc-1e5">
         <name>.rtdx_text:_Allow_EmuAccess</name>
         <load_address>0x67be</load_address>
         <run_address>0x67be</run_address>
         <size>0x17</size>
         <input_file_ref idref="fl-5a"/>
      </object_component>
      <object_component id="oc-1e6">
         <name>.rtdx_text:_Disallow_EmuAccess</name>
         <load_address>0x67d5</load_address>
         <run_address>0x67d5</run_address>
         <size>0x4</size>
         <input_file_ref idref="fl-5a"/>
      </object_component>
      <object_component id="oc-1eb">
         <name>.rtdx_text:_Wait</name>
         <load_address>0x67d9</load_address>
         <run_address>0x67d9</run_address>
         <size>0x4</size>
         <input_file_ref idref="fl-5a"/>
      </object_component>
      <object_component id="oc-5e">
         <name>.sys</name>
         <uninitialized>true</uninitialized>
         <run_address>0x876c</run_address>
         <size>0x10</size>
         <input_file_ref idref="fl-c"/>
      </object_component>
      <object_component id="oc-5b">
         <name>.cinit</name>
         <load_address>0x553c</load_address>
         <run_address>0x553c</run_address>
         <size>0x4a2</size>
         <input_file_ref idref="fl-c"/>
      </object_component>
      <object_component id="oc-98">
         <name>.cinit</name>
         <load_address>0x59de</load_address>
         <run_address>0x59de</run_address>
         <size>0x15e</size>
         <input_file_ref idref="fl-2b"/>
      </object_component>
      <object_component id="oc-12b">
         <name>.cinit</name>
         <load_address>0x5b3c</load_address>
         <run_address>0x5b3c</run_address>
         <size>0x140</size>
         <input_file_ref idref="fl-4f"/>
      </object_component>
      <object_component id="oc-160">
         <name>.cinit</name>
         <load_address>0x5c7c</load_address>
         <run_address>0x5c7c</run_address>
         <size>0x62</size>
         <input_file_ref idref="fl-5d"/>
      </object_component>
      <object_component id="oc-17c">
         <name>.cinit</name>
         <load_address>0x5cde</load_address>
         <run_address>0x5cde</run_address>
         <size>0x5c</size>
         <input_file_ref idref="fl-63"/>
      </object_component>
      <object_component id="oc-f1">
         <name>.cinit</name>
         <load_address>0x5d3a</load_address>
         <run_address>0x5d3a</run_address>
         <size>0x32</size>
         <input_file_ref idref="fl-41"/>
      </object_component>
      <object_component id="oc-154">
         <name>.cinit</name>
         <load_address>0x5d6c</load_address>
         <run_address>0x5d6c</run_address>
         <size>0x2e</size>
         <input_file_ref idref="fl-59"/>
      </object_component>
      <object_component id="oc-8a">
         <name>.cinit</name>
         <load_address>0x5d9a</load_address>
         <run_address>0x5d9a</run_address>
         <size>0x2c</size>
         <input_file_ref idref="fl-11"/>
      </object_component>
      <object_component id="oc-bb">
         <name>.cinit</name>
         <load_address>0x5dc6</load_address>
         <run_address>0x5dc6</run_address>
         <size>0x1e</size>
         <input_file_ref idref="fl-35"/>
      </object_component>
      <object_component id="oc-134">
         <name>.cinit</name>
         <load_address>0x5de4</load_address>
         <run_address>0x5de4</run_address>
         <size>0x16</size>
         <input_file_ref idref="fl-51"/>
      </object_component>
      <object_component id="oc-14a">
         <name>.cinit</name>
         <load_address>0x5dfa</load_address>
         <run_address>0x5dfa</run_address>
         <size>0x14</size>
         <input_file_ref idref="fl-56"/>
      </object_component>
      <object_component id="oc-16e">
         <name>.cinit</name>
         <load_address>0x5e0e</load_address>
         <run_address>0x5e0e</run_address>
         <size>0x14</size>
         <input_file_ref idref="fl-60"/>
      </object_component>
      <object_component id="oc-1b6">
         <name>.cinit</name>
         <load_address>0x5e22</load_address>
         <run_address>0x5e22</run_address>
         <size>0x14</size>
         <input_file_ref idref="fl-6f"/>
      </object_component>
      <object_component id="oc-1c8">
         <name>.cinit</name>
         <load_address>0x5e36</load_address>
         <run_address>0x5e36</run_address>
         <size>0x14</size>
         <input_file_ref idref="fl-72"/>
      </object_component>
      <object_component id="oc-df">
         <name>.cinit</name>
         <load_address>0x5e4a</load_address>
         <run_address>0x5e4a</run_address>
         <size>0x12</size>
         <input_file_ref idref="fl-3d"/>
      </object_component>
      <object_component id="oc-1bc">
         <name>.cinit</name>
         <load_address>0x5e5c</load_address>
         <run_address>0x5e5c</run_address>
         <size>0x10</size>
         <input_file_ref idref="fl-70"/>
      </object_component>
      <object_component id="oc-d5">
         <name>.cinit</name>
         <load_address>0x5e6c</load_address>
         <run_address>0x5e6c</run_address>
         <size>0xa</size>
         <input_file_ref idref="fl-3b"/>
      </object_component>
      <object_component id="oc-9c">
         <name>.cinit</name>
         <load_address>0x5e76</load_address>
         <run_address>0x5e76</run_address>
         <size>0xa</size>
         <input_file_ref idref="fl-2c"/>
      </object_component>
      <object_component id="oc-1c2">
         <name>.cinit</name>
         <load_address>0x5e80</load_address>
         <run_address>0x5e80</run_address>
         <size>0xa</size>
         <input_file_ref idref="fl-71"/>
      </object_component>
      <object_component id="oc-19d">
         <name>.cinit</name>
         <load_address>0x5e8a</load_address>
         <run_address>0x5e8a</run_address>
         <size>0x8</size>
         <input_file_ref idref="fl-6a"/>
      </object_component>
      <object_component id="oc-53">
         <name>.cinit</name>
         <load_address>0x5e92</load_address>
         <run_address>0x5e92</run_address>
         <size>0x8</size>
         <input_file_ref idref="fl-a"/>
      </object_component>
      <object_component id="oc-157">
         <name>.pinit</name>
         <load_address>0x67f4</load_address>
         <run_address>0x67f4</run_address>
         <size>0x4</size>
         <input_file_ref idref="fl-59"/>
      </object_component>
      <object_component id="oc-15a">
         <name>.pinit</name>
         <load_address>0x67f8</load_address>
         <run_address>0x67f8</run_address>
         <size>0x4</size>
         <input_file_ref idref="fl-5a"/>
      </object_component>
      <object_component id="oc-59">
         <name>.gblinit</name>
         <load_address>0x8640</load_address>
         <run_address>0x8640</run_address>
         <size>0x42</size>
         <input_file_ref idref="fl-c"/>
      </object_component>
      <object_component id="oc-5c">
         <name>.rtdx_data</name>
         <uninitialized>true</uninitialized>
         <run_address>0x7f34</run_address>
         <size>0x204</size>
         <input_file_ref idref="fl-c"/>
      </object_component>
      <object_component id="oc-14f">
         <name>.rtdx_data</name>
         <uninitialized>true</uninitialized>
         <run_address>0x817c</run_address>
         <size>0x8</size>
         <input_file_ref idref="fl-57"/>
      </object_component>
      <object_component id="oc-155">
         <name>.rtdx_data</name>
         <uninitialized>true</uninitialized>
         <run_address>0x815c</run_address>
         <size>0x20</size>
         <input_file_ref idref="fl-59"/>
      </object_component>
      <object_component id="oc-158">
         <name>.rtdx_data</name>
         <uninitialized>true</uninitialized>
         <run_address>0x8138</run_address>
         <size>0x24</size>
         <input_file_ref idref="fl-5a"/>
      </object_component>
      <object_component id="oc-67">
         <name>.TSK_idle$stk</name>
         <uninitialized>true</uninitialized>
         <run_address>0x4b3c</run_address>
         <size>0xa00</size>
         <input_file_ref idref="fl-c"/>
      </object_component>
      <object_component id="oc-1df">
         <name>.const:_taps</name>
         <load_address>0x7800</load_address>
         <run_address>0x7800</run_address>
         <size>0x296</size>
         <input_file_ref idref="fl-f"/>
      </object_component>
      <object_component id="oc-17e">
         <name>.const</name>
         <load_address>0x7a98</load_address>
         <run_address>0x7a98</run_address>
         <size>0x9e</size>
         <input_file_ref idref="fl-63"/>
      </object_component>
      <object_component id="oc-b2">
         <name>.const</name>
         <load_address>0x7b38</load_address>
         <run_address>0x7b38</run_address>
         <size>0x46</size>
         <input_file_ref idref="fl-33"/>
      </object_component>
      <object_component id="oc-b6">
         <name>.const</name>
         <load_address>0x7b80</load_address>
         <run_address>0x7b80</run_address>
         <size>0x44</size>
         <input_file_ref idref="fl-34"/>
      </object_component>
      <object_component id="oc-159">
         <name>.const</name>
         <load_address>0x7bc4</load_address>
         <run_address>0x7bc4</run_address>
         <size>0xc</size>
         <input_file_ref idref="fl-5a"/>
      </object_component>
      <object_component id="oc-8b">
         <name>.const</name>
         <load_address>0x7bd0</load_address>
         <run_address>0x7bd0</run_address>
         <size>0x8</size>
         <input_file_ref idref="fl-11"/>
      </object_component>
      <object_component id="oc-156">
         <name>.const</name>
         <load_address>0x7bd8</load_address>
         <run_address>0x7bd8</run_address>
         <size>0x8</size>
         <input_file_ref idref="fl-59"/>
      </object_component>
      <object_component id="oc-161">
         <name>.const</name>
         <load_address>0x7be0</load_address>
         <run_address>0x7be0</run_address>
         <size>0x2</size>
         <input_file_ref idref="fl-5d"/>
      </object_component>
      <object_component id="oc-5d">
         <name>.printf</name>
         <load_address>0x7be2</load_address>
         <run_address>0x7be2</run_address>
         <size>0x8e</size>
         <input_file_ref idref="fl-c"/>
      </object_component>
      <object_component id="oc-6b">
         <name>.LOG_system$buf</name>
         <uninitialized>true</uninitialized>
         <run_address>0x7000</run_address>
         <size>0x400</size>
         <input_file_ref idref="fl-c"/>
      </object_component>
      <object_component id="oc-6d">
         <name>.trace$buf</name>
         <uninitialized>true</uninitialized>
         <run_address>0x6800</run_address>
         <size>0x800</size>
         <input_file_ref idref="fl-c"/>
      </object_component>
      <object_component id="oc-60">
         <name>.hst1</name>
         <uninitialized>true</uninitialized>
         <run_address>0x875c</run_address>
         <size>0x10</size>
         <input_file_ref idref="fl-c"/>
      </object_component>
      <object_component id="oc-63">
         <name>.hst0</name>
         <uninitialized>true</uninitialized>
         <run_address>0x8568</run_address>
         <size>0x80</size>
         <input_file_ref idref="fl-c"/>
      </object_component>
      <object_component id="oc-c7">
         <name>.args</name>
         <load_address>0x874c</load_address>
         <run_address>0x874c</run_address>
         <size>0x0</size>
         <input_file_ref idref="fl-38"/>
      </object_component>
      <object_component id="oc-30">
         <name>_SYS_PUTCBEG</name>
         <load_address>0x7400</load_address>
         <run_address>0x7400</run_address>
         <size>0x0</size>
      </object_component>
      <object_component id="oc-32">
         <name>_SYS_PUTCEND</name>
         <load_address>0x7800</load_address>
         <run_address>0x7800</run_address>
         <size>0x0</size>
      </object_component>
      <object_component id="oc-61">
         <name>.hst</name>
         <uninitialized>true</uninitialized>
         <run_address>0x8684</run_address>
         <size>0x34</size>
         <input_file_ref idref="fl-c"/>
      </object_component>
      <object_component id="oc-6c">
         <name>.log</name>
         <uninitialized>true</uninitialized>
         <run_address>0x86e8</run_address>
         <size>0x28</size>
         <input_file_ref idref="fl-c"/>
      </object_component>
      <object_component id="oc-62">
         <name>.pip</name>
         <uninitialized>true</uninitialized>
         <run_address>0x84a0</run_address>
         <size>0xc8</size>
         <input_file_ref idref="fl-c"/>
      </object_component>
      <object_component id="oc-66">
         <name>.sts</name>
         <uninitialized>true</uninitialized>
         <run_address>0x86b8</run_address>
         <size>0x30</size>
         <input_file_ref idref="fl-c"/>
      </object_component>
      <object_component id="oc-39">
         <name>GBL_sysstackbeg</name>
         <uninitialized>true</uninitialized>
         <run_address>0x373c</run_address>
         <size>0x0</size>
      </object_component>
      <object_component id="oc-1dc">
         <name>.sysstack</name>
         <uninitialized>true</uninitialized>
         <run_address>0x373c</run_address>
         <size>0x0</size>
         <input_file_ref idref="fl-38"/>
      </object_component>
      <object_component id="oc-22c">
         <name>.sysstack</name>
         <uninitialized>true</uninitialized>
         <run_address>0x373c</run_address>
         <size>0x0</size>
      </object_component>
      <object_component id="oc-3c">
         <name>GBL_stackbeg</name>
         <uninitialized>true</uninitialized>
         <run_address>0x393c</run_address>
         <size>0x0</size>
      </object_component>
      <object_component id="oc-c6">
         <name>.stack</name>
         <uninitialized>true</uninitialized>
         <run_address>0x393c</run_address>
         <size>0x0</size>
         <input_file_ref idref="fl-38"/>
      </object_component>
      <object_component id="oc-22b">
         <name>.stack</name>
         <uninitialized>true</uninitialized>
         <run_address>0x393c</run_address>
         <size>0x0</size>
      </object_component>
      <object_component id="oc-64">
         <name>.hwi_vec</name>
         <load_address>0xff00</load_address>
         <run_address>0xff00</run_address>
         <size>0x100</size>
         <input_file_ref idref="fl-c"/>
      </object_component>
      <object_component id="oc-52">
         <name>.debug_info</name>
         <load_address>0x0</load_address>
         <run_address>0x0</run_address>
         <size>0x5bd</size>
         <input_file_ref idref="fl-a"/>
      </object_component>
      <object_component id="oc-57">
         <name>.debug_info</name>
         <load_address>0x5bd</load_address>
         <run_address>0x5bd</run_address>
         <size>0x486</size>
         <input_file_ref idref="fl-b"/>
      </object_component>
      <object_component id="oc-70">
         <name>.debug_info</name>
         <load_address>0xa43</load_address>
         <run_address>0xa43</run_address>
         <size>0x1c5</size>
         <input_file_ref idref="fl-c"/>
      </object_component>
      <object_component id="oc-74">
         <name>.debug_info</name>
         <load_address>0xc08</load_address>
         <run_address>0xc08</run_address>
         <size>0x5f4</size>
         <input_file_ref idref="fl-d"/>
      </object_component>
      <object_component id="oc-79">
         <name>.debug_info</name>
         <load_address>0x11fc</load_address>
         <run_address>0x11fc</run_address>
         <size>0x4ce</size>
         <input_file_ref idref="fl-e"/>
      </object_component>
      <object_component id="oc-7f">
         <name>.debug_info</name>
         <load_address>0x16ca</load_address>
         <run_address>0x16ca</run_address>
         <size>0x6a6</size>
         <input_file_ref idref="fl-f"/>
      </object_component>
      <object_component id="oc-84">
         <name>.debug_info</name>
         <load_address>0x1d70</load_address>
         <run_address>0x1d70</run_address>
         <size>0xd9</size>
         <input_file_ref idref="fl-10"/>
      </object_component>
      <object_component id="oc-89">
         <name>.debug_info</name>
         <load_address>0x1e49</load_address>
         <run_address>0x1e49</run_address>
         <size>0xc9f</size>
         <input_file_ref idref="fl-11"/>
      </object_component>
      <object_component id="oc-90">
         <name>.debug_info</name>
         <load_address>0x2ae8</load_address>
         <run_address>0x2ae8</run_address>
         <size>0xbe8</size>
         <input_file_ref idref="fl-12"/>
      </object_component>
      <object_component id="oc-95">
         <name>.debug_info</name>
         <load_address>0x36d0</load_address>
         <run_address>0x36d0</run_address>
         <size>0x15e</size>
         <input_file_ref idref="fl-2a"/>
      </object_component>
      <object_component id="oc-9a">
         <name>.debug_info</name>
         <load_address>0x382e</load_address>
         <run_address>0x382e</run_address>
         <size>0x80</size>
         <input_file_ref idref="fl-2b"/>
      </object_component>
      <object_component id="oc-9e">
         <name>.debug_info</name>
         <load_address>0x38ae</load_address>
         <run_address>0x38ae</run_address>
         <size>0x194</size>
         <input_file_ref idref="fl-2c"/>
      </object_component>
      <object_component id="oc-a1">
         <name>.debug_info</name>
         <load_address>0x3a42</load_address>
         <run_address>0x3a42</run_address>
         <size>0x34b</size>
         <input_file_ref idref="fl-2d"/>
      </object_component>
      <object_component id="oc-a4">
         <name>.debug_info</name>
         <load_address>0x3d8d</load_address>
         <run_address>0x3d8d</run_address>
         <size>0xf8</size>
         <input_file_ref idref="fl-2e"/>
      </object_component>
      <object_component id="oc-a7">
         <name>.debug_info</name>
         <load_address>0x3e85</load_address>
         <run_address>0x3e85</run_address>
         <size>0x6e4</size>
         <input_file_ref idref="fl-2f"/>
      </object_component>
      <object_component id="oc-aa">
         <name>.debug_info</name>
         <load_address>0x4569</load_address>
         <run_address>0x4569</run_address>
         <size>0x7e8</size>
         <input_file_ref idref="fl-30"/>
      </object_component>
      <object_component id="oc-ad">
         <name>.debug_info</name>
         <load_address>0x4d51</load_address>
         <run_address>0x4d51</run_address>
         <size>0x3ec</size>
         <input_file_ref idref="fl-31"/>
      </object_component>
      <object_component id="oc-b0">
         <name>.debug_info</name>
         <load_address>0x513d</load_address>
         <run_address>0x513d</run_address>
         <size>0xd4</size>
         <input_file_ref idref="fl-32"/>
      </object_component>
      <object_component id="oc-b4">
         <name>.debug_info</name>
         <load_address>0x5211</load_address>
         <run_address>0x5211</run_address>
         <size>0x5ff</size>
         <input_file_ref idref="fl-33"/>
      </object_component>
      <object_component id="oc-b8">
         <name>.debug_info</name>
         <load_address>0x5810</load_address>
         <run_address>0x5810</run_address>
         <size>0x5f6</size>
         <input_file_ref idref="fl-34"/>
      </object_component>
      <object_component id="oc-bd">
         <name>.debug_info</name>
         <load_address>0x5e06</load_address>
         <run_address>0x5e06</run_address>
         <size>0x4c5</size>
         <input_file_ref idref="fl-35"/>
      </object_component>
      <object_component id="oc-c0">
         <name>.debug_info</name>
         <load_address>0x62cb</load_address>
         <run_address>0x62cb</run_address>
         <size>0x485</size>
         <input_file_ref idref="fl-36"/>
      </object_component>
      <object_component id="oc-c4">
         <name>.debug_info</name>
         <load_address>0x6750</load_address>
         <run_address>0x6750</run_address>
         <size>0xc3</size>
         <input_file_ref idref="fl-37"/>
      </object_component>
      <object_component id="oc-c9">
         <name>.debug_info</name>
         <load_address>0x6813</load_address>
         <run_address>0x6813</run_address>
         <size>0x108</size>
         <input_file_ref idref="fl-38"/>
      </object_component>
      <object_component id="oc-cd">
         <name>.debug_info</name>
         <load_address>0x691b</load_address>
         <run_address>0x691b</run_address>
         <size>0x7a</size>
         <input_file_ref idref="fl-39"/>
      </object_component>
      <object_component id="oc-d2">
         <name>.debug_info</name>
         <load_address>0x6995</load_address>
         <run_address>0x6995</run_address>
         <size>0x83d</size>
         <input_file_ref idref="fl-3a"/>
      </object_component>
      <object_component id="oc-d8">
         <name>.debug_info</name>
         <load_address>0x71d2</load_address>
         <run_address>0x71d2</run_address>
         <size>0x12d</size>
         <input_file_ref idref="fl-3b"/>
      </object_component>
      <object_component id="oc-dc">
         <name>.debug_info</name>
         <load_address>0x72ff</load_address>
         <run_address>0x72ff</run_address>
         <size>0xbb</size>
         <input_file_ref idref="fl-3c"/>
      </object_component>
      <object_component id="oc-e2">
         <name>.debug_info</name>
         <load_address>0x73ba</load_address>
         <run_address>0x73ba</run_address>
         <size>0x406</size>
         <input_file_ref idref="fl-3d"/>
      </object_component>
      <object_component id="oc-e6">
         <name>.debug_info</name>
         <load_address>0x77c0</load_address>
         <run_address>0x77c0</run_address>
         <size>0xb3</size>
         <input_file_ref idref="fl-3e"/>
      </object_component>
      <object_component id="oc-ea">
         <name>.debug_info</name>
         <load_address>0x7873</load_address>
         <run_address>0x7873</run_address>
         <size>0x187</size>
         <input_file_ref idref="fl-3f"/>
      </object_component>
      <object_component id="oc-ee">
         <name>.debug_info</name>
         <load_address>0x79fa</load_address>
         <run_address>0x79fa</run_address>
         <size>0x123</size>
         <input_file_ref idref="fl-40"/>
      </object_component>
      <object_component id="oc-f4">
         <name>.debug_info</name>
         <load_address>0x7b1d</load_address>
         <run_address>0x7b1d</run_address>
         <size>0x23d</size>
         <input_file_ref idref="fl-41"/>
      </object_component>
      <object_component id="oc-f8">
         <name>.debug_info</name>
         <load_address>0x7d5a</load_address>
         <run_address>0x7d5a</run_address>
         <size>0x11f</size>
         <input_file_ref idref="fl-42"/>
      </object_component>
      <object_component id="oc-fc">
         <name>.debug_info</name>
         <load_address>0x7e79</load_address>
         <run_address>0x7e79</run_address>
         <size>0x20b</size>
         <input_file_ref idref="fl-43"/>
      </object_component>
      <object_component id="oc-100">
         <name>.debug_info</name>
         <load_address>0x8084</load_address>
         <run_address>0x8084</run_address>
         <size>0x3ff</size>
         <input_file_ref idref="fl-44"/>
      </object_component>
      <object_component id="oc-104">
         <name>.debug_info</name>
         <load_address>0x8483</load_address>
         <run_address>0x8483</run_address>
         <size>0x3e1</size>
         <input_file_ref idref="fl-45"/>
      </object_component>
      <object_component id="oc-108">
         <name>.debug_info</name>
         <load_address>0x8864</load_address>
         <run_address>0x8864</run_address>
         <size>0x6c7</size>
         <input_file_ref idref="fl-46"/>
      </object_component>
      <object_component id="oc-10c">
         <name>.debug_info</name>
         <load_address>0x8f2b</load_address>
         <run_address>0x8f2b</run_address>
         <size>0x4b0</size>
         <input_file_ref idref="fl-47"/>
      </object_component>
      <object_component id="oc-110">
         <name>.debug_info</name>
         <load_address>0x93db</load_address>
         <run_address>0x93db</run_address>
         <size>0x419</size>
         <input_file_ref idref="fl-48"/>
      </object_component>
      <object_component id="oc-114">
         <name>.debug_info</name>
         <load_address>0x97f4</load_address>
         <run_address>0x97f4</run_address>
         <size>0xc2</size>
         <input_file_ref idref="fl-49"/>
      </object_component>
      <object_component id="oc-118">
         <name>.debug_info</name>
         <load_address>0x98b6</load_address>
         <run_address>0x98b6</run_address>
         <size>0x59c</size>
         <input_file_ref idref="fl-4a"/>
      </object_component>
      <object_component id="oc-11c">
         <name>.debug_info</name>
         <load_address>0x9e52</load_address>
         <run_address>0x9e52</run_address>
         <size>0xd2</size>
         <input_file_ref idref="fl-4b"/>
      </object_component>
      <object_component id="oc-120">
         <name>.debug_info</name>
         <load_address>0x9f24</load_address>
         <run_address>0x9f24</run_address>
         <size>0x681</size>
         <input_file_ref idref="fl-4c"/>
      </object_component>
      <object_component id="oc-124">
         <name>.debug_info</name>
         <load_address>0xa5a5</load_address>
         <run_address>0xa5a5</run_address>
         <size>0x9b4</size>
         <input_file_ref idref="fl-4d"/>
      </object_component>
      <object_component id="oc-128">
         <name>.debug_info</name>
         <load_address>0xaf59</load_address>
         <run_address>0xaf59</run_address>
         <size>0x170</size>
         <input_file_ref idref="fl-4e"/>
      </object_component>
      <object_component id="oc-12d">
         <name>.debug_info</name>
         <load_address>0xb0c9</load_address>
         <run_address>0xb0c9</run_address>
         <size>0xa09</size>
         <input_file_ref idref="fl-4f"/>
      </object_component>
      <object_component id="oc-131">
         <name>.debug_info</name>
         <load_address>0xbad2</load_address>
         <run_address>0xbad2</run_address>
         <size>0xc06</size>
         <input_file_ref idref="fl-50"/>
      </object_component>
      <object_component id="oc-137">
         <name>.debug_info</name>
         <load_address>0xc6d8</load_address>
         <run_address>0xc6d8</run_address>
         <size>0x99f</size>
         <input_file_ref idref="fl-51"/>
      </object_component>
      <object_component id="oc-13b">
         <name>.debug_info</name>
         <load_address>0xd077</load_address>
         <run_address>0xd077</run_address>
         <size>0x6b8</size>
         <input_file_ref idref="fl-52"/>
      </object_component>
      <object_component id="oc-13f">
         <name>.debug_info</name>
         <load_address>0xd72f</load_address>
         <run_address>0xd72f</run_address>
         <size>0x78a</size>
         <input_file_ref idref="fl-53"/>
      </object_component>
      <object_component id="oc-143">
         <name>.debug_info</name>
         <load_address>0xdeb9</load_address>
         <run_address>0xdeb9</run_address>
         <size>0x7e</size>
         <input_file_ref idref="fl-54"/>
      </object_component>
      <object_component id="oc-147">
         <name>.debug_info</name>
         <load_address>0xdf37</load_address>
         <run_address>0xdf37</run_address>
         <size>0x68e</size>
         <input_file_ref idref="fl-55"/>
      </object_component>
      <object_component id="oc-14d">
         <name>.debug_info</name>
         <load_address>0xe5c5</load_address>
         <run_address>0xe5c5</run_address>
         <size>0x4a4</size>
         <input_file_ref idref="fl-56"/>
      </object_component>
      <object_component id="oc-151">
         <name>.debug_info</name>
         <load_address>0xea69</load_address>
         <run_address>0xea69</run_address>
         <size>0x408</size>
         <input_file_ref idref="fl-57"/>
      </object_component>
      <object_component id="oc-15d">
         <name>.debug_info</name>
         <load_address>0xee71</load_address>
         <run_address>0xee71</run_address>
         <size>0xb3</size>
         <input_file_ref idref="fl-5c"/>
      </object_component>
      <object_component id="oc-163">
         <name>.debug_info</name>
         <load_address>0xef24</load_address>
         <run_address>0xef24</run_address>
         <size>0x8b3</size>
         <input_file_ref idref="fl-5d"/>
      </object_component>
      <object_component id="oc-167">
         <name>.debug_info</name>
         <load_address>0xf7d7</load_address>
         <run_address>0xf7d7</run_address>
         <size>0xac4</size>
         <input_file_ref idref="fl-5e"/>
      </object_component>
      <object_component id="oc-16b">
         <name>.debug_info</name>
         <load_address>0x1029b</load_address>
[...]
         <object_component_ref idref="oc-10a"/>
      </symbol>
      <symbol id="sm-54c">
         <name>_CLK_timer2arg</name>
         <value>0x36e8</value>
         <object_component_ref idref="oc-10a"/>
      </symbol>
      <symbol id="sm-556">
         <name>_CLK_wdogdisable</name>
         <value>0x214c</value>
         <object_component_ref idref="oc-10e"/>
      </symbol>
      <symbol id="sm-560">
         <name>GBL_A_VERSION</name>
         <value>0x5205</value>
      </symbol>
      <symbol id="sm-561">
         <name>_GBL_getVersion</name>
         <value>0x213f</value>
         <object_component_ref idref="oc-112"/>
      </symbol>
      <symbol id="sm-56b">
         <name>_HWI_restore</name>
         <value>0x20ec</value>
         <object_component_ref idref="oc-116"/>
      </symbol>
      <symbol id="sm-56c">
         <name>_HWI_enable</name>
         <value>0x20e8</value>
         <object_component_ref idref="oc-116"/>
      </symbol>
      <symbol id="sm-56d">
         <name>_HWI_disable</name>
         <value>0x20d8</value>
         <object_component_ref idref="oc-116"/>
      </symbol>
      <symbol id="sm-577">
         <name>_IDL_calibrate</name>
         <value>0x1f1f</value>
         <object_component_ref idref="oc-11a"/>
      </symbol>
      <symbol id="sm-581">
         <name>_CLK_measure</name>
         <value>0x1be4</value>
         <object_component_ref idref="oc-11e"/>
      </symbol>
      <symbol id="sm-58b">
         <name>_KNL_exit</name>
         <value>0x1c8c</value>
         <object_component_ref idref="oc-122"/>
      </symbol>
      <symbol id="sm-58c">
         <name>_KNL_enter</name>
         <value>0x1c4c</value>
         <object_component_ref idref="oc-122"/>
      </symbol>
      <symbol id="sm-596">
         <name>_KNL_max</name>
         <value>0x1a30</value>
         <object_component_ref idref="oc-126"/>
      </symbol>
      <symbol id="sm-597">
         <name>_KNL_check</name>
         <value>0x19b8</value>
         <object_component_ref idref="oc-126"/>
      </symbol>
      <symbol id="sm-598">
         <name>_KNL_idle</name>
         <value>0x1a13</value>
         <object_component_ref idref="oc-126"/>
      </symbol>
      <symbol id="sm-5a4">
         <name>_KNL_maxqueue</name>
         <value>0x3574</value>
         <object_component_ref idref="oc-12a"/>
      </symbol>
      <symbol id="sm-5a5">
         <name>_KNL_inactive</name>
         <value>0x3528</value>
         <object_component_ref idref="oc-12a"/>
      </symbol>
      <symbol id="sm-5a6">
         <name>_KNL_tswitchfxn</name>
         <value>0x3578</value>
         <object_component_ref idref="oc-12a"/>
      </symbol>
      <symbol id="sm-5a7">
         <name>_KNL_setpri</name>
         <value>0x3524</value>
         <object_component_ref idref="oc-12a"/>
      </symbol>
      <symbol id="sm-5a8">
         <name>_KNL_swiptr</name>
         <value>0x356c</value>
         <object_component_ref idref="oc-12a"/>
      </symbol>
      <symbol id="sm-5a9">
         <name>_KNL_dummy</name>
         <value>0x3530</value>
         <object_component_ref idref="oc-12a"/>
      </symbol>
      <symbol id="sm-5aa">
         <name>_KNL_curtask</name>
         <value>0x3560</value>
         <object_component_ref idref="oc-12a"/>
      </symbol>
      <symbol id="sm-5ab">
         <name>_KNL_curqueue</name>
         <value>0x3570</value>
         <object_component_ref idref="oc-12a"/>
      </symbol>
      <symbol id="sm-5ac">
         <name>_KNL_wList</name>
         <value>0x351c</value>
         <object_component_ref idref="oc-12a"/>
      </symbol>
      <symbol id="sm-5ad">
         <name>_KNL_curtime</name>
         <value>0x3568</value>
         <object_component_ref idref="oc-12a"/>
      </symbol>
      <symbol id="sm-5ae">
         <name>_KNL_set</name>
         <value>0x347a</value>
         <object_component_ref idref="oc-12a"/>
      </symbol>
      <symbol id="sm-5af">
         <name>_KNL_alarm</name>
         <value>0x3520</value>
         <object_component_ref idref="oc-12a"/>
      </symbol>
      <symbol id="sm-5b0">
         <name>_KNL_prevtask</name>
         <value>0x3564</value>
         <object_component_ref idref="oc-12a"/>
      </symbol>
      <symbol id="sm-5b1">
         <name>_KNL_queues</name>
         <value>0x347c</value>
         <object_component_ref idref="oc-12a"/>
      </symbol>
      <symbol id="sm-5b2">
         <name>_KNL_idlefxn</name>
         <value>0x3588</value>
         <object_component_ref idref="oc-12a"/>
      </symbol>
      <symbol id="sm-5b3">
         <name>_KNL_priority</name>
         <value>0x352c</value>
         <object_component_ref idref="oc-12a"/>
      </symbol>
      <symbol id="sm-5b4">
         <name>_KNL_treadyfxn</name>
         <value>0x3584</value>
         <object_component_ref idref="oc-12a"/>
      </symbol>
      <symbol id="sm-5b5">
         <name>_KNL_tcreatefxn</name>
         <value>0x357c</value>
         <object_component_ref idref="oc-12a"/>
      </symbol>
      <symbol id="sm-5b6">
         <name>_KNL_wFlag</name>
         <value>0x3478</value>
         <object_component_ref idref="oc-12a"/>
      </symbol>
      <symbol id="sm-5b7">
         <name>_KNL_tdeletefxn</name>
         <value>0x3580</value>
         <object_component_ref idref="oc-12a"/>
      </symbol>
      <symbol id="sm-5c1">
         <name>_KNL_run</name>
         <value>0xeac</value>
         <object_component_ref idref="oc-12f"/>
      </symbol>
      <symbol id="sm-5cf">
         <name>_KNL_tick</name>
         <value>0x1168</value>
         <object_component_ref idref="oc-135"/>
      </symbol>
      <symbol id="sm-5d9">
         <name>_KNL_post</name>
         <value>0x1fe0</value>
         <object_component_ref idref="oc-139"/>
      </symbol>
      <symbol id="sm-5e3">
         <name>_KNL_ipost</name>
         <value>0x1cac</value>
         <object_component_ref idref="oc-13d"/>
      </symbol>
      <symbol id="sm-5ed">
         <name>_MEM</name>
         <value>0x3730</value>
         <object_component_ref idref="oc-141"/>
      </symbol>
      <symbol id="sm-5f7">
         <name>_MEM_init</name>
         <value>0x7be4</value>
         <object_component_ref idref="oc-145"/>
      </symbol>
      <symbol id="sm-605">
         <name>_OBJ_table</name>
         <value>0x363c</value>
         <object_component_ref idref="oc-149"/>
      </symbol>
      <symbol id="sm-606">
         <name>_OBJ_init</name>
         <value>0x7f30</value>
         <object_component_ref idref="oc-14b"/>
      </symbol>
      <symbol id="sm-607">
         <name>_OBJ_segtab</name>
         <value>0x3674</value>
         <object_component_ref idref="oc-149"/>
      </symbol>
      <symbol id="sm-611">
         <name>_RTDX_Buffer_Start</name>
         <value>0x817c</value>
         <object_component_ref idref="oc-14f"/>
      </symbol>
      <symbol id="sm-612">
         <name>_RTDX_Buffer_End</name>
         <value>0x8180</value>
         <object_component_ref idref="oc-14f"/>
      </symbol>
      <symbol id="sm-618">
         <name>_RTDX_Buffer_ReadCB</name>
         <value>0x6676</value>
         <object_component_ref idref="oc-1e9"/>
      </symbol>
      <symbol id="sm-619">
         <name>_RTDX_Buffer_Read</name>
         <value>0x6762</value>
         <object_component_ref idref="oc-1e0"/>
      </symbol>
      <symbol id="sm-631">
         <name>_rtdx_buffer_state</name>
         <value>0x815c</value>
         <object_component_ref idref="oc-155"/>
      </symbol>
      <symbol id="sm-632">
         <name>_RTDX_Buffer_WriteCB</name>
         <value>0x6077</value>
         <object_component_ref idref="oc-1ea"/>
      </symbol>
      <symbol id="sm-633">
         <name>_rtdxNullChanCnt</name>
         <value>0x3710</value>
         <object_component_ref idref="oc-153"/>
      </symbol>
      <symbol id="sm-634">
         <name>_RTDX_writing</name>
         <value>0x8168</value>
         <object_component_ref idref="oc-155"/>
      </symbol>
      <symbol id="sm-635">
         <name>_RTDX_Buffer_Initialize</name>
         <value>0x6623</value>
         <object_component_ref idref="oc-1e2"/>
      </symbol>
      <symbol id="sm-636">
         <name>_RTDX_Buffer_Write</name>
         <value>0x67a2</value>
         <object_component_ref idref="oc-1e1"/>
      </symbol>
      <symbol id="sm-637">
         <name>_rtdxNullFuncCnt</name>
         <value>0x3712</value>
         <object_component_ref idref="oc-153"/>
      </symbol>
      <symbol id="sm-638">
         <name>_RTDX_Buffer_Size</name>
         <value>0x66fd</value>
         <object_component_ref idref="oc-1ed"/>
      </symbol>
      <symbol id="sm-652">
         <name>_RTDX_LMM</name>
         <value>0x1</value>
      </symbol>
      <symbol id="sm-653">
         <name>_RTDX_Mon_Queue</name>
         <value>0x6536</value>
         <object_component_ref idref="oc-1f0"/>
      </symbol>
      <symbol id="sm-654">
         <name>_rtdx_mon_state</name>
         <value>0x8138</value>
         <object_component_ref idref="oc-158"/>
      </symbol>
      <symbol id="sm-655">
         <name>_RTDX_JTAGONLY</name>
         <value>0x3</value>
      </symbol>
      <symbol id="sm-656">
         <name>_RTDX_Final_RT_Monitor</name>
         <value>0x66c1</value>
         <object_component_ref idref="oc-1ec"/>
      </symbol>
      <symbol id="sm-657">
         <name>_RTDX_Poll</name>
         <value>0x6302</value>
         <object_component_ref idref="oc-1dd"/>
      </symbol>
      <symbol id="sm-658">
         <name>_RTDX_H2TPoll</name>
         <value>0x65be</value>
         <object_component_ref idref="oc-1de"/>
      </symbol>
      <symbol id="sm-659">
         <name>_RTDX_Init_RT_Monitor</name>
         <value>0x61f3</value>
         <object_component_ref idref="oc-1e3"/>
      </symbol>
      <symbol id="sm-65f">
         <name>_RTDX_Set_IER</name>
         <value>0x6784</value>
         <object_component_ref idref="oc-1e8"/>
      </symbol>
      <symbol id="sm-660">
         <name>_RTDX_Mask_IER</name>
         <value>0x6738</value>
         <object_component_ref idref="oc-1e4"/>
      </symbol>
      <symbol id="sm-66a">
         <name>_STS_set</name>
         <value>0x2138</value>
         <object_component_ref idref="oc-15b"/>
      </symbol>
      <symbol id="sm-678">
         <name>_TSK_nTasks</name>
         <value>0x358c</value>
         <object_component_ref idref="oc-15f"/>
      </symbol>
      <symbol id="sm-679">
         <name>_TSK_config</name>
         <value>0x35ac</value>
         <object_component_ref idref="oc-15f"/>
      </symbol>
      <symbol id="sm-67a">
         <name>_TSK</name>
         <value>0x35c8</value>
         <object_component_ref idref="oc-15f"/>
      </symbol>
      <symbol id="sm-67b">
         <name>_TSK_timerSem</name>
         <value>0x35cc</value>
         <object_component_ref idref="oc-15f"/>
      </symbol>
      <symbol id="sm-67c">
         <name>_TSK_pid</name>
         <value>0x358e</value>
         <object_component_ref idref="oc-15f"/>
      </symbol>
      <symbol id="sm-67d">
         <name>_TSK_ATTRS</name>
         <value>0x3590</value>
         <object_component_ref idref="oc-15f"/>
      </symbol>
      <symbol id="sm-687">
         <name>_TSK_exit</name>
         <value>0x15d4</value>
         <object_component_ref idref="oc-165"/>
      </symbol>
      <symbol id="sm-691">
         <name>_SYS_exit</name>
         <value>0x1e90</value>
         <object_component_ref idref="oc-169"/>
      </symbol>
      <symbol id="sm-69d">
         <name>_SYS_exitStack</name>
         <value>0x3684</value>
         <object_component_ref idref="oc-16d"/>
      </symbol>
      <symbol id="sm-69e">
         <name>_SYS_exitStackPtr</name>
         <value>0x36a4</value>
         <object_component_ref idref="oc-16d"/>
      </symbol>
      <symbol id="sm-69f">
         <name>_SYS_exitStackTop</name>
         <value>0x36a8</value>
         <object_component_ref idref="oc-16d"/>
      </symbol>
      <symbol id="sm-6a9">
         <name>_TSK_init</name>
         <value>0x7dcc</value>
         <object_component_ref idref="oc-172"/>
      </symbol>
      <symbol id="sm-6b3">
         <name>_TSK_setup</name>
         <value>0x16cc</value>
         <object_component_ref idref="oc-176"/>
      </symbol>
      <symbol id="sm-6c5">
         <name>__MEM_mutex</name>
         <value>0x3614</value>
         <object_component_ref idref="oc-17b"/>
      </symbol>
      <symbol id="sm-6c6">
         <name>_TSK_startup</name>
         <value>0x1820</value>
         <object_component_ref idref="oc-17d"/>
      </symbol>
      <symbol id="sm-6c7">
         <name>__TSK_mutex</name>
         <value>0x35ec</value>
         <object_component_ref idref="oc-17b"/>
      </symbol>
      <symbol id="sm-6d1">
         <name>_LCK_pend</name>
         <value>0x1d28</value>
         <object_component_ref idref="oc-182"/>
      </symbol>
      <symbol id="sm-6d2">
         <name>_LCK_post</name>
         <value>0x1d08</value>
         <object_component_ref idref="oc-182"/>
      </symbol>
      <symbol id="sm-6dc">
         <name>_SEM_pend</name>
         <value>0x1db1</value>
         <object_component_ref idref="oc-186"/>
      </symbol>
      <symbol id="sm-6e6">
         <name>_SEM_pendEnterKnl</name>
         <value>0xb98</value>
         <object_component_ref idref="oc-18a"/>
      </symbol>
      <symbol id="sm-6f0">
         <name>_SEM_postBinary</name>
         <value>0x1b5f</value>
         <object_component_ref idref="oc-18e"/>
      </symbol>
      <symbol id="sm-6f1">
         <name>_SEM_post</name>
         <value>0x1b5f</value>
         <object_component_ref idref="oc-18e"/>
      </symbol>
      <symbol id="sm-6fb">
         <name>_SEM_postEnterKnl</name>
         <value>0x1e00</value>
         <object_component_ref idref="oc-192"/>
      </symbol>
      <symbol id="sm-705">
         <name>_SYS_abort</name>
         <value>0x210c</value>
         <object_component_ref idref="oc-196"/>
      </symbol>
      <symbol id="sm-72d">
         <name>_USBSTK5515_I2C_reset</name>
         <value>0x27a9</value>
         <object_component_ref idref="oc-19a"/>
      </symbol>
      <symbol id="sm-72e">
         <name>_USBSTK5515_I2C_read</name>
         <value>0x2846</value>
         <object_component_ref idref="oc-19a"/>
      </symbol>
      <symbol id="sm-72f">
         <name>_USBSTK5515_I2C_write</name>
         <value>0x27b7</value>
         <object_component_ref idref="oc-19a"/>
      </symbol>
      <symbol id="sm-730">
         <name>_USBSTK5515_I2C_close</name>
         <value>0x27a0</value>
         <object_component_ref idref="oc-19a"/>
      </symbol>
      <symbol id="sm-731">
         <name>_i2c_timeout</name>
         <value>0x3682</value>
         <object_component_ref idref="oc-19b"/>
      </symbol>
      <symbol id="sm-732">
         <name>_USBSTK5515_I2C_init</name>
         <value>0x2781</value>
         <object_component_ref idref="oc-19a"/>
      </symbol>
      <symbol id="sm-746">
         <name>_USBSTK5515_GPIO_setDirection</name>
         <value>0x262f</value>
         <object_component_ref idref="oc-1a1"/>
      </symbol>
      <symbol id="sm-747">
         <name>_USBSTK5515_GPIO_getInput</name>
         <value>0x2729</value>
         <object_component_ref idref="oc-1a1"/>
      </symbol>
      <symbol id="sm-748">
         <name>_USBSTK5515_GPIO_init</name>
         <value>0x262b</value>
         <object_component_ref idref="oc-1a1"/>
      </symbol>
      <symbol id="sm-749">
         <name>_USBSTK5515_GPIO_setOutput</name>
         <value>0x26ac</value>
         <object_component_ref idref="oc-1a1"/>
      </symbol>
      <symbol id="sm-757">
         <name>_USBSTK5515_wait</name>
         <value>0x2b30</value>
         <object_component_ref idref="oc-1a6"/>
      </symbol>
      <symbol id="sm-758">
         <name>_USBSTK5515_init</name>
         <value>0x2b76</value>
         <object_component_ref idref="oc-1a6"/>
      </symbol>
      <symbol id="sm-759">
         <name>_USBSTK5515_waitusec</name>
         <value>0x2b64</value>
         <object_component_ref idref="oc-1a6"/>
      </symbol>
      <symbol id="sm-763">
         <name>__SEM_dopost</name>
         <value>0x14d0</value>
         <object_component_ref idref="oc-1ab"/>
      </symbol>
      <symbol id="sm-76b">
         <name>__mpyli</name>
         <value>0x2c72</value>
         <object_component_ref idref="oc-1af"/>
      </symbol>
      <symbol id="sm-76c">
         <name>I$$LMPY</name>
         <value>0x2c72</value>
         <object_component_ref idref="oc-1af"/>
      </symbol>
      <symbol id="sm-77a">
         <name>__unlock</name>
         <value>0x3720</value>
         <object_component_ref idref="oc-1b4"/>
      </symbol>
      <symbol id="sm-77b">
         <name>__lock</name>
         <value>0x371c</value>
         <object_component_ref idref="oc-1b4"/>
      </symbol>
      <symbol id="sm-77c">
         <name>__register_lock</name>
         <value>0x2c9f</value>
         <object_component_ref idref="oc-1b3"/>
      </symbol>
      <symbol id="sm-77d">
         <name>__nop</name>
         <value>0x2ca7</value>
         <object_component_ref idref="oc-1b3"/>
      </symbol>
      <symbol id="sm-77e">
         <name>__register_unlock</name>
         <value>0x2c97</value>
         <object_component_ref idref="oc-1b3"/>
      </symbol>
      <symbol id="sm-78c">
         <name>_atexit</name>
         <value>0x2a65</value>
         <object_component_ref idref="oc-1b9"/>
      </symbol>
      <symbol id="sm-78d">
         <name>___atexit_func_id__</name>
         <value>0x32f4</value>
         <object_component_ref idref="oc-1ba"/>
      </symbol>
      <symbol id="sm-79b">
         <name>_dtors</name>
         <value>0x3734</value>
         <object_component_ref idref="oc-1c0"/>
      </symbol>
      <symbol id="sm-79c">
         <name>_call_dtors</name>
         <value>0x29f0</value>
         <object_component_ref idref="oc-1bf"/>
      </symbol>
      <symbol id="sm-79d">
         <name>___add_dtor</name>
         <value>0x2a46</value>
         <object_component_ref idref="oc-1bf"/>
      </symbol>
      <symbol id="sm-7ad">
         <name>C$$EXIT</name>
         <value>0x2cbb</value>
         <object_component_ref idref="oc-1c9"/>
      </symbol>
      <symbol id="sm-7ae">
         <name>_exit</name>
         <value>0x2c16</value>
         <object_component_ref idref="oc-1c5"/>
      </symbol>
      <symbol id="sm-7af">
         <name>_abort</name>
         <value>0x2cba</value>
         <object_component_ref idref="oc-1c9"/>
      </symbol>
      <symbol id="sm-7b0">
         <name>__cleanup_ptr</name>
         <value>0x3724</value>
         <object_component_ref idref="oc-1c6"/>
      </symbol>
      <symbol id="sm-7b1">
         <name>__dtors_ptr</name>
         <value>0x3728</value>
         <object_component_ref idref="oc-1c6"/>
      </symbol>
      <symbol id="sm-7bb">
         <name>_auto_init</name>
         <value>0x7e50</value>
         <object_component_ref idref="oc-1cc"/>
      </symbol>
      <symbol id="sm-7c3">
         <name>_memcpy</name>
         <value>0x2bd7</value>
         <object_component_ref idref="oc-1d0"/>
      </symbol>
      <symbol id="sm-7cd">
         <name>_memset</name>
         <value>0x2ca9</value>
         <object_component_ref idref="oc-1d4"/>
      </symbol>
      <symbol id="sm-7d7">
         <name>iRTA_F_or</name>
         <value>0x1f92</value>
         <object_component_ref idref="oc-1d8"/>
      </symbol>
      <symbol id="sm-7d8">
         <name>RTA_F_or</name>
         <value>0x1f7b</value>
         <object_component_ref idref="oc-1d8"/>
      </symbol>
      <symbol id="sm-7d9">
         <name>RTA_F_andn</name>
         <value>0x1f65</value>
         <object_component_ref idref="oc-1d8"/>
      </symbol>
   </symbol_table>
</link_info>
